#################################################################
# If you used AutoDock Vina in your work, please cite:          #
#                                                               #
# O. Trott, A. J. Olson,                                        #
# AutoDock Vina: improving the speed and accuracy of docking    #
# with a new scoring function, efficient optimization and       #
# multithreading, Journal of Computational Chemistry 31 (2010)  #
# 455-461                                                       #
#                                                               #
# DOI 10.1002/jcc.21334                                         #
#                                                               #
# Please see http://vina.scripps.edu for more information.      #
#################################################################

Reading input ... done.
Setting up the scoring function ... done.
Analyzing the binding site ... done.
Using random seed: 477
Performing search ... done.
Refining results ... done.

mode |   affinity | dist from best mode
     | (kcal/mol) | rmsd l.b.| rmsd u.b.
-----+------------+----------+----------
   1         -5.8      0.000      0.000
   2         -5.8      0.348      1.650
   3         -5.8      3.825      4.752
   4         -5.7      1.568      2.104
   5         -5.7      2.348      4.991
   6         -5.7      2.664      3.352
   7         -5.6      3.401      4.948
   8         -5.6      3.174      4.842
   9         -5.5      3.322      5.542
Writing output ... done.
