#################################################################
# If you used AutoDock Vina in your work, please cite:          #
#                                                               #
# O. Trott, A. J. Olson,                                        #
# AutoDock Vina: improving the speed and accuracy of docking    #
# with a new scoring function, efficient optimization and       #
# multithreading, Journal of Computational Chemistry 31 (2010)  #
# 455-461                                                       #
#                                                               #
# DOI 10.1002/jcc.21334                                         #
#                                                               #
# Please see http://vina.scripps.edu for more information.      #
#################################################################

Reading input ... done.
Setting up the scoring function ... done.
Analyzing the binding site ... done.
Using random seed: 11069
Performing search ... done.
Refining results ... done.

mode |   affinity | dist from best mode
     | (kcal/mol) | rmsd l.b.| rmsd u.b.
-----+------------+----------+----------
   1         -6.2      0.000      0.000
   2         -6.1      4.113      5.045
   3         -5.9      1.518      5.231
   4         -5.9      4.146      4.971
   5         -5.8      3.477      4.464
   6         -5.8      3.573      5.184
   7         -5.6      1.410      5.507
   8         -5.6      2.653      5.815
   9         -5.6      2.312      2.821
Writing output ... done.
