#################################################################
# If you used AutoDock Vina in your work, please cite:          #
#                                                               #
# O. Trott, A. J. Olson,                                        #
# AutoDock Vina: improving the speed and accuracy of docking    #
# with a new scoring function, efficient optimization and       #
# multithreading, Journal of Computational Chemistry 31 (2010)  #
# 455-461                                                       #
#                                                               #
# DOI 10.1002/jcc.21334                                         #
#                                                               #
# Please see http://vina.scripps.edu for more information.      #
#################################################################

Reading input ... done.
Setting up the scoring function ... done.
Analyzing the binding site ... done.
Using random seed: 17691
Performing search ... done.
Refining results ... done.

mode |   affinity | dist from best mode
     | (kcal/mol) | rmsd l.b.| rmsd u.b.
-----+------------+----------+----------
   1         -7.5      0.000      0.000
   2         -7.5      0.013      1.848
   3         -7.1      1.769      6.354
   4         -7.0      1.601      6.831
   5         -7.0      1.599      6.652
   6         -6.8      1.464      2.733
   7         -6.8      2.692      4.610
   8         -6.8      2.693      4.464
   9         -6.7      3.074      6.572
Writing output ... done.
