#################################################################
# If you used AutoDock Vina in your work, please cite:          #
#                                                               #
# O. Trott, A. J. Olson,                                        #
# AutoDock Vina: improving the speed and accuracy of docking    #
# with a new scoring function, efficient optimization and       #
# multithreading, Journal of Computational Chemistry 31 (2010)  #
# 455-461                                                       #
#                                                               #
# DOI 10.1002/jcc.21334                                         #
#                                                               #
# Please see http://vina.scripps.edu for more information.      #
#################################################################

Reading input ... done.
Setting up the scoring function ... done.
Analyzing the binding site ... done.
Using random seed: 1217
Performing search ... done.
Refining results ... done.

mode |   affinity | dist from best mode
     | (kcal/mol) | rmsd l.b.| rmsd u.b.
-----+------------+----------+----------
   1         -4.1      0.000      0.000
   2         -4.0      4.219      5.191
   3         -3.9      1.531      2.632
   4         -3.9      2.109      3.594
   5         -3.8      2.508      4.032
   6         -3.8      1.994      2.157
   7         -3.7      2.061      2.609
   8         -3.7      2.098      2.432
   9         -3.7      2.640      4.220
Writing output ... done.
