#################################################################
# If you used AutoDock Vina in your work, please cite:          #
#                                                               #
# O. Trott, A. J. Olson,                                        #
# AutoDock Vina: improving the speed and accuracy of docking    #
# with a new scoring function, efficient optimization and       #
# multithreading, Journal of Computational Chemistry 31 (2010)  #
# 455-461                                                       #
#                                                               #
# DOI 10.1002/jcc.21334                                         #
#                                                               #
# Please see http://vina.scripps.edu for more information.      #
#################################################################

Reading input ... done.
Setting up the scoring function ... done.
Analyzing the binding site ... done.
Using random seed: 12144
Performing search ... done.
Refining results ... done.

mode |   affinity | dist from best mode
     | (kcal/mol) | rmsd l.b.| rmsd u.b.
-----+------------+----------+----------
   1         -4.5      0.000      0.000
   2         -4.4      3.297      4.481
   3         -4.3      5.395      5.803
   4         -4.2      1.656      1.928
   5         -4.2      2.957      3.771
   6         -4.2      4.450      5.499
   7         -4.2      4.320      4.816
   8         -4.1      3.185      4.737
   9         -4.1      3.808      4.689
Writing output ... done.
