#################################################################
# If you used AutoDock Vina in your work, please cite:          #
#                                                               #
# O. Trott, A. J. Olson,                                        #
# AutoDock Vina: improving the speed and accuracy of docking    #
# with a new scoring function, efficient optimization and       #
# multithreading, Journal of Computational Chemistry 31 (2010)  #
# 455-461                                                       #
#                                                               #
# DOI 10.1002/jcc.21334                                         #
#                                                               #
# Please see http://vina.scripps.edu for more information.      #
#################################################################

Reading input ... done.
Setting up the scoring function ... done.
Analyzing the binding site ... done.
Using random seed: 14896
Performing search ... done.
Refining results ... done.

mode |   affinity | dist from best mode
     | (kcal/mol) | rmsd l.b.| rmsd u.b.
-----+------------+----------+----------
   1        -19.3      0.000      0.000
   2        -18.7      1.120      2.059
   3        -18.7      2.227      6.955
   4        -18.5      1.296      2.152
   5        -18.4      2.182      2.528
   6        -18.4      2.178      7.035
   7        -18.4      1.600      2.256
   8        -17.7      2.622      2.985
   9        -17.3      1.496      6.994
Writing output ... done.
