#################################################################
# If you used AutoDock Vina in your work, please cite:          #
#                                                               #
# O. Trott, A. J. Olson,                                        #
# AutoDock Vina: improving the speed and accuracy of docking    #
# with a new scoring function, efficient optimization and       #
# multithreading, Journal of Computational Chemistry 31 (2010)  #
# 455-461                                                       #
#                                                               #
# DOI 10.1002/jcc.21334                                         #
#                                                               #
# Please see http://vina.scripps.edu for more information.      #
#################################################################

Reading input ... done.
Setting up the scoring function ... done.
Analyzing the binding site ... done.
Using random seed: 22850
Performing search ... done.
Refining results ... done.

mode |   affinity | dist from best mode
     | (kcal/mol) | rmsd l.b.| rmsd u.b.
-----+------------+----------+----------
   1        -19.0      0.000      0.000
   2        -18.8      1.220      2.120
   3        -18.7      2.310      6.944
   4        -18.4      2.020      2.643
   5        -18.4      1.194      2.085
   6        -18.3      2.256      7.022
   7        -18.3      1.576      2.058
   8        -18.3      2.184      2.690
   9        -18.1      2.221      3.055
Writing output ... done.
