#################################################################
# If you used AutoDock Vina in your work, please cite:          #
#                                                               #
# O. Trott, A. J. Olson,                                        #
# AutoDock Vina: improving the speed and accuracy of docking    #
# with a new scoring function, efficient optimization and       #
# multithreading, Journal of Computational Chemistry 31 (2010)  #
# 455-461                                                       #
#                                                               #
# DOI 10.1002/jcc.21334                                         #
#                                                               #
# Please see http://vina.scripps.edu for more information.      #
#################################################################

Reading input ... done.
Setting up the scoring function ... done.
Analyzing the binding site ... done.
Using random seed: 24102
Performing search ... done.
Refining results ... done.

mode |   affinity | dist from best mode
     | (kcal/mol) | rmsd l.b.| rmsd u.b.
-----+------------+----------+----------
   1        -18.5      0.000      0.000
   2        -18.3      1.590      2.023
   3        -18.0      3.632      6.986
   4        -17.8      2.183      3.156
   5        -17.8      1.157      1.277
   6        -17.7      3.482      6.842
   7        -17.7      4.465      7.138
   8        -17.6      1.443      2.053
   9        -17.6      2.253      3.151
Writing output ... done.
