#################################################################
# If you used AutoDock Vina in your work, please cite:          #
#                                                               #
# O. Trott, A. J. Olson,                                        #
# AutoDock Vina: improving the speed and accuracy of docking    #
# with a new scoring function, efficient optimization and       #
# multithreading, Journal of Computational Chemistry 31 (2010)  #
# 455-461                                                       #
#                                                               #
# DOI 10.1002/jcc.21334                                         #
#                                                               #
# Please see http://vina.scripps.edu for more information.      #
#################################################################

Reading input ... done.
Setting up the scoring function ... done.
Analyzing the binding site ... done.
Using random seed: 32389
Performing search ... done.
Refining results ... done.

mode |   affinity | dist from best mode
     | (kcal/mol) | rmsd l.b.| rmsd u.b.
-----+------------+----------+----------
   1        -18.4      0.000      0.000
   2        -18.3      1.566      2.012
   3        -18.2      1.070      1.281
   4        -18.0      3.643      7.001
   5        -17.9      2.167      3.139
   6        -17.9      1.513      1.981
   7        -17.5      3.163      6.403
   8        -17.5      2.668      3.781
   9        -17.4      2.263      3.617
Writing output ... done.
