#################################################################
# If you used AutoDock Vina in your work, please cite:          #
#                                                               #
# O. Trott, A. J. Olson,                                        #
# AutoDock Vina: improving the speed and accuracy of docking    #
# with a new scoring function, efficient optimization and       #
# multithreading, Journal of Computational Chemistry 31 (2010)  #
# 455-461                                                       #
#                                                               #
# DOI 10.1002/jcc.21334                                         #
#                                                               #
# Please see http://vina.scripps.edu for more information.      #
#################################################################

Reading input ... done.
Setting up the scoring function ... done.
Analyzing the binding site ... done.
Using random seed: 15872
Performing search ... done.
Refining results ... done.

mode |   affinity | dist from best mode
     | (kcal/mol) | rmsd l.b.| rmsd u.b.
-----+------------+----------+----------
   1        -17.7      0.000      0.000
   2        -17.5      3.834      5.401
   3        -17.5      0.166      1.465
   4        -17.5      3.817      5.204
   5        -17.5      1.194      1.558
   6        -17.4      1.015      1.061
   7        -17.4      1.023      1.796
   8        -17.4      0.260      1.003
   9        -17.3      1.172      2.052
Writing output ... done.
