#################################################################
# If you used AutoDock Vina in your work, please cite:          #
#                                                               #
# O. Trott, A. J. Olson,                                        #
# AutoDock Vina: improving the speed and accuracy of docking    #
# with a new scoring function, efficient optimization and       #
# multithreading, Journal of Computational Chemistry 31 (2010)  #
# 455-461                                                       #
#                                                               #
# DOI 10.1002/jcc.21334                                         #
#                                                               #
# Please see http://vina.scripps.edu for more information.      #
#################################################################

Reading input ... done.
Setting up the scoring function ... done.
Analyzing the binding site ... done.
Using random seed: 17255
Performing search ... done.
Refining results ... done.

mode |   affinity | dist from best mode
     | (kcal/mol) | rmsd l.b.| rmsd u.b.
-----+------------+----------+----------
   1        -17.6      0.000      0.000
   2        -17.6      3.801      5.239
   3        -17.5      3.794      5.439
   4        -17.5      1.127      1.974
   5        -17.4      0.089      1.459
   6        -17.3      1.114      1.485
   7        -17.2      4.031      5.697
   8        -17.1      4.009      5.338
   9        -17.0      1.909      2.715
Writing output ... done.
