#################################################################
# If you used AutoDock Vina in your work, please cite:          #
#                                                               #
# O. Trott, A. J. Olson,                                        #
# AutoDock Vina: improving the speed and accuracy of docking    #
# with a new scoring function, efficient optimization and       #
# multithreading, Journal of Computational Chemistry 31 (2010)  #
# 455-461                                                       #
#                                                               #
# DOI 10.1002/jcc.21334                                         #
#                                                               #
# Please see http://vina.scripps.edu for more information.      #
#################################################################

Reading input ... done.
Setting up the scoring function ... done.
Analyzing the binding site ... done.
Using random seed: 18535
Performing search ... done.
Refining results ... done.

mode |   affinity | dist from best mode
     | (kcal/mol) | rmsd l.b.| rmsd u.b.
-----+------------+----------+----------
   1        -17.6      0.000      0.000
   2        -17.5      3.772      5.356
   3        -17.5      3.773      5.183
   4        -17.5      1.103      1.393
   5        -17.4      0.118      1.461
   6        -17.4      1.012      1.372
   7        -17.4      1.156      2.023
   8        -17.2      1.165      2.024
   9        -17.1      1.144      1.190
Writing output ... done.
