#################################################################
# If you used AutoDock Vina in your work, please cite:          #
#                                                               #
# O. Trott, A. J. Olson,                                        #
# AutoDock Vina: improving the speed and accuracy of docking    #
# with a new scoring function, efficient optimization and       #
# multithreading, Journal of Computational Chemistry 31 (2010)  #
# 455-461                                                       #
#                                                               #
# DOI 10.1002/jcc.21334                                         #
#                                                               #
# Please see http://vina.scripps.edu for more information.      #
#################################################################

Reading input ... done.
Setting up the scoring function ... done.
Analyzing the binding site ... done.
Using random seed: 9572
Performing search ... done.
Refining results ... done.

mode |   affinity | dist from best mode
     | (kcal/mol) | rmsd l.b.| rmsd u.b.
-----+------------+----------+----------
   1         -3.0      0.000      0.000
   2         -3.0      1.904      2.162
   3         -2.9      1.899      2.335
   4         -2.9     18.180     18.581
   5         -2.7      2.511      3.271
   6         -2.7      2.522      2.958
   7         -2.7      3.058      3.507
   8         -2.6      2.152      2.299
   9         -2.6      2.000      2.062
Writing output ... done.
