#################################################################
# If you used AutoDock Vina in your work, please cite:          #
#                                                               #
# O. Trott, A. J. Olson,                                        #
# AutoDock Vina: improving the speed and accuracy of docking    #
# with a new scoring function, efficient optimization and       #
# multithreading, Journal of Computational Chemistry 31 (2010)  #
# 455-461                                                       #
#                                                               #
# DOI 10.1002/jcc.21334                                         #
#                                                               #
# Please see http://vina.scripps.edu for more information.      #
#################################################################

Reading input ... done.
Setting up the scoring function ... done.
Analyzing the binding site ... done.
Using random seed: 9715
Performing search ... done.
Refining results ... done.

mode |   affinity | dist from best mode
     | (kcal/mol) | rmsd l.b.| rmsd u.b.
-----+------------+----------+----------
   1         -3.0      0.000      0.000
   2         -3.0      1.911      2.320
   3         -3.0      1.907      2.166
   4         -2.7      2.516      2.958
   5         -2.7      3.123      3.200
   6         -2.7      2.997      3.412
   7         -2.6      1.960      2.011
   8         -2.5      3.289      3.504
   9         -2.5     12.247     12.675
Writing output ... done.
