#################################################################
# If you used AutoDock Vina in your work, please cite:          #
#                                                               #
# O. Trott, A. J. Olson,                                        #
# AutoDock Vina: improving the speed and accuracy of docking    #
# with a new scoring function, efficient optimization and       #
# multithreading, Journal of Computational Chemistry 31 (2010)  #
# 455-461                                                       #
#                                                               #
# DOI 10.1002/jcc.21334                                         #
#                                                               #
# Please see http://vina.scripps.edu for more information.      #
#################################################################

Reading input ... done.
Setting up the scoring function ... done.
Analyzing the binding site ... done.
Using random seed: 31104
Performing search ... done.
Refining results ... done.

mode |   affinity | dist from best mode
     | (kcal/mol) | rmsd l.b.| rmsd u.b.
-----+------------+----------+----------
   1        -18.3      0.000      0.000
   2        -18.2      1.119      2.183
   3        -18.2      1.107      1.761
   4        -17.5      1.931      2.315
   5        -17.5      4.920      7.317
   6        -17.0      0.816      2.161
   7        -17.0      0.830      1.929
   8        -16.8      4.520      6.155
   9        -16.7      4.570      7.099
Writing output ... done.
