#################################################################
# If you used AutoDock Vina in your work, please cite:          #
#                                                               #
# O. Trott, A. J. Olson,                                        #
# AutoDock Vina: improving the speed and accuracy of docking    #
# with a new scoring function, efficient optimization and       #
# multithreading, Journal of Computational Chemistry 31 (2010)  #
# 455-461                                                       #
#                                                               #
# DOI 10.1002/jcc.21334                                         #
#                                                               #
# Please see http://vina.scripps.edu for more information.      #
#################################################################

Reading input ... done.
Setting up the scoring function ... done.
Analyzing the binding site ... done.
Using random seed: 3103
Performing search ... done.
Refining results ... done.

mode |   affinity | dist from best mode
     | (kcal/mol) | rmsd l.b.| rmsd u.b.
-----+------------+----------+----------
   1        -18.3      0.000      0.000
   2        -18.3      0.203      1.307
   3        -18.2      1.048      2.164
   4        -18.1      1.087      1.710
   5        -17.3      4.854      7.252
   6        -17.2      1.682      1.969
   7        -17.1      0.697      2.020
   8        -16.8      4.014      6.520
   9        -16.7      4.282      6.107
Writing output ... done.
