#################################################################
# If you used AutoDock Vina in your work, please cite:          #
#                                                               #
# O. Trott, A. J. Olson,                                        #
# AutoDock Vina: improving the speed and accuracy of docking    #
# with a new scoring function, efficient optimization and       #
# multithreading, Journal of Computational Chemistry 31 (2010)  #
# 455-461                                                       #
#                                                               #
# DOI 10.1002/jcc.21334                                         #
#                                                               #
# Please see http://vina.scripps.edu for more information.      #
#################################################################

Reading input ... done.
Setting up the scoring function ... done.
Analyzing the binding site ... done.
Using random seed: 27291
Performing search ... done.
Refining results ... done.

mode |   affinity | dist from best mode
     | (kcal/mol) | rmsd l.b.| rmsd u.b.
-----+------------+----------+----------
   1         -6.1      0.000      0.000
   2         -6.0      0.125      1.676
   3         -5.9      1.493      1.560
   4         -5.9      3.091      4.767
   5         -5.9      3.071      4.912
   6         -5.8      2.994      4.028
   7         -5.7      3.517      4.813
   8         -5.7      3.607      4.825
   9         -5.6      2.282      4.964
Writing output ... done.
