#################################################################
# If you used AutoDock Vina in your work, please cite:          #
#                                                               #
# O. Trott, A. J. Olson,                                        #
# AutoDock Vina: improving the speed and accuracy of docking    #
# with a new scoring function, efficient optimization and       #
# multithreading, Journal of Computational Chemistry 31 (2010)  #
# 455-461                                                       #
#                                                               #
# DOI 10.1002/jcc.21334                                         #
#                                                               #
# Please see http://vina.scripps.edu for more information.      #
#################################################################

Reading input ... done.
Setting up the scoring function ... done.
Analyzing the binding site ... done.
Using random seed: 28543
Performing search ... done.
Refining results ... done.

mode |   affinity | dist from best mode
     | (kcal/mol) | rmsd l.b.| rmsd u.b.
-----+------------+----------+----------
   1        -18.5      0.000      0.000
   2        -17.9      2.123      5.598
   3        -17.9      1.748      5.420
   4        -17.8      0.790      2.121
   5        -17.7      2.160      5.448
   6        -17.2      1.443      2.285
   7        -17.2      1.496      5.812
   8        -17.1      2.553      3.636
   9        -17.1      2.460      5.130
Writing output ... done.
