#################################################################
# If you used AutoDock Vina in your work, please cite:          #
#                                                               #
# O. Trott, A. J. Olson,                                        #
# AutoDock Vina: improving the speed and accuracy of docking    #
# with a new scoring function, efficient optimization and       #
# multithreading, Journal of Computational Chemistry 31 (2010)  #
# 455-461                                                       #
#                                                               #
# DOI 10.1002/jcc.21334                                         #
#                                                               #
# Please see http://vina.scripps.edu for more information.      #
#################################################################

Reading input ... done.
Setting up the scoring function ... done.
Analyzing the binding site ... done.
Using random seed: 22128
Performing search ... done.
Refining results ... done.

mode |   affinity | dist from best mode
     | (kcal/mol) | rmsd l.b.| rmsd u.b.
-----+------------+----------+----------
   1        -18.9      0.000      0.000
   2        -18.5      3.155      6.828
   3        -18.2      2.739      6.836
   4        -18.1      2.365      6.240
   5        -18.1      2.810      5.558
   6        -17.9      2.650      6.654
   7        -17.7      2.560      5.791
   8        -17.6      3.774      6.016
   9        -17.6      3.070      6.547
Writing output ... done.
