#################################################################
# If you used AutoDock Vina in your work, please cite:          #
#                                                               #
# O. Trott, A. J. Olson,                                        #
# AutoDock Vina: improving the speed and accuracy of docking    #
# with a new scoring function, efficient optimization and       #
# multithreading, Journal of Computational Chemistry 31 (2010)  #
# 455-461                                                       #
#                                                               #
# DOI 10.1002/jcc.21334                                         #
#                                                               #
# Please see http://vina.scripps.edu for more information.      #
#################################################################

Reading input ... done.
Setting up the scoring function ... done.
Analyzing the binding site ... done.
Using random seed: 9451
Performing search ... done.
Refining results ... done.

mode |   affinity | dist from best mode
     | (kcal/mol) | rmsd l.b.| rmsd u.b.
-----+------------+----------+----------
   1        -19.0      0.000      0.000
   2        -18.6      3.343      6.743
   3        -18.2      2.360      6.208
   4        -18.2      2.925      6.963
   5        -18.0      0.938      1.629
   6        -17.9      2.716      6.613
   7        -17.6      2.922      5.778
   8        -17.6      4.032      6.635
   9        -17.3      3.719      5.864
Writing output ... done.
