#################################################################
# If you used AutoDock Vina in your work, please cite:          #
#                                                               #
# O. Trott, A. J. Olson,                                        #
# AutoDock Vina: improving the speed and accuracy of docking    #
# with a new scoring function, efficient optimization and       #
# multithreading, Journal of Computational Chemistry 31 (2010)  #
# 455-461                                                       #
#                                                               #
# DOI 10.1002/jcc.21334                                         #
#                                                               #
# Please see http://vina.scripps.edu for more information.      #
#################################################################

Reading input ... done.
Setting up the scoring function ... done.
Analyzing the binding site ... done.
Using random seed: 26453
Performing search ... done.
Refining results ... done.

mode |   affinity | dist from best mode
     | (kcal/mol) | rmsd l.b.| rmsd u.b.
-----+------------+----------+----------
   1        -18.9      0.000      0.000
   2        -18.2      3.019      6.841
   3        -18.1      0.936      1.830
   4        -18.1      2.546      5.696
   5        -18.1      3.028      6.943
   6        -17.9      2.930      6.820
   7        -17.8      3.010      7.099
   8        -17.8      2.724      6.712
   9        -17.7      3.713      5.728
Writing output ... done.
