#################################################################
# If you used AutoDock Vina in your work, please cite:          #
#                                                               #
# O. Trott, A. J. Olson,                                        #
# AutoDock Vina: improving the speed and accuracy of docking    #
# with a new scoring function, efficient optimization and       #
# multithreading, Journal of Computational Chemistry 31 (2010)  #
# 455-461                                                       #
#                                                               #
# DOI 10.1002/jcc.21334                                         #
#                                                               #
# Please see http://vina.scripps.edu for more information.      #
#################################################################

Reading input ... done.
Setting up the scoring function ... done.
Analyzing the binding site ... done.
Using random seed: 8886
Performing search ... done.
Refining results ... done.

mode |   affinity | dist from best mode
     | (kcal/mol) | rmsd l.b.| rmsd u.b.
-----+------------+----------+----------
   1        -23.1      0.000      0.000
   2        -23.1      0.112      1.779
   3        -22.6      1.238      1.512
   4        -21.9      1.600      1.979
   5        -21.9      4.373      6.573
   6        -21.8      4.365      6.575
   7        -21.4      4.425      6.741
   8        -21.4      4.424      6.738
   9        -21.2      4.204      7.453
Writing output ... done.
