#################################################################
# If you used AutoDock Vina in your work, please cite:          #
#                                                               #
# O. Trott, A. J. Olson,                                        #
# AutoDock Vina: improving the speed and accuracy of docking    #
# with a new scoring function, efficient optimization and       #
# multithreading, Journal of Computational Chemistry 31 (2010)  #
# 455-461                                                       #
#                                                               #
# DOI 10.1002/jcc.21334                                         #
#                                                               #
# Please see http://vina.scripps.edu for more information.      #
#################################################################

Reading input ... done.
Setting up the scoring function ... done.
Analyzing the binding site ... done.
Using random seed: 30114
Performing search ... done.
Refining results ... done.

mode |   affinity | dist from best mode
     | (kcal/mol) | rmsd l.b.| rmsd u.b.
-----+------------+----------+----------
   1        -23.2      0.000      0.000
   2        -23.2      0.171      1.782
   3        -22.0      4.372      6.564
   4        -22.0      4.365      6.572
   5        -21.5      4.385      6.780
   6        -21.5      3.364      6.214
   7        -21.3      4.182      7.429
   8        -21.2      3.994      6.582
   9        -21.1      3.545      4.753
Writing output ... done.
