#################################################################
# If you used AutoDock Vina in your work, please cite:          #
#                                                               #
# O. Trott, A. J. Olson,                                        #
# AutoDock Vina: improving the speed and accuracy of docking    #
# with a new scoring function, efficient optimization and       #
# multithreading, Journal of Computational Chemistry 31 (2010)  #
# 455-461                                                       #
#                                                               #
# DOI 10.1002/jcc.21334                                         #
#                                                               #
# Please see http://vina.scripps.edu for more information.      #
#################################################################

Reading input ... done.
Setting up the scoring function ... done.
Analyzing the binding site ... done.
Using random seed: 10669
Performing search ... done.
Refining results ... done.

mode |   affinity | dist from best mode
     | (kcal/mol) | rmsd l.b.| rmsd u.b.
-----+------------+----------+----------
   1        -21.0      0.000      0.000
   2        -20.9      0.942      1.444
   3        -20.9      0.942      2.342
   4        -20.8      1.463      2.440
   5        -20.8      1.455      1.956
   6        -20.4      1.541      2.860
   7        -20.3      1.537      2.406
   8        -19.8      2.782      6.752
   9        -19.7      2.775      6.596
Writing output ... done.
