#################################################################
# If you used AutoDock Vina in your work, please cite:          #
#                                                               #
# O. Trott, A. J. Olson,                                        #
# AutoDock Vina: improving the speed and accuracy of docking    #
# with a new scoring function, efficient optimization and       #
# multithreading, Journal of Computational Chemistry 31 (2010)  #
# 455-461                                                       #
#                                                               #
# DOI 10.1002/jcc.21334                                         #
#                                                               #
# Please see http://vina.scripps.edu for more information.      #
#################################################################

Reading input ... done.
Setting up the scoring function ... done.
Analyzing the binding site ... done.
Using random seed: 8189
Performing search ... done.
Refining results ... done.

mode |   affinity | dist from best mode
     | (kcal/mol) | rmsd l.b.| rmsd u.b.
-----+------------+----------+----------
   1        -21.0      0.000      0.000
   2        -20.9      0.947      1.446
   3        -20.9      0.946      2.343
   4        -20.8      1.450      2.432
   5        -20.4      1.545      2.858
   6        -20.3      1.521      2.389
   7        -20.1      1.370      1.998
   8        -19.9      1.759      2.529
   9        -19.8      1.873      3.394
Writing output ... done.
