#################################################################
# If you used AutoDock Vina in your work, please cite:          #
#                                                               #
# O. Trott, A. J. Olson,                                        #
# AutoDock Vina: improving the speed and accuracy of docking    #
# with a new scoring function, efficient optimization and       #
# multithreading, Journal of Computational Chemistry 31 (2010)  #
# 455-461                                                       #
#                                                               #
# DOI 10.1002/jcc.21334                                         #
#                                                               #
# Please see http://vina.scripps.edu for more information.      #
#################################################################

Reading input ... done.
Setting up the scoring function ... done.
Analyzing the binding site ... done.
Using random seed: 7119
Performing search ... done.
Refining results ... done.

mode |   affinity | dist from best mode
     | (kcal/mol) | rmsd l.b.| rmsd u.b.
-----+------------+----------+----------
   1        -21.0      0.000      0.000
   2        -21.0      0.021      1.848
   3        -20.9      1.360      2.112
   4        -20.4      1.329      2.307
   5        -20.1      1.788      2.265
   6        -19.9      1.929      2.727
   7        -19.8      2.868      6.694
   8        -19.7      1.910      2.793
   9        -19.6      1.682      3.100
Writing output ... done.
