#################################################################
# If you used AutoDock Vina in your work, please cite:          #
#                                                               #
# O. Trott, A. J. Olson,                                        #
# AutoDock Vina: improving the speed and accuracy of docking    #
# with a new scoring function, efficient optimization and       #
# multithreading, Journal of Computational Chemistry 31 (2010)  #
# 455-461                                                       #
#                                                               #
# DOI 10.1002/jcc.21334                                         #
#                                                               #
# Please see http://vina.scripps.edu for more information.      #
#################################################################

Reading input ... done.
Setting up the scoring function ... done.
Analyzing the binding site ... done.
Using random seed: 27159
Performing search ... done.
Refining results ... done.

mode |   affinity | dist from best mode
     | (kcal/mol) | rmsd l.b.| rmsd u.b.
-----+------------+----------+----------
   1         -7.8      0.000      0.000
   2         -7.7      5.213      7.362
   3         -7.4      2.555      4.056
   4         -7.2      2.775      4.256
   5         -7.1      3.995      6.160
   6         -7.1      3.990      5.944
   7         -7.0      5.313      7.556
   8         -7.0      2.468      4.131
   9         -6.9      2.687      4.054
Writing output ... done.
