#################################################################
# If you used AutoDock Vina in your work, please cite:          #
#                                                               #
# O. Trott, A. J. Olson,                                        #
# AutoDock Vina: improving the speed and accuracy of docking    #
# with a new scoring function, efficient optimization and       #
# multithreading, Journal of Computational Chemistry 31 (2010)  #
# 455-461                                                       #
#                                                               #
# DOI 10.1002/jcc.21334                                         #
#                                                               #
# Please see http://vina.scripps.edu for more information.      #
#################################################################

Reading input ... done.
Setting up the scoring function ... done.
Analyzing the binding site ... done.
Using random seed: 10925
Performing search ... done.
Refining results ... done.

mode |   affinity | dist from best mode
     | (kcal/mol) | rmsd l.b.| rmsd u.b.
-----+------------+----------+----------
   1        -18.0      0.000      0.000
   2        -17.9      1.021      1.923
   3        -17.7      1.800      5.641
   4        -17.4      1.019      1.036
   5        -17.4      2.054      5.367
   6        -17.2      0.678      2.283
   7        -17.1      1.283      2.200
   8        -17.1      1.092      2.119
   9        -16.8      2.734      5.779
Writing output ... done.
