#################################################################
# If you used AutoDock Vina in your work, please cite:          #
#                                                               #
# O. Trott, A. J. Olson,                                        #
# AutoDock Vina: improving the speed and accuracy of docking    #
# with a new scoring function, efficient optimization and       #
# multithreading, Journal of Computational Chemistry 31 (2010)  #
# 455-461                                                       #
#                                                               #
# DOI 10.1002/jcc.21334                                         #
#                                                               #
# Please see http://vina.scripps.edu for more information.      #
#################################################################

Reading input ... done.
Setting up the scoring function ... done.
Analyzing the binding site ... done.
Using random seed: 4287
Performing search ... done.
Refining results ... done.

mode |   affinity | dist from best mode
     | (kcal/mol) | rmsd l.b.| rmsd u.b.
-----+------------+----------+----------
   1        -18.1      0.000      0.000
   2        -18.0      1.024      1.927
   3        -17.7      1.818      5.708
   4        -17.5      1.156      1.446
   5        -17.3      1.210      1.721
   6        -17.2      2.031      5.438
   7        -17.2      0.775      2.278
   8        -17.1      1.136      2.205
   9        -17.0      2.713      5.732
Writing output ... done.
