********  (C) Copyright Rosetta Commons Member Institutions.  ***************
* Use of Rosetta for commercial purposes may require purchase of a license. *
********  See LICENSE.md or email license@uw.edu for more details. **********
core.init: Checking for fconfig files in pwd and ./rosetta/flags 
core.init: Rosetta version: rosetta.binary.ubuntu.release-408 r408 2025.37+release.df75a9c48e df75a9c48e763e52a7aa3f5dfba077f4da88dbf5 https://www.rosettacommons.org 2025-09-10T02:14:08.564791
core.init: Rosetta extras: []
core.init: command: /home/gbiuser/Downloads/rosetta.binary.ubuntu.release-408/main/source/bin/relax.default.linuxgccrelease -s ../PDE4D_dimer_prerelax.pdb -relax:thorough -relax:constrain_relax_to_start_coords -constraints:cst_file cst.cst -nstruct 1 -out:suffix _10 -out:file:silent relax_10.silent -out:file:silent_struct_type binary
basic.random.init_random_generator: 'RNG device' seed mode, using '/dev/urandom', seed=1978410781 seed_offset=0 real_seed=1978410781
basic.random.init_random_generator: RandomGenerator:init: Normal mode, seed=1978410781 RG_type=mt19937
core.init: Resolved executable path: /home/gbiuser/Downloads/rosetta.binary.ubuntu.release-408/main/source/build/src/release/linux/6.8/64/x86/gcc/11/default/relax.default.linuxgccrelease
core.init: Looking for database based on location of executable: /home/gbiuser/Downloads/rosetta.binary.ubuntu.release-408/main/database/
core.scoring.ScoreFunctionFactory: SCOREFUNCTION: ref2015
core.scoring.etable: Starting energy table calculation
core.scoring.etable: smooth_etable: changing atr/rep split to bottom of energy well
core.scoring.etable: smooth_etable: spline smoothing lj etables (maxdis = 6)
core.scoring.etable: smooth_etable: spline smoothing solvation etables (max_dis = 6)
core.scoring.etable: Finished calculating energy tables.
basic.io.database: Database file opened: scoring/score_functions/hbonds/ref2015_params/HBPoly1D.csv
basic.io.database: Database file opened: scoring/score_functions/hbonds/ref2015_params/HBFadeIntervals.csv
basic.io.database: Database file opened: scoring/score_functions/hbonds/ref2015_params/HBEval.csv
basic.io.database: Database file opened: scoring/score_functions/hbonds/ref2015_params/DonStrength.csv
basic.io.database: Database file opened: scoring/score_functions/hbonds/ref2015_params/AccStrength.csv
core.chemical.GlobalResidueTypeSet: Finished initializing fa_standard residue type set.  Created 985 residue types
core.chemical.GlobalResidueTypeSet: Total time to initialize 1.2258 seconds.
basic.io.database: Database file opened: scoring/score_functions/rama/fd/all.ramaProb
basic.io.database: Database file opened: scoring/score_functions/rama/fd/prepro.ramaProb
basic.io.database: Database file opened: scoring/score_functions/omega/omega_ppdep.all.txt
basic.io.database: Database file opened: scoring/score_functions/omega/omega_ppdep.gly.txt
basic.io.database: Database file opened: scoring/score_functions/omega/omega_ppdep.pro.txt
basic.io.database: Database file opened: scoring/score_functions/omega/omega_ppdep.valile.txt
basic.io.database: Database file opened: scoring/score_functions/P_AA_pp/P_AA
basic.io.database: Database file opened: scoring/score_functions/P_AA_pp/P_AA_n
core.scoring.P_AA: shapovalov_lib::shap_p_aa_pp_smooth_level of 1( aka low_smooth ) got activated.
basic.io.database: Database file opened: scoring/score_functions/P_AA_pp/shapovalov/10deg/kappa131/a20.prop
protocols.relax.RelaxScriptManager: Reading relax scripts list from database.
protocols.relax.RelaxScriptManager: Looking for MonomerRelax2019.txt
protocols.relax.RelaxScriptManager: ================== Reading script file: /home/gbiuser/Downloads/rosetta.binary.ubuntu.release-408/main/database/sampling/relax_scripts/MonomerRelax2019.txt ==================
protocols.relax.RelaxScriptManager: repeat %%nrepeats%%
protocols.relax.RelaxScriptManager: coord_cst_weight 1.0
protocols.relax.RelaxScriptManager: scale:fa_rep 0.040
protocols.relax.RelaxScriptManager: repack
protocols.relax.RelaxScriptManager: scale:fa_rep 0.051
protocols.relax.RelaxScriptManager: min 0.01
protocols.relax.RelaxScriptManager: coord_cst_weight 0.5
protocols.relax.RelaxScriptManager: scale:fa_rep 0.265
protocols.relax.RelaxScriptManager: repack
protocols.relax.RelaxScriptManager: scale:fa_rep 0.280
protocols.relax.RelaxScriptManager: min 0.01
protocols.relax.RelaxScriptManager: coord_cst_weight 0.0
protocols.relax.RelaxScriptManager: scale:fa_rep 0.559
protocols.relax.RelaxScriptManager: repack
protocols.relax.RelaxScriptManager: scale:fa_rep 0.581
protocols.relax.RelaxScriptManager: min 0.01
protocols.relax.RelaxScriptManager: coord_cst_weight 0.0
protocols.relax.RelaxScriptManager: scale:fa_rep 1
protocols.relax.RelaxScriptManager: repack
protocols.relax.RelaxScriptManager: min 0.00001
protocols.relax.RelaxScriptManager: accept_to_best
protocols.relax.RelaxScriptManager: endrepeat
core.scoring.constraints.util: Constraint choice: cst.cst
protocols.jd2.PDBJobInputter: Instantiate PDBJobInputter
protocols.jd2.PDBJobInputter: PDBJobInputter::fill_jobs
protocols.jd2.PDBJobInputter: pushed ../PDE4D_dimer_prerelax.pdb nstruct index 1
protocols.evaluation.ChiWellRmsdEvaluatorCreator: Evaluation Creator active ... 
protocols.jd2.PDBJobInputter: PDBJobInputter::pose_from_job
protocols.jd2.PDBJobInputter: filling pose from PDB ../PDE4D_dimer_prerelax.pdb
core.import_pose.import_pose: File '../PDE4D_dimer_prerelax.pdb' automatically determined to be of type PDB from contents.
core.io.pose_from_sfr.PoseFromSFRBuilder: [ WARNING ] discarding 3 atoms at position 1 in file ../PDE4D_dimer_prerelax.pdb. Best match rsd_type:  VAL:NtermProteinFull
core.io.pose_from_sfr.PoseFromSFRBuilder: [ WARNING ] discarding 3 atoms at position 492 in file ../PDE4D_dimer_prerelax.pdb. Best match rsd_type:  VAL:NtermProteinFull
core.scoring.constraints.ConstraintsIO: read constraints from cst.cst
core.scoring.constraints.ConstraintsIO: Read in 28 constraints
basic.io.database: Database file opened: scoring/score_functions/elec_cp_reps.dat
core.scoring.elec.util: Read 40 countpair representative atoms
core.pack.dunbrack.RotamerLibrary: shapovalov_lib_fixes_enable option is true.
core.pack.dunbrack.RotamerLibrary: shapovalov_lib::shap_dun10_smooth_level of 1( aka lowest_smooth ) got activated.
core.pack.dunbrack.RotamerLibrary: Binary rotamer library selected: /home/gbiuser/Downloads/rosetta.binary.ubuntu.release-408/main/database/rotamer/shapovalov/StpDwn_0-0-0/Dunbrack10.lib.bin
core.pack.dunbrack.RotamerLibrary: Using Dunbrack library binary file '/home/gbiuser/Downloads/rosetta.binary.ubuntu.release-408/main/database/rotamer/shapovalov/StpDwn_0-0-0/Dunbrack10.lib.bin'.
core.pack.dunbrack.RotamerLibrary: Dunbrack 2010 library took 0.308136 seconds to load from binary
protocols.relax.FastRelax: CMD: repeat  112488  0  0  0.55
protocols.relax.FastRelax: CMD: coord_cst_weight  112488  0  0  0.55
protocols.relax.FastRelax: CMD: scale:fa_rep  1645.59  0  0  0.022
core.pack.task: Packer task: initialize from command line() 
core.pack.pack_rotamers: built 14937 rotamers at 983 positions.
core.pack.interaction_graph.interaction_graph_factory: Instantiating DensePDInteractionGraph
protocols.relax.FastRelax: CMD: repack  -190.069  0  0  0.022
protocols.relax.FastRelax: CMD: scale:fa_rep  606.595  0  0  0.02805
core.optimization.Minimizer: [ WARNING ] LBFGS MAX CYCLES 2000 EXCEEDED, BUT FUNC NOT CONVERGED!
protocols.relax.FastRelax: CMD: min  -1707.59  0.293274  0.293274  0.02805
protocols.relax.FastRelax: CMD: coord_cst_weight  -2011.74  0.293274  0.293274  0.02805
protocols.relax.FastRelax: CMD: scale:fa_rep  1578.18  0.293274  0.293274  0.14575
core.pack.task: Packer task: initialize from command line() 
core.pack.pack_rotamers: built 13837 rotamers at 983 positions.
core.pack.interaction_graph.interaction_graph_factory: Instantiating DensePDInteractionGraph
protocols.relax.FastRelax: CMD: repack  1413.41  0.293274  0.293274  0.14575
protocols.relax.FastRelax: CMD: scale:fa_rep  1652.76  0.293274  0.293274  0.154
core.optimization.Minimizer: [ WARNING ] LBFGS MAX CYCLES 2000 EXCEEDED, BUT FUNC NOT CONVERGED!
protocols.relax.FastRelax: CMD: min  -1223.82  0.466232  0.466232  0.154
protocols.relax.FastRelax: CMD: coord_cst_weight  -2033.48  0.466232  0.466232  0.154
protocols.relax.FastRelax: CMD: scale:fa_rep  -1216.22  0.466232  0.466232  0.30745
core.pack.task: Packer task: initialize from command line() 
core.pack.pack_rotamers: built 13628 rotamers at 983 positions.
core.pack.interaction_graph.interaction_graph_factory: Instantiating DensePDInteractionGraph
protocols.relax.FastRelax: CMD: repack  -1211.22  0.466232  0.466232  0.30745
protocols.relax.FastRelax: CMD: scale:fa_rep  -1147.45  0.466232  0.466232  0.31955
core.optimization.Minimizer: [ WARNING ] LBFGS MAX CYCLES 2000 EXCEEDED, BUT FUNC NOT CONVERGED!
protocols.relax.FastRelax: CMD: min  -2287.95  2.19267  2.19267  0.31955
protocols.relax.FastRelax: CMD: coord_cst_weight  -2287.95  2.19267  2.19267  0.31955
protocols.relax.FastRelax: CMD: scale:fa_rep  -1828.87  2.19267  2.19267  0.55
core.pack.task: Packer task: initialize from command line() 
core.pack.pack_rotamers: built 13664 rotamers at 983 positions.
core.pack.interaction_graph.interaction_graph_factory: Instantiating DensePDInteractionGraph
protocols.relax.FastRelax: CMD: repack  -1859.49  2.19267  2.19267  0.55
protocols.relax.FastRelax: CMD: min  -2047.22  2.62381  2.62381  0.55
protocols.relax.FastRelax: MRP: 0  -2047.22  -2047.22  2.62381  2.62381  
protocols.relax.FastRelax: CMD: accept_to_best  -2047.22  2.62381  2.62381  0.55
protocols.relax.FastRelax: CMD: endrepeat  -2047.22  2.62381  2.62381  0.55
protocols.relax.FastRelax: CMD: coord_cst_weight  787240  2.62381  2.62381  0.55
protocols.relax.FastRelax: CMD: scale:fa_rep  786527  2.62381  2.62381  0.022
core.pack.task: Packer task: initialize from command line() 
core.pack.pack_rotamers: built 15323 rotamers at 983 positions.
core.pack.interaction_graph.interaction_graph_factory: Instantiating DensePDInteractionGraph
protocols.relax.FastRelax: CMD: repack  786483  2.62381  2.62381  0.022
protocols.relax.FastRelax: CMD: scale:fa_rep  786512  2.62381  2.62381  0.02805
core.optimization.Minimizer: [ WARNING ] LBFGS MAX CYCLES 2000 EXCEEDED, BUT FUNC NOT CONVERGED!
protocols.relax.FastRelax: CMD: min  -1020.56  0.357959  0.357959  0.02805
protocols.relax.FastRelax: CMD: coord_cst_weight  -1475.72  0.357959  0.357959  0.02805
protocols.relax.FastRelax: CMD: scale:fa_rep  3380.16  0.357959  0.357959  0.14575
core.pack.task: Packer task: initialize from command line() 
core.pack.pack_rotamers: built 13876 rotamers at 983 positions.
core.pack.interaction_graph.interaction_graph_factory: Instantiating DensePDInteractionGraph
protocols.relax.FastRelax: CMD: repack  2589.69  0.357959  0.357959  0.14575
protocols.relax.FastRelax: CMD: scale:fa_rep  2881.59  0.357959  0.357959  0.154
core.optimization.Minimizer: [ WARNING ] LBFGS MAX CYCLES 2000 EXCEEDED, BUT FUNC NOT CONVERGED!
protocols.relax.FastRelax: CMD: min  -1340.38  0.49427  0.49427  0.154
protocols.relax.FastRelax: CMD: coord_cst_weight  -2197.95  0.49427  0.49427  0.154
protocols.relax.FastRelax: CMD: scale:fa_rep  -1471.82  0.49427  0.49427  0.30745
core.pack.task: Packer task: initialize from command line() 
core.pack.pack_rotamers: built 13608 rotamers at 983 positions.
core.pack.interaction_graph.interaction_graph_factory: Instantiating DensePDInteractionGraph
protocols.relax.FastRelax: CMD: repack  -1485.94  0.49427  0.49427  0.30745
protocols.relax.FastRelax: CMD: scale:fa_rep  -1429.23  0.49427  0.49427  0.31955
core.optimization.Minimizer: [ WARNING ] LBFGS MAX CYCLES 2000 EXCEEDED, BUT FUNC NOT CONVERGED!
protocols.relax.FastRelax: CMD: min  -2388.2  2.63425  2.63425  0.31955
protocols.relax.FastRelax: CMD: coord_cst_weight  -2388.2  2.63425  2.63425  0.31955
protocols.relax.FastRelax: CMD: scale:fa_rep  -1940.55  2.63425  2.63425  0.55
core.pack.task: Packer task: initialize from command line() 
core.pack.pack_rotamers: built 13618 rotamers at 983 positions.
core.pack.interaction_graph.interaction_graph_factory: Instantiating DensePDInteractionGraph
protocols.relax.FastRelax: CMD: repack  -1957.19  2.63425  2.63425  0.55
protocols.relax.FastRelax: CMD: min  -2074.13  2.71212  2.71212  0.55
protocols.relax.FastRelax: MRP: 1  -2074.13  -2074.13  2.71212  2.71212  
protocols.relax.FastRelax: CMD: accept_to_best  -2074.13  2.71212  2.71212  0.55
protocols.relax.FastRelax: CMD: endrepeat  -2074.13  2.71212  2.71212  0.55
protocols.relax.FastRelax: CMD: coord_cst_weight  198991  2.71212  2.71212  0.55
protocols.relax.FastRelax: CMD: scale:fa_rep  198279  2.71212  2.71212  0.022
core.pack.task: Packer task: initialize from command line() 
core.pack.pack_rotamers: built 15355 rotamers at 983 positions.
core.pack.interaction_graph.interaction_graph_factory: Instantiating DensePDInteractionGraph
protocols.relax.FastRelax: CMD: repack  198222  2.71212  2.71212  0.022
protocols.relax.FastRelax: CMD: scale:fa_rep  198241  2.71212  2.71212  0.02805
core.optimization.Minimizer: [ WARNING ] LBFGS MAX CYCLES 2000 EXCEEDED, BUT FUNC NOT CONVERGED!
protocols.relax.FastRelax: CMD: min  -1566.94  0.354001  0.354001  0.02805
protocols.relax.FastRelax: CMD: coord_cst_weight  -1996.36  0.354001  0.354001  0.02805
protocols.relax.FastRelax: CMD: scale:fa_rep  980.165  0.354001  0.354001  0.14575
core.pack.task: Packer task: initialize from command line() 
core.pack.pack_rotamers: built 13839 rotamers at 983 positions.
core.pack.interaction_graph.interaction_graph_factory: Instantiating DensePDInteractionGraph
protocols.relax.FastRelax: CMD: repack  795.9  0.354001  0.354001  0.14575
protocols.relax.FastRelax: CMD: scale:fa_rep  992.538  0.354001  0.354001  0.154
core.optimization.Minimizer: [ WARNING ] LBFGS MAX CYCLES 2000 EXCEEDED, BUT FUNC NOT CONVERGED!
protocols.relax.FastRelax: CMD: min  -1429.43  0.485825  0.485825  0.154
protocols.relax.FastRelax: CMD: coord_cst_weight  -2255.17  0.485825  0.485825  0.154
protocols.relax.FastRelax: CMD: scale:fa_rep  -1547.47  0.485825  0.485825  0.30745
core.pack.task: Packer task: initialize from command line() 
core.pack.pack_rotamers: built 13665 rotamers at 983 positions.
core.pack.interaction_graph.interaction_graph_factory: Instantiating DensePDInteractionGraph
protocols.relax.FastRelax: CMD: repack  -1557.06  0.485825  0.485825  0.30745
protocols.relax.FastRelax: CMD: scale:fa_rep  -1501.9  0.485825  0.485825  0.31955
core.optimization.Minimizer: [ WARNING ] LBFGS MAX CYCLES 2000 EXCEEDED, BUT FUNC NOT CONVERGED!
protocols.relax.FastRelax: CMD: min  -2401.82  1.88724  1.88724  0.31955
protocols.relax.FastRelax: CMD: coord_cst_weight  -2401.82  1.88724  1.88724  0.31955
protocols.relax.FastRelax: CMD: scale:fa_rep  -1948.12  1.88724  1.88724  0.55
core.pack.task: Packer task: initialize from command line() 
core.pack.pack_rotamers: built 13598 rotamers at 983 positions.
core.pack.interaction_graph.interaction_graph_factory: Instantiating DensePDInteractionGraph
protocols.relax.FastRelax: CMD: repack  -1965.25  1.88724  1.88724  0.55
protocols.relax.FastRelax: CMD: min  -2076.8  2.14793  2.14793  0.55
protocols.relax.FastRelax: MRP: 2  -2076.8  -2076.8  2.14793  2.14793  
protocols.relax.FastRelax: CMD: accept_to_best  -2076.8  2.14793  2.14793  0.55
protocols.relax.FastRelax: CMD: endrepeat  -2076.8  2.14793  2.14793  0.55
protocols.relax.FastRelax: CMD: coord_cst_weight  1.2438e+06  2.14793  2.14793  0.55
protocols.relax.FastRelax: CMD: scale:fa_rep  1.24308e+06  2.14793  2.14793  0.022
core.pack.task: Packer task: initialize from command line() 
core.pack.pack_rotamers: built 15396 rotamers at 983 positions.
core.pack.interaction_graph.interaction_graph_factory: Instantiating DensePDInteractionGraph
protocols.relax.FastRelax: CMD: repack  1.24305e+06  2.14793  2.14793  0.022
protocols.relax.FastRelax: CMD: scale:fa_rep  1.24307e+06  2.14793  2.14793  0.02805
core.optimization.Minimizer: [ WARNING ] LBFGS MAX CYCLES 2000 EXCEEDED, BUT FUNC NOT CONVERGED!
protocols.relax.FastRelax: CMD: min  -1054.82  0.374904  0.374904  0.02805
protocols.relax.FastRelax: CMD: coord_cst_weight  -1553.54  0.374904  0.374904  0.02805
protocols.relax.FastRelax: CMD: scale:fa_rep  2922.59  0.374904  0.374904  0.14575
core.pack.task: Packer task: initialize from command line() 
core.pack.pack_rotamers: built 13837 rotamers at 983 positions.
core.pack.interaction_graph.interaction_graph_factory: Instantiating DensePDInteractionGraph
protocols.relax.FastRelax: CMD: repack  1853.23  0.374904  0.374904  0.14575
protocols.relax.FastRelax: CMD: scale:fa_rep  2102.83  0.374904  0.374904  0.154
core.optimization.Minimizer: [ WARNING ] LBFGS MAX CYCLES 2000 EXCEEDED, BUT FUNC NOT CONVERGED!
protocols.relax.FastRelax: CMD: min  -1367.04  0.502833  0.502833  0.154
protocols.relax.FastRelax: CMD: coord_cst_weight  -2253.31  0.502833  0.502833  0.154
protocols.relax.FastRelax: CMD: scale:fa_rep  -1554.16  0.502833  0.502833  0.30745
core.pack.task: Packer task: initialize from command line() 
core.pack.pack_rotamers: built 13637 rotamers at 983 positions.
core.pack.interaction_graph.interaction_graph_factory: Instantiating DensePDInteractionGraph
protocols.relax.FastRelax: CMD: repack  -1567.34  0.502833  0.502833  0.30745
protocols.relax.FastRelax: CMD: scale:fa_rep  -1512.38  0.502833  0.502833  0.31955
core.optimization.Minimizer: [ WARNING ] LBFGS MAX CYCLES 2000 EXCEEDED, BUT FUNC NOT CONVERGED!
protocols.relax.FastRelax: CMD: min  -2391.1  1.75761  1.75761  0.31955
protocols.relax.FastRelax: CMD: coord_cst_weight  -2391.1  1.75761  1.75761  0.31955
protocols.relax.FastRelax: CMD: scale:fa_rep  -1934.7  1.75761  1.75761  0.55
core.pack.task: Packer task: initialize from command line() 
core.pack.pack_rotamers: built 13657 rotamers at 983 positions.
core.pack.interaction_graph.interaction_graph_factory: Instantiating DensePDInteractionGraph
protocols.relax.FastRelax: CMD: repack  -1954.2  1.75761  1.75761  0.55
protocols.relax.FastRelax: CMD: min  -2065.15  2.0397  2.0397  0.55
protocols.relax.FastRelax: MRP: 3  -2065.15  -2076.8  2.14793  2.14793  
protocols.relax.FastRelax: CMD: accept_to_best  -2065.15  2.0397  2.0397  0.55
protocols.relax.FastRelax: CMD: endrepeat  -2065.15  2.0397  2.0397  0.55
protocols.relax.FastRelax: CMD: coord_cst_weight  694698  2.0397  2.0397  0.55
protocols.relax.FastRelax: CMD: scale:fa_rep  693975  2.0397  2.0397  0.022
core.pack.task: Packer task: initialize from command line() 
core.pack.pack_rotamers: built 15490 rotamers at 983 positions.
core.pack.interaction_graph.interaction_graph_factory: Instantiating DensePDInteractionGraph
protocols.relax.FastRelax: CMD: repack  693922  2.0397  2.0397  0.022
protocols.relax.FastRelax: CMD: scale:fa_rep  693945  2.0397  2.0397  0.02805
core.optimization.Minimizer: [ WARNING ] LBFGS MAX CYCLES 2000 EXCEEDED, BUT FUNC NOT CONVERGED!
protocols.relax.FastRelax: CMD: min  -1001.85  0.413744  0.413744  0.02805
protocols.relax.FastRelax: CMD: coord_cst_weight  -1598.11  0.413744  0.413744  0.02805
protocols.relax.FastRelax: CMD: scale:fa_rep  2136.53  0.413744  0.413744  0.14575
core.pack.task: Packer task: initialize from command line() 
core.pack.pack_rotamers: built 13829 rotamers at 983 positions.
core.pack.interaction_graph.interaction_graph_factory: Instantiating DensePDInteractionGraph
protocols.relax.FastRelax: CMD: repack  1507.06  0.413744  0.413744  0.14575
protocols.relax.FastRelax: CMD: scale:fa_rep  1728.35  0.413744  0.413744  0.154
core.optimization.Minimizer: [ WARNING ] LBFGS MAX CYCLES 2000 EXCEEDED, BUT FUNC NOT CONVERGED!
protocols.relax.FastRelax: CMD: min  -1369.74  0.508047  0.508047  0.154
protocols.relax.FastRelax: CMD: coord_cst_weight  -2261.7  0.508047  0.508047  0.154
protocols.relax.FastRelax: CMD: scale:fa_rep  -1573  0.508047  0.508047  0.30745
core.pack.task: Packer task: initialize from command line() 
core.pack.pack_rotamers: built 13757 rotamers at 983 positions.
core.pack.interaction_graph.interaction_graph_factory: Instantiating DensePDInteractionGraph
protocols.relax.FastRelax: CMD: repack  -1584.81  0.508047  0.508047  0.30745
protocols.relax.FastRelax: CMD: scale:fa_rep  -1530.89  0.508047  0.508047  0.31955
core.optimization.Minimizer: [ WARNING ] LBFGS MAX CYCLES 2000 EXCEEDED, BUT FUNC NOT CONVERGED!
protocols.relax.FastRelax: CMD: min  -2409.46  1.71419  1.71419  0.31955
protocols.relax.FastRelax: CMD: coord_cst_weight  -2409.46  1.71419  1.71419  0.31955
protocols.relax.FastRelax: CMD: scale:fa_rep  -1951.15  1.71419  1.71419  0.55
core.pack.task: Packer task: initialize from command line() 
core.pack.pack_rotamers: built 13738 rotamers at 983 positions.
core.pack.interaction_graph.interaction_graph_factory: Instantiating DensePDInteractionGraph
protocols.relax.FastRelax: CMD: repack  -1962.06  1.71419  1.71419  0.55
protocols.relax.FastRelax: CMD: min  -2082.79  2.04685  2.04685  0.55
protocols.relax.FastRelax: MRP: 4  -2082.79  -2082.79  2.04685  2.04685  
protocols.relax.FastRelax: CMD: accept_to_best  -2082.79  2.04685  2.04685  0.55
protocols.relax.FastRelax: CMD: endrepeat  -2082.79  2.04685  2.04685  0.55
protocols.relax.FastRelax: CMD: coord_cst_weight  1.25471e+06  2.04685  2.04685  0.55
protocols.relax.FastRelax: CMD: scale:fa_rep  1.25399e+06  2.04685  2.04685  0.022
core.pack.task: Packer task: initialize from command line() 
core.pack.pack_rotamers: built 15587 rotamers at 983 positions.
core.pack.interaction_graph.interaction_graph_factory: Instantiating DensePDInteractionGraph
protocols.relax.FastRelax: CMD: repack  1.25393e+06  2.04685  2.04685  0.022
protocols.relax.FastRelax: CMD: scale:fa_rep  1.25396e+06  2.04685  2.04685  0.02805
core.optimization.Minimizer: [ WARNING ] LBFGS MAX CYCLES 2000 EXCEEDED, BUT FUNC NOT CONVERGED!
protocols.relax.FastRelax: CMD: min  -309.786  0.472356  0.472356  0.02805
protocols.relax.FastRelax: CMD: coord_cst_weight  -1092.33  0.472356  0.472356  0.02805
protocols.relax.FastRelax: CMD: scale:fa_rep  3846.19  0.472356  0.472356  0.14575
core.pack.task: Packer task: initialize from command line() 
core.pack.pack_rotamers: built 14101 rotamers at 983 positions.
core.pack.interaction_graph.interaction_graph_factory: Instantiating DensePDInteractionGraph
protocols.relax.FastRelax: CMD: repack  2430.61  0.472356  0.472356  0.14575
protocols.relax.FastRelax: CMD: scale:fa_rep  2691.97  0.472356  0.472356  0.154
core.optimization.Minimizer: [ WARNING ] LBFGS MAX CYCLES 2000 EXCEEDED, BUT FUNC NOT CONVERGED!
protocols.relax.FastRelax: CMD: min  -1257.25  0.518556  0.518556  0.154
protocols.relax.FastRelax: CMD: coord_cst_weight  -2201.39  0.518556  0.518556  0.154
protocols.relax.FastRelax: CMD: scale:fa_rep  -1494.52  0.518556  0.518556  0.30745
core.pack.task: Packer task: initialize from command line() 
core.pack.pack_rotamers: built 13849 rotamers at 983 positions.
core.pack.interaction_graph.interaction_graph_factory: Instantiating DensePDInteractionGraph
protocols.relax.FastRelax: CMD: repack  -1519.93  0.518556  0.518556  0.30745
protocols.relax.FastRelax: CMD: scale:fa_rep  -1465.09  0.518556  0.518556  0.31955
core.optimization.Minimizer: [ WARNING ] LBFGS MAX CYCLES 2000 EXCEEDED, BUT FUNC NOT CONVERGED!
protocols.relax.FastRelax: CMD: min  -2386.41  1.91711  1.91711  0.31955
protocols.relax.FastRelax: CMD: coord_cst_weight  -2386.41  1.91711  1.91711  0.31955
protocols.relax.FastRelax: CMD: scale:fa_rep  -1934.59  1.91711  1.91711  0.55
core.pack.task: Packer task: initialize from command line() 
core.pack.pack_rotamers: built 13683 rotamers at 983 positions.
core.pack.interaction_graph.interaction_graph_factory: Instantiating DensePDInteractionGraph
protocols.relax.FastRelax: CMD: repack  -1952.03  1.91711  1.91711  0.55
protocols.relax.FastRelax: CMD: min  -2099.48  2.09207  2.09207  0.55
protocols.relax.FastRelax: MRP: 5  -2099.48  -2099.48  2.09207  2.09207  
protocols.relax.FastRelax: CMD: accept_to_best  -2099.48  2.09207  2.09207  0.55
protocols.relax.FastRelax: CMD: endrepeat  -2099.48  2.09207  2.09207  0.55
protocols.relax.FastRelax: CMD: coord_cst_weight  472360  2.09207  2.09207  0.55
protocols.relax.FastRelax: CMD: scale:fa_rep  471660  2.09207  2.09207  0.022
core.pack.task: Packer task: initialize from command line() 
core.pack.pack_rotamers: built 15538 rotamers at 983 positions.
core.pack.interaction_graph.interaction_graph_factory: Instantiating DensePDInteractionGraph
protocols.relax.FastRelax: CMD: repack  471614  2.09207  2.09207  0.022
protocols.relax.FastRelax: CMD: scale:fa_rep  471635  2.09207  2.09207  0.02805
core.optimization.Minimizer: [ WARNING ] LBFGS MAX CYCLES 2000 EXCEEDED, BUT FUNC NOT CONVERGED!
protocols.relax.FastRelax: CMD: min  -1060.33  0.414988  0.414988  0.02805
protocols.relax.FastRelax: CMD: coord_cst_weight  -1660.93  0.414988  0.414988  0.02805
protocols.relax.FastRelax: CMD: scale:fa_rep  1746.86  0.414988  0.414988  0.14575
core.pack.task: Packer task: initialize from command line() 
core.pack.pack_rotamers: built 14043 rotamers at 983 positions.
core.pack.interaction_graph.interaction_graph_factory: Instantiating DensePDInteractionGraph
protocols.relax.FastRelax: CMD: repack  1203.75  0.414988  0.414988  0.14575
protocols.relax.FastRelax: CMD: scale:fa_rep  1408.51  0.414988  0.414988  0.154
core.optimization.Minimizer: [ WARNING ] LBFGS MAX CYCLES 2000 EXCEEDED, BUT FUNC NOT CONVERGED!
protocols.relax.FastRelax: CMD: min  -1318.81  0.509147  0.509147  0.154
protocols.relax.FastRelax: CMD: coord_cst_weight  -2232.74  0.509147  0.509147  0.154
protocols.relax.FastRelax: CMD: scale:fa_rep  -1523.26  0.509147  0.509147  0.30745
core.pack.task: Packer task: initialize from command line() 
core.pack.pack_rotamers: built 13747 rotamers at 983 positions.
core.pack.interaction_graph.interaction_graph_factory: Instantiating DensePDInteractionGraph
protocols.relax.FastRelax: CMD: repack  -1523.49  0.509147  0.509147  0.30745
protocols.relax.FastRelax: CMD: scale:fa_rep  -1467.66  0.509147  0.509147  0.31955
core.optimization.Minimizer: [ WARNING ] LBFGS MAX CYCLES 2000 EXCEEDED, BUT FUNC NOT CONVERGED!
protocols.relax.FastRelax: CMD: min  -2419.06  1.73435  1.73435  0.31955
protocols.relax.FastRelax: CMD: coord_cst_weight  -2419.06  1.73435  1.73435  0.31955
protocols.relax.FastRelax: CMD: scale:fa_rep  -1971.74  1.73435  1.73435  0.55
core.pack.task: Packer task: initialize from command line() 
core.pack.pack_rotamers: built 13718 rotamers at 983 positions.
core.pack.interaction_graph.interaction_graph_factory: Instantiating DensePDInteractionGraph
protocols.relax.FastRelax: CMD: repack  -1994.4  1.73435  1.73435  0.55
protocols.relax.FastRelax: CMD: min  -2101.45  1.82529  1.82529  0.55
protocols.relax.FastRelax: MRP: 6  -2101.45  -2101.45  1.82529  1.82529  
protocols.relax.FastRelax: CMD: accept_to_best  -2101.45  1.82529  1.82529  0.55
protocols.relax.FastRelax: CMD: endrepeat  -2101.45  1.82529  1.82529  0.55
protocols.relax.FastRelax: CMD: coord_cst_weight  302574  1.82529  1.82529  0.55
protocols.relax.FastRelax: CMD: scale:fa_rep  301859  1.82529  1.82529  0.022
core.pack.task: Packer task: initialize from command line() 
core.pack.pack_rotamers: built 15480 rotamers at 983 positions.
core.pack.interaction_graph.interaction_graph_factory: Instantiating DensePDInteractionGraph
protocols.relax.FastRelax: CMD: repack  301820  1.82529  1.82529  0.022
protocols.relax.FastRelax: CMD: scale:fa_rep  301847  1.82529  1.82529  0.02805
core.optimization.Minimizer: [ WARNING ] LBFGS MAX CYCLES 2000 EXCEEDED, BUT FUNC NOT CONVERGED!
protocols.relax.FastRelax: CMD: min  -1109.37  0.396157  0.396157  0.02805
protocols.relax.FastRelax: CMD: coord_cst_weight  -1659.94  0.396157  0.396157  0.02805
protocols.relax.FastRelax: CMD: scale:fa_rep  2115.35  0.396157  0.396157  0.14575
core.pack.task: Packer task: initialize from command line() 
core.pack.pack_rotamers: built 13884 rotamers at 983 positions.
core.pack.interaction_graph.interaction_graph_factory: Instantiating DensePDInteractionGraph
protocols.relax.FastRelax: CMD: repack  1714.73  0.396157  0.396157  0.14575
protocols.relax.FastRelax: CMD: scale:fa_rep  1953.3  0.396157  0.396157  0.154
core.optimization.Minimizer: [ WARNING ] LBFGS MAX CYCLES 2000 EXCEEDED, BUT FUNC NOT CONVERGED!
protocols.relax.FastRelax: CMD: min  -1248.15  0.528403  0.528403  0.154
protocols.relax.FastRelax: CMD: coord_cst_weight  -2230.82  0.528403  0.528403  0.154
protocols.relax.FastRelax: CMD: scale:fa_rep  -1516.26  0.528403  0.528403  0.30745
core.pack.task: Packer task: initialize from command line() 
core.pack.pack_rotamers: built 13670 rotamers at 983 positions.
core.pack.interaction_graph.interaction_graph_factory: Instantiating DensePDInteractionGraph
protocols.relax.FastRelax: CMD: repack  -1532.5  0.528403  0.528403  0.30745
protocols.relax.FastRelax: CMD: scale:fa_rep  -1476.9  0.528403  0.528403  0.31955
core.optimization.Minimizer: [ WARNING ] LBFGS MAX CYCLES 2000 EXCEEDED, BUT FUNC NOT CONVERGED!
protocols.relax.FastRelax: CMD: min  -2425.41  1.77839  1.77839  0.31955
protocols.relax.FastRelax: CMD: coord_cst_weight  -2425.41  1.77839  1.77839  0.31955
protocols.relax.FastRelax: CMD: scale:fa_rep  -1975.76  1.77839  1.77839  0.55
core.pack.task: Packer task: initialize from command line() 
core.pack.pack_rotamers: built 13706 rotamers at 983 positions.
core.pack.interaction_graph.interaction_graph_factory: Instantiating DensePDInteractionGraph
protocols.relax.FastRelax: CMD: repack  -1993.04  1.77839  1.77839  0.55
protocols.relax.FastRelax: CMD: min  -2109.73  1.96992  1.96992  0.55
protocols.relax.FastRelax: MRP: 7  -2109.73  -2109.73  1.96992  1.96992  
protocols.relax.FastRelax: CMD: accept_to_best  -2109.73  1.96992  1.96992  0.55
protocols.relax.FastRelax: CMD: endrepeat  -2109.73  1.96992  1.96992  0.55
protocols.relax.FastRelax: CMD: coord_cst_weight  224273  1.96992  1.96992  0.55
protocols.relax.FastRelax: CMD: scale:fa_rep  223563  1.96992  1.96992  0.022
core.pack.task: Packer task: initialize from command line() 
core.pack.pack_rotamers: built 15467 rotamers at 983 positions.
core.pack.interaction_graph.interaction_graph_factory: Instantiating DensePDInteractionGraph
protocols.relax.FastRelax: CMD: repack  223544  1.96992  1.96992  0.022
protocols.relax.FastRelax: CMD: scale:fa_rep  223568  1.96992  1.96992  0.02805
core.optimization.Minimizer: [ WARNING ] LBFGS MAX CYCLES 2000 EXCEEDED, BUT FUNC NOT CONVERGED!
protocols.relax.FastRelax: CMD: min  -1262.14  0.388586  0.388586  0.02805
protocols.relax.FastRelax: CMD: coord_cst_weight  -1788.53  0.388586  0.388586  0.02805
protocols.relax.FastRelax: CMD: scale:fa_rep  1493.06  0.388586  0.388586  0.14575
core.pack.task: Packer task: initialize from command line() 
core.pack.pack_rotamers: built 13825 rotamers at 983 positions.
core.pack.interaction_graph.interaction_graph_factory: Instantiating DensePDInteractionGraph
protocols.relax.FastRelax: CMD: repack  1046.52  0.388586  0.388586  0.14575
protocols.relax.FastRelax: CMD: scale:fa_rep  1246.79  0.388586  0.388586  0.154
core.optimization.Minimizer: [ WARNING ] LBFGS MAX CYCLES 2000 EXCEEDED, BUT FUNC NOT CONVERGED!
protocols.relax.FastRelax: CMD: min  -1302.98  0.509109  0.509109  0.154
protocols.relax.FastRelax: CMD: coord_cst_weight  -2208.1  0.509109  0.509109  0.154
protocols.relax.FastRelax: CMD: scale:fa_rep  -1502.12  0.509109  0.509109  0.30745
core.pack.task: Packer task: initialize from command line() 
core.pack.pack_rotamers: built 13829 rotamers at 983 positions.
core.pack.interaction_graph.interaction_graph_factory: Instantiating DensePDInteractionGraph
protocols.relax.FastRelax: CMD: repack  -1523.07  0.509109  0.509109  0.30745
protocols.relax.FastRelax: CMD: scale:fa_rep  -1467.89  0.509109  0.509109  0.31955
core.optimization.Minimizer: [ WARNING ] LBFGS MAX CYCLES 2000 EXCEEDED, BUT FUNC NOT CONVERGED!
protocols.relax.FastRelax: CMD: min  -2419.71  1.90219  1.90219  0.31955
protocols.relax.FastRelax: CMD: coord_cst_weight  -2419.71  1.90219  1.90219  0.31955
protocols.relax.FastRelax: CMD: scale:fa_rep  -1966.82  1.90219  1.90219  0.55
core.pack.task: Packer task: initialize from command line() 
core.pack.pack_rotamers: built 13690 rotamers at 983 positions.
core.pack.interaction_graph.interaction_graph_factory: Instantiating DensePDInteractionGraph
protocols.relax.FastRelax: CMD: repack  -1979.09  1.90219  1.90219  0.55
protocols.relax.FastRelax: CMD: min  -2082.17  2.04032  2.04032  0.55
protocols.relax.FastRelax: MRP: 8  -2082.17  -2109.73  1.96992  1.96992  
protocols.relax.FastRelax: CMD: accept_to_best  -2082.17  2.04032  2.04032  0.55
protocols.relax.FastRelax: CMD: endrepeat  -2082.17  2.04032  2.04032  0.55
protocols.relax.FastRelax: CMD: coord_cst_weight  613131  2.04032  2.04032  0.55
protocols.relax.FastRelax: CMD: scale:fa_rep  612415  2.04032  2.04032  0.022
core.pack.task: Packer task: initialize from command line() 
core.pack.pack_rotamers: built 15665 rotamers at 983 positions.
core.pack.interaction_graph.interaction_graph_factory: Instantiating DensePDInteractionGraph
protocols.relax.FastRelax: CMD: repack  612409  2.04032  2.04032  0.022
protocols.relax.FastRelax: CMD: scale:fa_rep  612444  2.04032  2.04032  0.02805
core.optimization.Minimizer: [ WARNING ] LBFGS MAX CYCLES 2000 EXCEEDED, BUT FUNC NOT CONVERGED!
protocols.relax.FastRelax: CMD: min  -1126.79  0.404948  0.404948  0.02805
protocols.relax.FastRelax: CMD: coord_cst_weight  -1708.95  0.404948  0.404948  0.02805
protocols.relax.FastRelax: CMD: scale:fa_rep  1646.99  0.404948  0.404948  0.14575
core.pack.task: Packer task: initialize from command line() 
core.pack.pack_rotamers: built 13911 rotamers at 983 positions.
core.pack.interaction_graph.interaction_graph_factory: Instantiating DensePDInteractionGraph
protocols.relax.FastRelax: CMD: repack  1303.96  0.404948  0.404948  0.14575
protocols.relax.FastRelax: CMD: scale:fa_rep  1515.83  0.404948  0.404948  0.154
core.optimization.Minimizer: [ WARNING ] LBFGS MAX CYCLES 2000 EXCEEDED, BUT FUNC NOT CONVERGED!
protocols.relax.FastRelax: CMD: min  -1312.24  0.511374  0.511374  0.154
protocols.relax.FastRelax: CMD: coord_cst_weight  -2230.35  0.511374  0.511374  0.154
protocols.relax.FastRelax: CMD: scale:fa_rep  -1520.14  0.511374  0.511374  0.30745
core.pack.task: Packer task: initialize from command line() 
core.pack.pack_rotamers: built 13710 rotamers at 983 positions.
core.pack.interaction_graph.interaction_graph_factory: Instantiating DensePDInteractionGraph
protocols.relax.FastRelax: CMD: repack  -1536.6  0.511374  0.511374  0.30745
protocols.relax.FastRelax: CMD: scale:fa_rep  -1481.38  0.511374  0.511374  0.31955
core.optimization.Minimizer: [ WARNING ] LBFGS MAX CYCLES 2000 EXCEEDED, BUT FUNC NOT CONVERGED!
protocols.relax.FastRelax: CMD: min  -2406.1  1.91064  1.91064  0.31955
protocols.relax.FastRelax: CMD: coord_cst_weight  -2406.1  1.91064  1.91064  0.31955
protocols.relax.FastRelax: CMD: scale:fa_rep  -1954.12  1.91064  1.91064  0.55
core.pack.task: Packer task: initialize from command line() 
core.pack.pack_rotamers: built 13749 rotamers at 983 positions.
core.pack.interaction_graph.interaction_graph_factory: Instantiating DensePDInteractionGraph
protocols.relax.FastRelax: CMD: repack  -1966.92  1.91064  1.91064  0.55
protocols.relax.FastRelax: CMD: min  -2097.8  2.188  2.188  0.55
protocols.relax.FastRelax: MRP: 9  -2097.8  -2109.73  1.96992  1.96992  
protocols.relax.FastRelax: CMD: accept_to_best  -2097.8  2.188  2.188  0.55
protocols.relax.FastRelax: CMD: endrepeat  -2097.8  2.188  2.188  0.55
protocols.relax.FastRelax: CMD: coord_cst_weight  907195  2.188  2.188  0.55
protocols.relax.FastRelax: CMD: scale:fa_rep  906480  2.188  2.188  0.022
core.pack.task: Packer task: initialize from command line() 
core.pack.pack_rotamers: built 15648 rotamers at 983 positions.
core.pack.interaction_graph.interaction_graph_factory: Instantiating DensePDInteractionGraph
protocols.relax.FastRelax: CMD: repack  906427  2.188  2.188  0.022
protocols.relax.FastRelax: CMD: scale:fa_rep  906449  2.188  2.188  0.02805
core.optimization.Minimizer: [ WARNING ] LBFGS MAX CYCLES 2000 EXCEEDED, BUT FUNC NOT CONVERGED!
protocols.relax.FastRelax: CMD: min  -217.051  0.44376  0.44376  0.02805
protocols.relax.FastRelax: CMD: coord_cst_weight  -926.184  0.44376  0.44376  0.02805
protocols.relax.FastRelax: CMD: scale:fa_rep  5086.66  0.44376  0.44376  0.14575
core.pack.task: Packer task: initialize from command line() 
core.pack.pack_rotamers: built 13831 rotamers at 983 positions.
core.pack.interaction_graph.interaction_graph_factory: Instantiating DensePDInteractionGraph
protocols.relax.FastRelax: CMD: repack  3686.05  0.44376  0.44376  0.14575
protocols.relax.FastRelax: CMD: scale:fa_rep  4026.35  0.44376  0.44376  0.154
core.optimization.Minimizer: [ WARNING ] LBFGS MAX CYCLES 2000 EXCEEDED, BUT FUNC NOT CONVERGED!
protocols.relax.FastRelax: CMD: min  -1159.99  0.536547  0.536547  0.154
protocols.relax.FastRelax: CMD: coord_cst_weight  -2179.31  0.536547  0.536547  0.154
protocols.relax.FastRelax: CMD: scale:fa_rep  -1461.31  0.536547  0.536547  0.30745
core.pack.task: Packer task: initialize from command line() 
core.pack.pack_rotamers: built 13659 rotamers at 983 positions.
core.pack.interaction_graph.interaction_graph_factory: Instantiating DensePDInteractionGraph
protocols.relax.FastRelax: CMD: repack  -1479.39  0.536547  0.536547  0.30745
protocols.relax.FastRelax: CMD: scale:fa_rep  -1423.43  0.536547  0.536547  0.31955
core.optimization.Minimizer: [ WARNING ] LBFGS MAX CYCLES 2000 EXCEEDED, BUT FUNC NOT CONVERGED!
protocols.relax.FastRelax: CMD: min  -2403.69  1.67128  1.67128  0.31955
protocols.relax.FastRelax: CMD: coord_cst_weight  -2403.69  1.67128  1.67128  0.31955
protocols.relax.FastRelax: CMD: scale:fa_rep  -1956.37  1.67128  1.67128  0.55
core.pack.task: Packer task: initialize from command line() 
core.pack.pack_rotamers: built 13712 rotamers at 983 positions.
core.pack.interaction_graph.interaction_graph_factory: Instantiating DensePDInteractionGraph
protocols.relax.FastRelax: CMD: repack  -1967.03  1.67128  1.67128  0.55
protocols.relax.FastRelax: CMD: min  -2081.62  1.91781  1.91781  0.55
protocols.relax.FastRelax: MRP: 10  -2081.62  -2109.73  1.96992  1.96992  
protocols.relax.FastRelax: CMD: accept_to_best  -2081.62  1.91781  1.91781  0.55
protocols.relax.FastRelax: CMD: endrepeat  -2081.62  1.91781  1.91781  0.55
protocols.relax.FastRelax: CMD: coord_cst_weight  677406  1.91781  1.91781  0.55
protocols.relax.FastRelax: CMD: scale:fa_rep  676704  1.91781  1.91781  0.022
core.pack.task: Packer task: initialize from command line() 
core.pack.pack_rotamers: built 15560 rotamers at 983 positions.
core.pack.interaction_graph.interaction_graph_factory: Instantiating DensePDInteractionGraph
protocols.relax.FastRelax: CMD: repack  676656  1.91781  1.91781  0.022
protocols.relax.FastRelax: CMD: scale:fa_rep  676676  1.91781  1.91781  0.02805
core.optimization.Minimizer: [ WARNING ] LBFGS MAX CYCLES 2000 EXCEEDED, BUT FUNC NOT CONVERGED!
protocols.relax.FastRelax: CMD: min  -793.349  0.421937  0.421937  0.02805
protocols.relax.FastRelax: CMD: coord_cst_weight  -1431.27  0.421937  0.421937  0.02805
protocols.relax.FastRelax: CMD: scale:fa_rep  2786.6  0.421937  0.421937  0.14575
core.pack.task: Packer task: initialize from command line() 
core.pack.pack_rotamers: built 13930 rotamers at 983 positions.
core.pack.interaction_graph.interaction_graph_factory: Instantiating DensePDInteractionGraph
protocols.relax.FastRelax: CMD: repack  2257.39  0.421937  0.421937  0.14575
protocols.relax.FastRelax: CMD: scale:fa_rep  2519.8  0.421937  0.421937  0.154
core.optimization.Minimizer: [ WARNING ] LBFGS MAX CYCLES 2000 EXCEEDED, BUT FUNC NOT CONVERGED!
protocols.relax.FastRelax: CMD: min  -1169.13  0.543488  0.543488  0.154
protocols.relax.FastRelax: CMD: coord_cst_weight  -2228.82  0.543488  0.543488  0.154
protocols.relax.FastRelax: CMD: scale:fa_rep  -1509.99  0.543488  0.543488  0.30745
core.pack.task: Packer task: initialize from command line() 
core.pack.pack_rotamers: built 13611 rotamers at 983 positions.
core.pack.interaction_graph.interaction_graph_factory: Instantiating DensePDInteractionGraph
protocols.relax.FastRelax: CMD: repack  -1527.11  0.543488  0.543488  0.30745
protocols.relax.FastRelax: CMD: scale:fa_rep  -1471.31  0.543488  0.543488  0.31955
core.optimization.Minimizer: [ WARNING ] LBFGS MAX CYCLES 2000 EXCEEDED, BUT FUNC NOT CONVERGED!
protocols.relax.FastRelax: CMD: min  -2402.44  1.68565  1.68565  0.31955
protocols.relax.FastRelax: CMD: coord_cst_weight  -2402.44  1.68565  1.68565  0.31955
protocols.relax.FastRelax: CMD: scale:fa_rep  -1952.78  1.68565  1.68565  0.55
core.pack.task: Packer task: initialize from command line() 
core.pack.pack_rotamers: built 13653 rotamers at 983 positions.
core.pack.interaction_graph.interaction_graph_factory: Instantiating DensePDInteractionGraph
protocols.relax.FastRelax: CMD: repack  -1965.1  1.68565  1.68565  0.55
protocols.relax.FastRelax: CMD: min  -2076.06  1.94573  1.94573  0.55
protocols.relax.FastRelax: MRP: 11  -2076.06  -2109.73  1.96992  1.96992  
protocols.relax.FastRelax: CMD: accept_to_best  -2076.06  1.94573  1.94573  0.55
protocols.relax.FastRelax: CMD: endrepeat  -2076.06  1.94573  1.94573  0.55
protocols.relax.FastRelax: CMD: coord_cst_weight  642769  1.94573  1.94573  0.55
protocols.relax.FastRelax: CMD: scale:fa_rep  642064  1.94573  1.94573  0.022
core.pack.task: Packer task: initialize from command line() 
core.pack.pack_rotamers: built 15588 rotamers at 983 positions.
core.pack.interaction_graph.interaction_graph_factory: Instantiating DensePDInteractionGraph
protocols.relax.FastRelax: CMD: repack  642005  1.94573  1.94573  0.022
protocols.relax.FastRelax: CMD: scale:fa_rep  642025  1.94573  1.94573  0.02805
core.optimization.Minimizer: [ WARNING ] LBFGS MAX CYCLES 2000 EXCEEDED, BUT FUNC NOT CONVERGED!
protocols.relax.FastRelax: CMD: min  -617.749  0.447963  0.447963  0.02805
protocols.relax.FastRelax: CMD: coord_cst_weight  -1337.6  0.447963  0.447963  0.02805
protocols.relax.FastRelax: CMD: scale:fa_rep  2871.15  0.447963  0.447963  0.14575
core.pack.task: Packer task: initialize from command line() 
core.pack.pack_rotamers: built 13946 rotamers at 983 positions.
core.pack.interaction_graph.interaction_graph_factory: Instantiating DensePDInteractionGraph
protocols.relax.FastRelax: CMD: repack  2185.95  0.447963  0.447963  0.14575
protocols.relax.FastRelax: CMD: scale:fa_rep  2438.32  0.447963  0.447963  0.154
core.optimization.Minimizer: [ WARNING ] LBFGS MAX CYCLES 2000 EXCEEDED, BUT FUNC NOT CONVERGED!
protocols.relax.FastRelax: CMD: min  -1152.22  0.547445  0.547445  0.154
protocols.relax.FastRelax: CMD: coord_cst_weight  -2222.22  0.547445  0.547445  0.154
protocols.relax.FastRelax: CMD: scale:fa_rep  -1497.24  0.547445  0.547445  0.30745
core.pack.task: Packer task: initialize from command line() 
core.pack.pack_rotamers: built 13675 rotamers at 983 positions.
core.pack.interaction_graph.interaction_graph_factory: Instantiating DensePDInteractionGraph
protocols.relax.FastRelax: CMD: repack  -1512.37  0.547445  0.547445  0.30745
protocols.relax.FastRelax: CMD: scale:fa_rep  -1455.99  0.547445  0.547445  0.31955
core.optimization.Minimizer: [ WARNING ] LBFGS MAX CYCLES 2000 EXCEEDED, BUT FUNC NOT CONVERGED!
protocols.relax.FastRelax: CMD: min  -2417.7  1.8966  1.8966  0.31955
protocols.relax.FastRelax: CMD: coord_cst_weight  -2417.7  1.8966  1.8966  0.31955
protocols.relax.FastRelax: CMD: scale:fa_rep  -1966.56  1.8966  1.8966  0.55
core.pack.task: Packer task: initialize from command line() 
core.pack.pack_rotamers: built 13745 rotamers at 983 positions.
core.pack.interaction_graph.interaction_graph_factory: Instantiating DensePDInteractionGraph
protocols.relax.FastRelax: CMD: repack  -1973.86  1.8966  1.8966  0.55
protocols.relax.FastRelax: CMD: min  -2079.07  2.11846  2.11846  0.55
protocols.relax.FastRelax: MRP: 12  -2079.07  -2109.73  1.96992  1.96992  
protocols.relax.FastRelax: CMD: accept_to_best  -2079.07  2.11846  2.11846  0.55
protocols.relax.FastRelax: CMD: endrepeat  -2079.07  2.11846  2.11846  0.55
protocols.relax.FastRelax: CMD: coord_cst_weight  443560  2.11846  2.11846  0.55
protocols.relax.FastRelax: CMD: scale:fa_rep  442846  2.11846  2.11846  0.022
core.pack.task: Packer task: initialize from command line() 
core.pack.pack_rotamers: built 15601 rotamers at 983 positions.
core.pack.interaction_graph.interaction_graph_factory: Instantiating DensePDInteractionGraph
protocols.relax.FastRelax: CMD: repack  442784  2.11846  2.11846  0.022
protocols.relax.FastRelax: CMD: scale:fa_rep  442803  2.11846  2.11846  0.02805
core.optimization.Minimizer: [ WARNING ] LBFGS MAX CYCLES 2000 EXCEEDED, BUT FUNC NOT CONVERGED!
protocols.relax.FastRelax: CMD: min  -870.054  0.421519  0.421519  0.02805
protocols.relax.FastRelax: CMD: coord_cst_weight  -1500.55  0.421519  0.421519  0.02805
protocols.relax.FastRelax: CMD: scale:fa_rep  2578.35  0.421519  0.421519  0.14575
core.pack.task: Packer task: initialize from command line() 
core.pack.pack_rotamers: built 13954 rotamers at 983 positions.
core.pack.interaction_graph.interaction_graph_factory: Instantiating DensePDInteractionGraph
protocols.relax.FastRelax: CMD: repack  1913.27  0.421519  0.421519  0.14575
protocols.relax.FastRelax: CMD: scale:fa_rep  2157.88  0.421519  0.421519  0.154
core.optimization.Minimizer: [ WARNING ] LBFGS MAX CYCLES 2000 EXCEEDED, BUT FUNC NOT CONVERGED!
protocols.relax.FastRelax: CMD: min  -1182.26  0.544983  0.544983  0.154
protocols.relax.FastRelax: CMD: coord_cst_weight  -2237.53  0.544983  0.544983  0.154
protocols.relax.FastRelax: CMD: scale:fa_rep  -1519.68  0.544983  0.544983  0.30745
core.pack.task: Packer task: initialize from command line() 
core.pack.pack_rotamers: built 13762 rotamers at 983 positions.
core.pack.interaction_graph.interaction_graph_factory: Instantiating DensePDInteractionGraph
protocols.relax.FastRelax: CMD: repack  -1528.23  0.544983  0.544983  0.30745
protocols.relax.FastRelax: CMD: scale:fa_rep  -1472.23  0.544983  0.544983  0.31955
core.optimization.Minimizer: [ WARNING ] LBFGS MAX CYCLES 2000 EXCEEDED, BUT FUNC NOT CONVERGED!
protocols.relax.FastRelax: CMD: min  -2415.52  1.80221  1.80221  0.31955
protocols.relax.FastRelax: CMD: coord_cst_weight  -2415.52  1.80221  1.80221  0.31955
protocols.relax.FastRelax: CMD: scale:fa_rep  -1966.76  1.80221  1.80221  0.55
core.pack.task: Packer task: initialize from command line() 
core.pack.pack_rotamers: built 13772 rotamers at 983 positions.
core.pack.interaction_graph.interaction_graph_factory: Instantiating DensePDInteractionGraph
protocols.relax.FastRelax: CMD: repack  -1977.44  1.80221  1.80221  0.55
protocols.relax.FastRelax: CMD: min  -2093.79  2.01094  2.01094  0.55
protocols.relax.FastRelax: MRP: 13  -2093.79  -2109.73  1.96992  1.96992  
protocols.relax.FastRelax: CMD: accept_to_best  -2093.79  2.01094  2.01094  0.55
protocols.relax.FastRelax: CMD: endrepeat  -2093.79  2.01094  2.01094  0.55
protocols.relax.FastRelax: CMD: coord_cst_weight  637048  2.01094  2.01094  0.55
protocols.relax.FastRelax: CMD: scale:fa_rep  636334  2.01094  2.01094  0.022
core.pack.task: Packer task: initialize from command line() 
core.pack.pack_rotamers: built 15663 rotamers at 983 positions.
core.pack.interaction_graph.interaction_graph_factory: Instantiating DensePDInteractionGraph
protocols.relax.FastRelax: CMD: repack  636298  2.01094  2.01094  0.022
protocols.relax.FastRelax: CMD: scale:fa_rep  636321  2.01094  2.01094  0.02805
core.optimization.Minimizer: [ WARNING ] LBFGS MAX CYCLES 2000 EXCEEDED, BUT FUNC NOT CONVERGED!
protocols.relax.FastRelax: CMD: min  -961.179  0.416328  0.416328  0.02805
protocols.relax.FastRelax: CMD: coord_cst_weight  -1574.31  0.416328  0.416328  0.02805
protocols.relax.FastRelax: CMD: scale:fa_rep  2317.27  0.416328  0.416328  0.14575
core.pack.task: Packer task: initialize from command line() 
core.pack.pack_rotamers: built 14015 rotamers at 983 positions.
core.pack.interaction_graph.interaction_graph_factory: Instantiating DensePDInteractionGraph
protocols.relax.FastRelax: CMD: repack  1983.91  0.416328  0.416328  0.14575
protocols.relax.FastRelax: CMD: scale:fa_rep  2234.98  0.416328  0.416328  0.154
core.optimization.Minimizer: [ WARNING ] LBFGS MAX CYCLES 2000 EXCEEDED, BUT FUNC NOT CONVERGED!
protocols.relax.FastRelax: CMD: min  -1199.84  0.536915  0.536915  0.154
protocols.relax.FastRelax: CMD: coord_cst_weight  -2225.39  0.536915  0.536915  0.154
protocols.relax.FastRelax: CMD: scale:fa_rep  -1515.96  0.536915  0.536915  0.30745
core.pack.task: Packer task: initialize from command line() 
core.pack.pack_rotamers: built 13907 rotamers at 983 positions.
core.pack.interaction_graph.interaction_graph_factory: Instantiating DensePDInteractionGraph
protocols.relax.FastRelax: CMD: repack  -1523.15  0.536915  0.536915  0.30745
protocols.relax.FastRelax: CMD: scale:fa_rep  -1467.66  0.536915  0.536915  0.31955
core.optimization.Minimizer: [ WARNING ] LBFGS MAX CYCLES 2000 EXCEEDED, BUT FUNC NOT CONVERGED!
protocols.relax.FastRelax: CMD: min  -2441.21  1.89463  1.89463  0.31955
protocols.relax.FastRelax: CMD: coord_cst_weight  -2441.21  1.89463  1.89463  0.31955
protocols.relax.FastRelax: CMD: scale:fa_rep  -1994.41  1.89463  1.89463  0.55
core.pack.task: Packer task: initialize from command line() 
core.pack.pack_rotamers: built 13737 rotamers at 983 positions.
core.pack.interaction_graph.interaction_graph_factory: Instantiating DensePDInteractionGraph
protocols.relax.FastRelax: CMD: repack  -2002.5  1.89463  1.89463  0.55
protocols.relax.FastRelax: CMD: min  -2098.13  2.10945  2.10945  0.55
protocols.relax.FastRelax: MRP: 14  -2098.13  -2109.73  1.96992  1.96992  
protocols.relax.FastRelax: CMD: accept_to_best  -2098.13  2.10945  2.10945  0.55
protocols.relax.FastRelax: CMD: endrepeat  -2098.13  2.10945  2.10945  0.55
protocols::checkpoint: Deleting checkpoints of FastRelax
protocols.jd2.JobDistributor: PDE4D_dimer_prerelax_10_0001 reported success in 58054 seconds
protocols.jd2.JobDistributor: no more batches to process... 
protocols.jd2.JobDistributor: 1 jobs considered, 1 jobs attempted in 58054 seconds
basic.citation_manager.CitationManager: 
The following Rosetta modules were used during this run of Rosetta, and should be cited:

FastRelax Mover's citation(s):
*Tyka MD, *Keedy DA, André I, Dimaio F, Song Y, Richardson DC, Richardson JS, and Baker D.  (2011).  Alternate states of proteins revealed by detailed energy landscape mapping.  J Mol Biol 405(2):607-18.  doi: 10.1016/j.jmb.2010.11.008.  (*Co-primary authors.)

Khatib F, Cooper S, Tyka MD, Xu K, Makedon I, Popovic Z, Baker D, and Players F.  (2011).  Algorithm discovery by protein folding game players.  Proc Natl Acad Sci USA 108(47):18949-53.  doi: 10.1073/pnas.1115898108.

Maguire JB, Haddox HK, Strickland D, Halabiya SF, Coventry B, Griffin JR, Pulavarti SVSRK, Cummins M, Thieker DF, Klavins E, Szyperski T, DiMaio F, Baker D, and Kuhlman B.  (2021).  Perturbing the energy landscape for improved packing during computational protein design.  Proteins 89(4):436-449.  doi: 10.1002/prot.26030.


