********  (C) Copyright Rosetta Commons Member Institutions.  ***************
* Use of Rosetta for commercial purposes may require purchase of a license. *
********  See LICENSE.md or email license@uw.edu for more details. **********
core.init: Checking for fconfig files in pwd and ./rosetta/flags 
core.init: Rosetta version: rosetta.binary.ubuntu.release-408 r408 2025.37+release.df75a9c48e df75a9c48e763e52a7aa3f5dfba077f4da88dbf5 https://www.rosettacommons.org 2025-09-10T02:14:08.564791
core.init: Rosetta extras: []
core.init: command: /home/gbiuser/Downloads/rosetta.binary.ubuntu.release-408/main/source/bin/relax.default.linuxgccrelease -s ../PDE4D_dimer_prerelax.pdb -relax:thorough -relax:constrain_relax_to_start_coords -constraints:cst_file cst.cst -nstruct 1 -out:suffix _5 -out:file:silent relax_5.silent -out:file:silent_struct_type binary
basic.random.init_random_generator: 'RNG device' seed mode, using '/dev/urandom', seed=-2137630782 seed_offset=0 real_seed=-2137630782
basic.random.init_random_generator: RandomGenerator:init: Normal mode, seed=-2137630782 RG_type=mt19937
core.init: Resolved executable path: /home/gbiuser/Downloads/rosetta.binary.ubuntu.release-408/main/source/build/src/release/linux/6.8/64/x86/gcc/11/default/relax.default.linuxgccrelease
core.init: Looking for database based on location of executable: /home/gbiuser/Downloads/rosetta.binary.ubuntu.release-408/main/database/
core.scoring.ScoreFunctionFactory: SCOREFUNCTION: ref2015
core.scoring.etable: Starting energy table calculation
core.scoring.etable: smooth_etable: changing atr/rep split to bottom of energy well
core.scoring.etable: smooth_etable: spline smoothing lj etables (maxdis = 6)
core.scoring.etable: smooth_etable: spline smoothing solvation etables (max_dis = 6)
core.scoring.etable: Finished calculating energy tables.
basic.io.database: Database file opened: scoring/score_functions/hbonds/ref2015_params/HBPoly1D.csv
basic.io.database: Database file opened: scoring/score_functions/hbonds/ref2015_params/HBFadeIntervals.csv
basic.io.database: Database file opened: scoring/score_functions/hbonds/ref2015_params/HBEval.csv
basic.io.database: Database file opened: scoring/score_functions/hbonds/ref2015_params/DonStrength.csv
basic.io.database: Database file opened: scoring/score_functions/hbonds/ref2015_params/AccStrength.csv
core.chemical.GlobalResidueTypeSet: Finished initializing fa_standard residue type set.  Created 985 residue types
core.chemical.GlobalResidueTypeSet: Total time to initialize 1.22188 seconds.
basic.io.database: Database file opened: scoring/score_functions/rama/fd/all.ramaProb
basic.io.database: Database file opened: scoring/score_functions/rama/fd/prepro.ramaProb
basic.io.database: Database file opened: scoring/score_functions/omega/omega_ppdep.all.txt
basic.io.database: Database file opened: scoring/score_functions/omega/omega_ppdep.gly.txt
basic.io.database: Database file opened: scoring/score_functions/omega/omega_ppdep.pro.txt
basic.io.database: Database file opened: scoring/score_functions/omega/omega_ppdep.valile.txt
basic.io.database: Database file opened: scoring/score_functions/P_AA_pp/P_AA
basic.io.database: Database file opened: scoring/score_functions/P_AA_pp/P_AA_n
core.scoring.P_AA: shapovalov_lib::shap_p_aa_pp_smooth_level of 1( aka low_smooth ) got activated.
basic.io.database: Database file opened: scoring/score_functions/P_AA_pp/shapovalov/10deg/kappa131/a20.prop
protocols.relax.RelaxScriptManager: Reading relax scripts list from database.
protocols.relax.RelaxScriptManager: Looking for MonomerRelax2019.txt
protocols.relax.RelaxScriptManager: ================== Reading script file: /home/gbiuser/Downloads/rosetta.binary.ubuntu.release-408/main/database/sampling/relax_scripts/MonomerRelax2019.txt ==================
protocols.relax.RelaxScriptManager: repeat %%nrepeats%%
protocols.relax.RelaxScriptManager: coord_cst_weight 1.0
protocols.relax.RelaxScriptManager: scale:fa_rep 0.040
protocols.relax.RelaxScriptManager: repack
protocols.relax.RelaxScriptManager: scale:fa_rep 0.051
protocols.relax.RelaxScriptManager: min 0.01
protocols.relax.RelaxScriptManager: coord_cst_weight 0.5
protocols.relax.RelaxScriptManager: scale:fa_rep 0.265
protocols.relax.RelaxScriptManager: repack
protocols.relax.RelaxScriptManager: scale:fa_rep 0.280
protocols.relax.RelaxScriptManager: min 0.01
protocols.relax.RelaxScriptManager: coord_cst_weight 0.0
protocols.relax.RelaxScriptManager: scale:fa_rep 0.559
protocols.relax.RelaxScriptManager: repack
protocols.relax.RelaxScriptManager: scale:fa_rep 0.581
protocols.relax.RelaxScriptManager: min 0.01
protocols.relax.RelaxScriptManager: coord_cst_weight 0.0
protocols.relax.RelaxScriptManager: scale:fa_rep 1
protocols.relax.RelaxScriptManager: repack
protocols.relax.RelaxScriptManager: min 0.00001
protocols.relax.RelaxScriptManager: accept_to_best
protocols.relax.RelaxScriptManager: endrepeat
core.scoring.constraints.util: Constraint choice: cst.cst
protocols.jd2.PDBJobInputter: Instantiate PDBJobInputter
protocols.jd2.PDBJobInputter: PDBJobInputter::fill_jobs
protocols.jd2.PDBJobInputter: pushed ../PDE4D_dimer_prerelax.pdb nstruct index 1
protocols.evaluation.ChiWellRmsdEvaluatorCreator: Evaluation Creator active ... 
protocols.jd2.PDBJobInputter: PDBJobInputter::pose_from_job
protocols.jd2.PDBJobInputter: filling pose from PDB ../PDE4D_dimer_prerelax.pdb
core.import_pose.import_pose: File '../PDE4D_dimer_prerelax.pdb' automatically determined to be of type PDB from contents.
core.io.pose_from_sfr.PoseFromSFRBuilder: [ WARNING ] discarding 3 atoms at position 1 in file ../PDE4D_dimer_prerelax.pdb. Best match rsd_type:  VAL:NtermProteinFull
core.io.pose_from_sfr.PoseFromSFRBuilder: [ WARNING ] discarding 3 atoms at position 492 in file ../PDE4D_dimer_prerelax.pdb. Best match rsd_type:  VAL:NtermProteinFull
core.scoring.constraints.ConstraintsIO: read constraints from cst.cst
core.scoring.constraints.ConstraintsIO: Read in 28 constraints
basic.io.database: Database file opened: scoring/score_functions/elec_cp_reps.dat
core.scoring.elec.util: Read 40 countpair representative atoms
core.pack.dunbrack.RotamerLibrary: shapovalov_lib_fixes_enable option is true.
core.pack.dunbrack.RotamerLibrary: shapovalov_lib::shap_dun10_smooth_level of 1( aka lowest_smooth ) got activated.
core.pack.dunbrack.RotamerLibrary: Binary rotamer library selected: /home/gbiuser/Downloads/rosetta.binary.ubuntu.release-408/main/database/rotamer/shapovalov/StpDwn_0-0-0/Dunbrack10.lib.bin
core.pack.dunbrack.RotamerLibrary: Using Dunbrack library binary file '/home/gbiuser/Downloads/rosetta.binary.ubuntu.release-408/main/database/rotamer/shapovalov/StpDwn_0-0-0/Dunbrack10.lib.bin'.
core.pack.dunbrack.RotamerLibrary: Dunbrack 2010 library took 0.293373 seconds to load from binary
protocols.relax.FastRelax: CMD: repeat  112488  0  0  0.55
protocols.relax.FastRelax: CMD: coord_cst_weight  112488  0  0  0.55
protocols.relax.FastRelax: CMD: scale:fa_rep  1645.59  0  0  0.022
core.pack.task: Packer task: initialize from command line() 
core.pack.pack_rotamers: built 14937 rotamers at 983 positions.
core.pack.interaction_graph.interaction_graph_factory: Instantiating DensePDInteractionGraph
protocols.relax.FastRelax: CMD: repack  -199.492  0  0  0.022
protocols.relax.FastRelax: CMD: scale:fa_rep  592.36  0  0  0.02805
core.optimization.Minimizer: [ WARNING ] LBFGS MAX CYCLES 2000 EXCEEDED, BUT FUNC NOT CONVERGED!
protocols.relax.FastRelax: CMD: min  -1744.71  0.300455  0.300455  0.02805
protocols.relax.FastRelax: CMD: coord_cst_weight  -2067.44  0.300455  0.300455  0.02805
protocols.relax.FastRelax: CMD: scale:fa_rep  1154.16  0.300455  0.300455  0.14575
core.pack.task: Packer task: initialize from command line() 
core.pack.pack_rotamers: built 13723 rotamers at 983 positions.
core.pack.interaction_graph.interaction_graph_factory: Instantiating DensePDInteractionGraph
protocols.relax.FastRelax: CMD: repack  1018.71  0.300455  0.300455  0.14575
protocols.relax.FastRelax: CMD: scale:fa_rep  1232.55  0.300455  0.300455  0.154
core.optimization.Minimizer: [ WARNING ] LBFGS MAX CYCLES 2000 EXCEEDED, BUT FUNC NOT CONVERGED!
protocols.relax.FastRelax: CMD: min  -1289.08  0.457938  0.457938  0.154
protocols.relax.FastRelax: CMD: coord_cst_weight  -2054.93  0.457938  0.457938  0.154
protocols.relax.FastRelax: CMD: scale:fa_rep  -1271.52  0.457938  0.457938  0.30745
core.pack.task: Packer task: initialize from command line() 
core.pack.pack_rotamers: built 13574 rotamers at 983 positions.
core.pack.interaction_graph.interaction_graph_factory: Instantiating DensePDInteractionGraph
protocols.relax.FastRelax: CMD: repack  -1272.84  0.457938  0.457938  0.30745
protocols.relax.FastRelax: CMD: scale:fa_rep  -1211.29  0.457938  0.457938  0.31955
core.optimization.Minimizer: [ WARNING ] LBFGS MAX CYCLES 2000 EXCEEDED, BUT FUNC NOT CONVERGED!
protocols.relax.FastRelax: CMD: min  -2285.43  2.30871  2.30871  0.31955
protocols.relax.FastRelax: CMD: coord_cst_weight  -2285.43  2.30871  2.30871  0.31955
protocols.relax.FastRelax: CMD: scale:fa_rep  -1830.25  2.30871  2.30871  0.55
core.pack.task: Packer task: initialize from command line() 
core.pack.pack_rotamers: built 13733 rotamers at 983 positions.
core.pack.interaction_graph.interaction_graph_factory: Instantiating DensePDInteractionGraph
protocols.relax.FastRelax: CMD: repack  -1856.8  2.30871  2.30871  0.55
protocols.relax.FastRelax: CMD: min  -2057.82  2.40209  2.40209  0.55
protocols.relax.FastRelax: MRP: 0  -2057.82  -2057.82  2.40209  2.40209  
protocols.relax.FastRelax: CMD: accept_to_best  -2057.82  2.40209  2.40209  0.55
protocols.relax.FastRelax: CMD: endrepeat  -2057.82  2.40209  2.40209  0.55
protocols.relax.FastRelax: CMD: coord_cst_weight  2.74063e+06  2.40209  2.40209  0.55
protocols.relax.FastRelax: CMD: scale:fa_rep  2.73993e+06  2.40209  2.40209  0.022
core.pack.task: Packer task: initialize from command line() 
core.pack.pack_rotamers: built 15472 rotamers at 983 positions.
core.pack.interaction_graph.interaction_graph_factory: Instantiating DensePDInteractionGraph
protocols.relax.FastRelax: CMD: repack  2.73988e+06  2.40209  2.40209  0.022
protocols.relax.FastRelax: CMD: scale:fa_rep  2.7399e+06  2.40209  2.40209  0.02805
core.optimization.Minimizer: [ WARNING ] LBFGS MAX CYCLES 2000 EXCEEDED, BUT FUNC NOT CONVERGED!
protocols.relax.FastRelax: CMD: min  -963.583  0.3796  0.3796  0.02805
protocols.relax.FastRelax: CMD: coord_cst_weight  -1489.62  0.3796  0.3796  0.02805
protocols.relax.FastRelax: CMD: scale:fa_rep  2802.56  0.3796  0.3796  0.14575
core.pack.task: Packer task: initialize from command line() 
core.pack.pack_rotamers: built 13819 rotamers at 983 positions.
core.pack.interaction_graph.interaction_graph_factory: Instantiating DensePDInteractionGraph
protocols.relax.FastRelax: CMD: repack  2019.74  0.3796  0.3796  0.14575
protocols.relax.FastRelax: CMD: scale:fa_rep  2275.06  0.3796  0.3796  0.154
core.optimization.Minimizer: [ WARNING ] LBFGS MAX CYCLES 2000 EXCEEDED, BUT FUNC NOT CONVERGED!
protocols.relax.FastRelax: CMD: min  -1337.75  0.488151  0.488151  0.154
protocols.relax.FastRelax: CMD: coord_cst_weight  -2210.05  0.488151  0.488151  0.154
protocols.relax.FastRelax: CMD: scale:fa_rep  -1491.87  0.488151  0.488151  0.30745
core.pack.task: Packer task: initialize from command line() 
core.pack.pack_rotamers: built 13532 rotamers at 983 positions.
core.pack.interaction_graph.interaction_graph_factory: Instantiating DensePDInteractionGraph
protocols.relax.FastRelax: CMD: repack  -1509.11  0.488151  0.488151  0.30745
protocols.relax.FastRelax: CMD: scale:fa_rep  -1453.18  0.488151  0.488151  0.31955
core.optimization.Minimizer: [ WARNING ] LBFGS MAX CYCLES 2000 EXCEEDED, BUT FUNC NOT CONVERGED!
protocols.relax.FastRelax: CMD: min  -2406.99  2.46023  2.46023  0.31955
protocols.relax.FastRelax: CMD: coord_cst_weight  -2406.99  2.46023  2.46023  0.31955
protocols.relax.FastRelax: CMD: scale:fa_rep  -1972.46  2.46023  2.46023  0.55
core.pack.task: Packer task: initialize from command line() 
core.pack.pack_rotamers: built 13644 rotamers at 983 positions.
core.pack.interaction_graph.interaction_graph_factory: Instantiating DensePDInteractionGraph
protocols.relax.FastRelax: CMD: repack  -1998.39  2.46023  2.46023  0.55
protocols.relax.FastRelax: CMD: min  -2115.7  2.79578  2.79578  0.55
protocols.relax.FastRelax: MRP: 1  -2115.7  -2115.7  2.79578  2.79578  
protocols.relax.FastRelax: CMD: accept_to_best  -2115.7  2.79578  2.79578  0.55
protocols.relax.FastRelax: CMD: endrepeat  -2115.7  2.79578  2.79578  0.55
protocols.relax.FastRelax: CMD: coord_cst_weight  1.46106e+06  2.79578  2.79578  0.55
protocols.relax.FastRelax: CMD: scale:fa_rep  1.46037e+06  2.79578  2.79578  0.022
core.pack.task: Packer task: initialize from command line() 
core.pack.pack_rotamers: built 15387 rotamers at 983 positions.
core.pack.interaction_graph.interaction_graph_factory: Instantiating DensePDInteractionGraph
protocols.relax.FastRelax: CMD: repack  1.46037e+06  2.79578  2.79578  0.022
protocols.relax.FastRelax: CMD: scale:fa_rep  1.46039e+06  2.79578  2.79578  0.02805
core.optimization.Minimizer: [ WARNING ] LBFGS MAX CYCLES 2000 EXCEEDED, BUT FUNC NOT CONVERGED!
protocols.relax.FastRelax: CMD: min  1.50191  0.379323  0.379323  0.02805
protocols.relax.FastRelax: CMD: coord_cst_weight  -522.171  0.379323  0.379323  0.02805
protocols.relax.FastRelax: CMD: scale:fa_rep  7809.21  0.379323  0.379323  0.14575
core.pack.task: Packer task: initialize from command line() 
core.pack.pack_rotamers: built 13810 rotamers at 983 positions.
core.pack.interaction_graph.interaction_graph_factory: Instantiating DensePDInteractionGraph
protocols.relax.FastRelax: CMD: repack  6378.21  0.379323  0.379323  0.14575
protocols.relax.FastRelax: CMD: scale:fa_rep  6881.78  0.379323  0.379323  0.154
core.optimization.Minimizer: [ WARNING ] LBFGS MAX CYCLES 2000 EXCEEDED, BUT FUNC NOT CONVERGED!
protocols.relax.FastRelax: CMD: min  -748.708  0.595794  0.595794  0.154
protocols.relax.FastRelax: CMD: coord_cst_weight  -2020.95  0.595794  0.595794  0.154
protocols.relax.FastRelax: CMD: scale:fa_rep  -1212.63  0.595794  0.595794  0.30745
core.pack.task: Packer task: initialize from command line() 
core.pack.pack_rotamers: built 13567 rotamers at 983 positions.
core.pack.interaction_graph.interaction_graph_factory: Instantiating DensePDInteractionGraph
protocols.relax.FastRelax: CMD: repack  -1250.57  0.595794  0.595794  0.30745
protocols.relax.FastRelax: CMD: scale:fa_rep  -1188.49  0.595794  0.595794  0.31955
core.optimization.Minimizer: [ WARNING ] LBFGS MAX CYCLES 2000 EXCEEDED, BUT FUNC NOT CONVERGED!
protocols.relax.FastRelax: CMD: min  -2342.34  3.3781  3.3781  0.31955
protocols.relax.FastRelax: CMD: coord_cst_weight  -2342.34  3.3781  3.3781  0.31955
protocols.relax.FastRelax: CMD: scale:fa_rep  -1891.29  3.3781  3.3781  0.55
core.pack.task: Packer task: initialize from command line() 
core.pack.pack_rotamers: built 13742 rotamers at 983 positions.
core.pack.interaction_graph.interaction_graph_factory: Instantiating DensePDInteractionGraph
protocols.relax.FastRelax: CMD: repack  -1910.77  3.3781  3.3781  0.55
protocols.relax.FastRelax: CMD: min  -2029.92  3.94711  3.94711  0.55
protocols.relax.FastRelax: MRP: 2  -2029.92  -2115.7  2.79578  2.79578  
protocols.relax.FastRelax: CMD: accept_to_best  -2029.92  3.94711  3.94711  0.55
protocols.relax.FastRelax: CMD: endrepeat  -2029.92  3.94711  3.94711  0.55
protocols.relax.FastRelax: CMD: coord_cst_weight  387860  3.94711  3.94711  0.55
protocols.relax.FastRelax: CMD: scale:fa_rep  387145  3.94711  3.94711  0.022
core.pack.task: Packer task: initialize from command line() 
core.pack.pack_rotamers: built 15547 rotamers at 983 positions.
core.pack.interaction_graph.interaction_graph_factory: Instantiating DensePDInteractionGraph
protocols.relax.FastRelax: CMD: repack  387096  3.94711  3.94711  0.022
protocols.relax.FastRelax: CMD: scale:fa_rep  387115  3.94711  3.94711  0.02805
core.optimization.Minimizer: [ WARNING ] LBFGS MAX CYCLES 2000 EXCEEDED, BUT FUNC NOT CONVERGED!
protocols.relax.FastRelax: CMD: min  -487.349  0.332955  0.332955  0.02805
protocols.relax.FastRelax: CMD: coord_cst_weight  -896.812  0.332955  0.332955  0.02805
protocols.relax.FastRelax: CMD: scale:fa_rep  6706.42  0.332955  0.332955  0.14575
core.pack.task: Packer task: initialize from command line() 
core.pack.pack_rotamers: built 13930 rotamers at 983 positions.
core.pack.interaction_graph.interaction_graph_factory: Instantiating DensePDInteractionGraph
protocols.relax.FastRelax: CMD: repack  5463.14  0.332955  0.332955  0.14575
protocols.relax.FastRelax: CMD: scale:fa_rep  5921.98  0.332955  0.332955  0.154
core.optimization.Minimizer: [ WARNING ] LBFGS MAX CYCLES 2000 EXCEEDED, BUT FUNC NOT CONVERGED!
protocols.relax.FastRelax: CMD: min  -1270.43  0.478054  0.478054  0.154
protocols.relax.FastRelax: CMD: coord_cst_weight  -2123.6  0.478054  0.478054  0.154
protocols.relax.FastRelax: CMD: scale:fa_rep  -1380.75  0.478054  0.478054  0.30745
core.pack.task: Packer task: initialize from command line() 
core.pack.pack_rotamers: built 13567 rotamers at 983 positions.
core.pack.interaction_graph.interaction_graph_factory: Instantiating DensePDInteractionGraph
protocols.relax.FastRelax: CMD: repack  -1396.06  0.478054  0.478054  0.30745
protocols.relax.FastRelax: CMD: scale:fa_rep  -1337.73  0.478054  0.478054  0.31955
core.optimization.Minimizer: [ WARNING ] LBFGS MAX CYCLES 2000 EXCEEDED, BUT FUNC NOT CONVERGED!
protocols.relax.FastRelax: CMD: min  -2368.88  2.15229  2.15229  0.31955
protocols.relax.FastRelax: CMD: coord_cst_weight  -2368.88  2.15229  2.15229  0.31955
protocols.relax.FastRelax: CMD: scale:fa_rep  -1925.62  2.15229  2.15229  0.55
core.pack.task: Packer task: initialize from command line() 
core.pack.pack_rotamers: built 13723 rotamers at 983 positions.
core.pack.interaction_graph.interaction_graph_factory: Instantiating DensePDInteractionGraph
protocols.relax.FastRelax: CMD: repack  -1941.87  2.15229  2.15229  0.55
protocols.relax.FastRelax: CMD: min  -2064.69  2.28939  2.28939  0.55
protocols.relax.FastRelax: MRP: 3  -2064.69  -2115.7  2.79578  2.79578  
protocols.relax.FastRelax: CMD: accept_to_best  -2064.69  2.28939  2.28939  0.55
protocols.relax.FastRelax: CMD: endrepeat  -2064.69  2.28939  2.28939  0.55
protocols.relax.FastRelax: CMD: coord_cst_weight  158828  2.28939  2.28939  0.55
protocols.relax.FastRelax: CMD: scale:fa_rep  158125  2.28939  2.28939  0.022
core.pack.task: Packer task: initialize from command line() 
core.pack.pack_rotamers: built 15575 rotamers at 983 positions.
core.pack.interaction_graph.interaction_graph_factory: Instantiating DensePDInteractionGraph
protocols.relax.FastRelax: CMD: repack  158073  2.28939  2.28939  0.022
protocols.relax.FastRelax: CMD: scale:fa_rep  158095  2.28939  2.28939  0.02805
core.optimization.Minimizer: [ WARNING ] LBFGS MAX CYCLES 2000 EXCEEDED, BUT FUNC NOT CONVERGED!
protocols.relax.FastRelax: CMD: min  -1353.1  0.365549  0.365549  0.02805
protocols.relax.FastRelax: CMD: coord_cst_weight  -1831.72  0.365549  0.365549  0.02805
protocols.relax.FastRelax: CMD: scale:fa_rep  1437.98  0.365549  0.365549  0.14575
core.pack.task: Packer task: initialize from command line() 
core.pack.pack_rotamers: built 13990 rotamers at 983 positions.
core.pack.interaction_graph.interaction_graph_factory: Instantiating DensePDInteractionGraph
protocols.relax.FastRelax: CMD: repack  930.336  0.365549  0.365549  0.14575
protocols.relax.FastRelax: CMD: scale:fa_rep  1128.04  0.365549  0.365549  0.154
core.optimization.Minimizer: [ WARNING ] LBFGS MAX CYCLES 2000 EXCEEDED, BUT FUNC NOT CONVERGED!
protocols.relax.FastRelax: CMD: min  -1458.24  0.473345  0.473345  0.154
protocols.relax.FastRelax: CMD: coord_cst_weight  -2263.4  0.473345  0.473345  0.154
protocols.relax.FastRelax: CMD: scale:fa_rep  -1572.33  0.473345  0.473345  0.30745
core.pack.task: Packer task: initialize from command line() 
core.pack.pack_rotamers: built 13672 rotamers at 983 positions.
core.pack.interaction_graph.interaction_graph_factory: Instantiating DensePDInteractionGraph
protocols.relax.FastRelax: CMD: repack  -1579.69  0.473345  0.473345  0.30745
protocols.relax.FastRelax: CMD: scale:fa_rep  -1525.51  0.473345  0.473345  0.31955
core.optimization.Minimizer: [ WARNING ] LBFGS MAX CYCLES 2000 EXCEEDED, BUT FUNC NOT CONVERGED!
protocols.relax.FastRelax: CMD: min  -2400.2  1.73598  1.73598  0.31955
protocols.relax.FastRelax: CMD: coord_cst_weight  -2400.2  1.73598  1.73598  0.31955
protocols.relax.FastRelax: CMD: scale:fa_rep  -1946.71  1.73598  1.73598  0.55
core.pack.task: Packer task: initialize from command line() 
core.pack.pack_rotamers: built 13635 rotamers at 983 positions.
core.pack.interaction_graph.interaction_graph_factory: Instantiating DensePDInteractionGraph
protocols.relax.FastRelax: CMD: repack  -1964.03  1.73598  1.73598  0.55
protocols.relax.FastRelax: CMD: min  -2065.7  1.8127  1.8127  0.55
protocols.relax.FastRelax: MRP: 4  -2065.7  -2115.7  2.79578  2.79578  
protocols.relax.FastRelax: CMD: accept_to_best  -2065.7  1.8127  1.8127  0.55
protocols.relax.FastRelax: CMD: endrepeat  -2065.7  1.8127  1.8127  0.55
protocols.relax.FastRelax: CMD: coord_cst_weight  281141  1.8127  1.8127  0.55
protocols.relax.FastRelax: CMD: scale:fa_rep  280414  1.8127  1.8127  0.022
core.pack.task: Packer task: initialize from command line() 
core.pack.pack_rotamers: built 15389 rotamers at 983 positions.
core.pack.interaction_graph.interaction_graph_factory: Instantiating DensePDInteractionGraph
protocols.relax.FastRelax: CMD: repack  280359  1.8127  1.8127  0.022
protocols.relax.FastRelax: CMD: scale:fa_rep  280377  1.8127  1.8127  0.02805
core.optimization.Minimizer: [ WARNING ] LBFGS MAX CYCLES 2000 EXCEEDED, BUT FUNC NOT CONVERGED!
protocols.relax.FastRelax: CMD: min  -1448.68  0.363093  0.363093  0.02805
protocols.relax.FastRelax: CMD: coord_cst_weight  -1917.52  0.363093  0.363093  0.02805
protocols.relax.FastRelax: CMD: scale:fa_rep  1200.3  0.363093  0.363093  0.14575
core.pack.task: Packer task: initialize from command line() 
core.pack.pack_rotamers: built 14015 rotamers at 983 positions.
core.pack.interaction_graph.interaction_graph_factory: Instantiating DensePDInteractionGraph
protocols.relax.FastRelax: CMD: repack  999.393  0.363093  0.363093  0.14575
protocols.relax.FastRelax: CMD: scale:fa_rep  1204.09  0.363093  0.363093  0.154
core.optimization.Minimizer: [ WARNING ] LBFGS MAX CYCLES 2000 EXCEEDED, BUT FUNC NOT CONVERGED!
protocols.relax.FastRelax: CMD: min  -1443.5  0.480993  0.480993  0.154
protocols.relax.FastRelax: CMD: coord_cst_weight  -2273.63  0.480993  0.480993  0.154
protocols.relax.FastRelax: CMD: scale:fa_rep  -1577.23  0.480993  0.480993  0.30745
core.pack.task: Packer task: initialize from command line() 
core.pack.pack_rotamers: built 13679 rotamers at 983 positions.
core.pack.interaction_graph.interaction_graph_factory: Instantiating DensePDInteractionGraph
protocols.relax.FastRelax: CMD: repack  -1590.78  0.480993  0.480993  0.30745
protocols.relax.FastRelax: CMD: scale:fa_rep  -1536.34  0.480993  0.480993  0.31955
core.optimization.Minimizer: [ WARNING ] LBFGS MAX CYCLES 2000 EXCEEDED, BUT FUNC NOT CONVERGED!
protocols.relax.FastRelax: CMD: min  -2400.68  1.62742  1.62742  0.31955
protocols.relax.FastRelax: CMD: coord_cst_weight  -2400.68  1.62742  1.62742  0.31955
protocols.relax.FastRelax: CMD: scale:fa_rep  -1944.41  1.62742  1.62742  0.55
core.pack.task: Packer task: initialize from command line() 
core.pack.pack_rotamers: built 13599 rotamers at 983 positions.
core.pack.interaction_graph.interaction_graph_factory: Instantiating DensePDInteractionGraph
protocols.relax.FastRelax: CMD: repack  -1958.53  1.62742  1.62742  0.55
protocols.relax.FastRelax: CMD: min  -2078.05  1.92682  1.92682  0.55
protocols.relax.FastRelax: MRP: 5  -2078.05  -2115.7  2.79578  2.79578  
protocols.relax.FastRelax: CMD: accept_to_best  -2078.05  1.92682  1.92682  0.55
protocols.relax.FastRelax: CMD: endrepeat  -2078.05  1.92682  1.92682  0.55
protocols.relax.FastRelax: CMD: coord_cst_weight  331805  1.92682  1.92682  0.55
protocols.relax.FastRelax: CMD: scale:fa_rep  331078  1.92682  1.92682  0.022
core.pack.task: Packer task: initialize from command line() 
core.pack.pack_rotamers: built 15467 rotamers at 983 positions.
core.pack.interaction_graph.interaction_graph_factory: Instantiating DensePDInteractionGraph
protocols.relax.FastRelax: CMD: repack  331027  1.92682  1.92682  0.022
protocols.relax.FastRelax: CMD: scale:fa_rep  331051  1.92682  1.92682  0.02805
core.optimization.Minimizer: [ WARNING ] LBFGS MAX CYCLES 2000 EXCEEDED, BUT FUNC NOT CONVERGED!
protocols.relax.FastRelax: CMD: min  -660.799  0.418592  0.418592  0.02805
protocols.relax.FastRelax: CMD: coord_cst_weight  -1302.05  0.418592  0.418592  0.02805
protocols.relax.FastRelax: CMD: scale:fa_rep  3498.66  0.418592  0.418592  0.14575
core.pack.task: Packer task: initialize from command line() 
core.pack.pack_rotamers: built 14008 rotamers at 983 positions.
core.pack.interaction_graph.interaction_graph_factory: Instantiating DensePDInteractionGraph
protocols.relax.FastRelax: CMD: repack  2877.29  0.418592  0.418592  0.14575
protocols.relax.FastRelax: CMD: scale:fa_rep  3173.41  0.418592  0.418592  0.154
core.optimization.Minimizer: [ WARNING ] LBFGS MAX CYCLES 2000 EXCEEDED, BUT FUNC NOT CONVERGED!
protocols.relax.FastRelax: CMD: min  -1200.88  0.52966  0.52966  0.154
protocols.relax.FastRelax: CMD: coord_cst_weight  -2209.26  0.52966  0.52966  0.154
protocols.relax.FastRelax: CMD: scale:fa_rep  -1498.18  0.52966  0.52966  0.30745
core.pack.task: Packer task: initialize from command line() 
core.pack.pack_rotamers: built 13623 rotamers at 983 positions.
core.pack.interaction_graph.interaction_graph_factory: Instantiating DensePDInteractionGraph
protocols.relax.FastRelax: CMD: repack  -1530.27  0.52966  0.52966  0.30745
protocols.relax.FastRelax: CMD: scale:fa_rep  -1475.11  0.52966  0.52966  0.31955
core.optimization.Minimizer: [ WARNING ] LBFGS MAX CYCLES 2000 EXCEEDED, BUT FUNC NOT CONVERGED!
protocols.relax.FastRelax: CMD: min  -2392.84  1.65757  1.65757  0.31955
protocols.relax.FastRelax: CMD: coord_cst_weight  -2392.84  1.65757  1.65757  0.31955
protocols.relax.FastRelax: CMD: scale:fa_rep  -1944.87  1.65757  1.65757  0.55
core.pack.task: Packer task: initialize from command line() 
core.pack.pack_rotamers: built 13750 rotamers at 983 positions.
core.pack.interaction_graph.interaction_graph_factory: Instantiating DensePDInteractionGraph
protocols.relax.FastRelax: CMD: repack  -1969.93  1.65757  1.65757  0.55
protocols.relax.FastRelax: CMD: min  -2089.39  1.83232  1.83232  0.55
protocols.relax.FastRelax: MRP: 6  -2089.39  -2115.7  2.79578  2.79578  
protocols.relax.FastRelax: CMD: accept_to_best  -2089.39  1.83232  1.83232  0.55
protocols.relax.FastRelax: CMD: endrepeat  -2089.39  1.83232  1.83232  0.55
protocols.relax.FastRelax: CMD: coord_cst_weight  180764  1.83232  1.83232  0.55
protocols.relax.FastRelax: CMD: scale:fa_rep  180055  1.83232  1.83232  0.022
core.pack.task: Packer task: initialize from command line() 
core.pack.pack_rotamers: built 15515 rotamers at 983 positions.
core.pack.interaction_graph.interaction_graph_factory: Instantiating DensePDInteractionGraph
protocols.relax.FastRelax: CMD: repack  179992  1.83232  1.83232  0.022
protocols.relax.FastRelax: CMD: scale:fa_rep  180012  1.83232  1.83232  0.02805
core.optimization.Minimizer: [ WARNING ] LBFGS MAX CYCLES 2000 EXCEEDED, BUT FUNC NOT CONVERGED!
protocols.relax.FastRelax: CMD: min  -980.77  0.380899  0.380899  0.02805
protocols.relax.FastRelax: CMD: coord_cst_weight  -1494.34  0.380899  0.380899  0.02805
protocols.relax.FastRelax: CMD: scale:fa_rep  2947.19  0.380899  0.380899  0.14575
core.pack.task: Packer task: initialize from command line() 
core.pack.pack_rotamers: built 13865 rotamers at 983 positions.
core.pack.interaction_graph.interaction_graph_factory: Instantiating DensePDInteractionGraph
protocols.relax.FastRelax: CMD: repack  1951.9  0.380899  0.380899  0.14575
protocols.relax.FastRelax: CMD: scale:fa_rep  2205.61  0.380899  0.380899  0.154
core.optimization.Minimizer: [ WARNING ] LBFGS MAX CYCLES 2000 EXCEEDED, BUT FUNC NOT CONVERGED!
protocols.relax.FastRelax: CMD: min  -1248.9  0.520774  0.520774  0.154
protocols.relax.FastRelax: CMD: coord_cst_weight  -2216.19  0.520774  0.520774  0.154
protocols.relax.FastRelax: CMD: scale:fa_rep  -1513.54  0.520774  0.520774  0.30745
core.pack.task: Packer task: initialize from command line() 
core.pack.pack_rotamers: built 13639 rotamers at 983 positions.
core.pack.interaction_graph.interaction_graph_factory: Instantiating DensePDInteractionGraph
protocols.relax.FastRelax: CMD: repack  -1530.32  0.520774  0.520774  0.30745
protocols.relax.FastRelax: CMD: scale:fa_rep  -1475.67  0.520774  0.520774  0.31955
core.optimization.Minimizer: [ WARNING ] LBFGS MAX CYCLES 2000 EXCEEDED, BUT FUNC NOT CONVERGED!
protocols.relax.FastRelax: CMD: min  -2409.57  1.82549  1.82549  0.31955
protocols.relax.FastRelax: CMD: coord_cst_weight  -2409.57  1.82549  1.82549  0.31955
protocols.relax.FastRelax: CMD: scale:fa_rep  -1959.07  1.82549  1.82549  0.55
core.pack.task: Packer task: initialize from command line() 
core.pack.pack_rotamers: built 13709 rotamers at 983 positions.
core.pack.interaction_graph.interaction_graph_factory: Instantiating DensePDInteractionGraph
protocols.relax.FastRelax: CMD: repack  -1979.38  1.82549  1.82549  0.55
protocols.relax.FastRelax: CMD: min  -2094.46  1.99967  1.99967  0.55
protocols.relax.FastRelax: MRP: 7  -2094.46  -2115.7  2.79578  2.79578  
protocols.relax.FastRelax: CMD: accept_to_best  -2094.46  1.99967  1.99967  0.55
protocols.relax.FastRelax: CMD: endrepeat  -2094.46  1.99967  1.99967  0.55
protocols.relax.FastRelax: CMD: coord_cst_weight  179681  1.99967  1.99967  0.55
protocols.relax.FastRelax: CMD: scale:fa_rep  178973  1.99967  1.99967  0.022
core.pack.task: Packer task: initialize from command line() 
core.pack.pack_rotamers: built 15517 rotamers at 983 positions.
core.pack.interaction_graph.interaction_graph_factory: Instantiating DensePDInteractionGraph
protocols.relax.FastRelax: CMD: repack  178941  1.99967  1.99967  0.022
protocols.relax.FastRelax: CMD: scale:fa_rep  178962  1.99967  1.99967  0.02805
core.optimization.Minimizer: [ WARNING ] LBFGS MAX CYCLES 2000 EXCEEDED, BUT FUNC NOT CONVERGED!
protocols.relax.FastRelax: CMD: min  -1245.07  0.383397  0.383397  0.02805
protocols.relax.FastRelax: CMD: coord_cst_weight  -1763.88  0.383397  0.383397  0.02805
protocols.relax.FastRelax: CMD: scale:fa_rep  1658.29  0.383397  0.383397  0.14575
core.pack.task: Packer task: initialize from command line() 
core.pack.pack_rotamers: built 13932 rotamers at 983 positions.
core.pack.interaction_graph.interaction_graph_factory: Instantiating DensePDInteractionGraph
protocols.relax.FastRelax: CMD: repack  1257.12  0.383397  0.383397  0.14575
protocols.relax.FastRelax: CMD: scale:fa_rep  1469.63  0.383397  0.383397  0.154
core.optimization.Minimizer: [ WARNING ] LBFGS MAX CYCLES 2000 EXCEEDED, BUT FUNC NOT CONVERGED!
protocols.relax.FastRelax: CMD: min  -1271.13  0.511363  0.511363  0.154
protocols.relax.FastRelax: CMD: coord_cst_weight  -2216.96  0.511363  0.511363  0.154
protocols.relax.FastRelax: CMD: scale:fa_rep  -1517.8  0.511363  0.511363  0.30745
core.pack.task: Packer task: initialize from command line() 
core.pack.pack_rotamers: built 13663 rotamers at 983 positions.
core.pack.interaction_graph.interaction_graph_factory: Instantiating DensePDInteractionGraph
protocols.relax.FastRelax: CMD: repack  -1530.41  0.511363  0.511363  0.30745
protocols.relax.FastRelax: CMD: scale:fa_rep  -1475.46  0.511363  0.511363  0.31955
core.optimization.Minimizer: [ WARNING ] LBFGS MAX CYCLES 2000 EXCEEDED, BUT FUNC NOT CONVERGED!
protocols.relax.FastRelax: CMD: min  -2417.62  1.79214  1.79214  0.31955
protocols.relax.FastRelax: CMD: coord_cst_weight  -2417.62  1.79214  1.79214  0.31955
protocols.relax.FastRelax: CMD: scale:fa_rep  -1970.9  1.79214  1.79214  0.55
core.pack.task: Packer task: initialize from command line() 
core.pack.pack_rotamers: built 13724 rotamers at 983 positions.
core.pack.interaction_graph.interaction_graph_factory: Instantiating DensePDInteractionGraph
protocols.relax.FastRelax: CMD: repack  -1982.33  1.79214  1.79214  0.55
protocols.relax.FastRelax: CMD: min  -2106.8  1.89821  1.89821  0.55
protocols.relax.FastRelax: MRP: 8  -2106.8  -2115.7  2.79578  2.79578  
protocols.relax.FastRelax: CMD: accept_to_best  -2106.8  1.89821  1.89821  0.55
protocols.relax.FastRelax: CMD: endrepeat  -2106.8  1.89821  1.89821  0.55
protocols.relax.FastRelax: CMD: coord_cst_weight  181129  1.89821  1.89821  0.55
protocols.relax.FastRelax: CMD: scale:fa_rep  180424  1.89821  1.89821  0.022
core.pack.task: Packer task: initialize from command line() 
core.pack.pack_rotamers: built 15601 rotamers at 983 positions.
core.pack.interaction_graph.interaction_graph_factory: Instantiating DensePDInteractionGraph
protocols.relax.FastRelax: CMD: repack  180369  1.89821  1.89821  0.022
protocols.relax.FastRelax: CMD: scale:fa_rep  180389  1.89821  1.89821  0.02805
core.optimization.Minimizer: [ WARNING ] LBFGS MAX CYCLES 2000 EXCEEDED, BUT FUNC NOT CONVERGED!
protocols.relax.FastRelax: CMD: min  -1239.72  0.372807  0.372807  0.02805
protocols.relax.FastRelax: CMD: coord_cst_weight  -1734.91  0.372807  0.372807  0.02805
protocols.relax.FastRelax: CMD: scale:fa_rep  1893.95  0.372807  0.372807  0.14575
core.pack.task: Packer task: initialize from command line() 
core.pack.pack_rotamers: built 13970 rotamers at 983 positions.
core.pack.interaction_graph.interaction_graph_factory: Instantiating DensePDInteractionGraph
protocols.relax.FastRelax: CMD: repack  1412.8  0.372807  0.372807  0.14575
protocols.relax.FastRelax: CMD: scale:fa_rep  1636.85  0.372807  0.372807  0.154
core.optimization.Minimizer: [ WARNING ] LBFGS MAX CYCLES 2000 EXCEEDED, BUT FUNC NOT CONVERGED!
protocols.relax.FastRelax: CMD: min  -1414.49  0.484653  0.484653  0.154
protocols.relax.FastRelax: CMD: coord_cst_weight  -2260.75  0.484653  0.484653  0.154
protocols.relax.FastRelax: CMD: scale:fa_rep  -1564.58  0.484653  0.484653  0.30745
core.pack.task: Packer task: initialize from command line() 
core.pack.pack_rotamers: built 13735 rotamers at 983 positions.
core.pack.interaction_graph.interaction_graph_factory: Instantiating DensePDInteractionGraph
protocols.relax.FastRelax: CMD: repack  -1579.97  0.484653  0.484653  0.30745
protocols.relax.FastRelax: CMD: scale:fa_rep  -1525.93  0.484653  0.484653  0.31955
core.optimization.Minimizer: [ WARNING ] LBFGS MAX CYCLES 2000 EXCEEDED, BUT FUNC NOT CONVERGED!
protocols.relax.FastRelax: CMD: min  -2419.18  1.87724  1.87724  0.31955
protocols.relax.FastRelax: CMD: coord_cst_weight  -2419.18  1.87724  1.87724  0.31955
protocols.relax.FastRelax: CMD: scale:fa_rep  -1970.9  1.87724  1.87724  0.55
core.pack.task: Packer task: initialize from command line() 
core.pack.pack_rotamers: built 13817 rotamers at 983 positions.
core.pack.interaction_graph.interaction_graph_factory: Instantiating DensePDInteractionGraph
protocols.relax.FastRelax: CMD: repack  -1987.31  1.87724  1.87724  0.55
protocols.relax.FastRelax: CMD: min  -2089.23  2.01263  2.01263  0.55
protocols.relax.FastRelax: MRP: 9  -2089.23  -2115.7  2.79578  2.79578  
protocols.relax.FastRelax: CMD: accept_to_best  -2089.23  2.01263  2.01263  0.55
protocols.relax.FastRelax: CMD: endrepeat  -2089.23  2.01263  2.01263  0.55
protocols.relax.FastRelax: CMD: coord_cst_weight  206183  2.01263  2.01263  0.55
protocols.relax.FastRelax: CMD: scale:fa_rep  205473  2.01263  2.01263  0.022
core.pack.task: Packer task: initialize from command line() 
core.pack.pack_rotamers: built 15533 rotamers at 983 positions.
core.pack.interaction_graph.interaction_graph_factory: Instantiating DensePDInteractionGraph
protocols.relax.FastRelax: CMD: repack  205427  2.01263  2.01263  0.022
protocols.relax.FastRelax: CMD: scale:fa_rep  205444  2.01263  2.01263  0.02805
core.optimization.Minimizer: [ WARNING ] LBFGS MAX CYCLES 2000 EXCEEDED, BUT FUNC NOT CONVERGED!
protocols.relax.FastRelax: CMD: min  -987.12  0.383512  0.383512  0.02805
protocols.relax.FastRelax: CMD: coord_cst_weight  -1517.05  0.383512  0.383512  0.02805
protocols.relax.FastRelax: CMD: scale:fa_rep  2879.63  0.383512  0.383512  0.14575
core.pack.task: Packer task: initialize from command line() 
core.pack.pack_rotamers: built 14018 rotamers at 983 positions.
core.pack.interaction_graph.interaction_graph_factory: Instantiating DensePDInteractionGraph
protocols.relax.FastRelax: CMD: repack  1669.95  0.383512  0.383512  0.14575
protocols.relax.FastRelax: CMD: scale:fa_rep  1907.32  0.383512  0.383512  0.154
core.optimization.Minimizer: [ WARNING ] LBFGS MAX CYCLES 2000 EXCEEDED, BUT FUNC NOT CONVERGED!
protocols.relax.FastRelax: CMD: min  -1363.67  0.496657  0.496657  0.154
protocols.relax.FastRelax: CMD: coord_cst_weight  -2255.21  0.496657  0.496657  0.154
protocols.relax.FastRelax: CMD: scale:fa_rep  -1561.84  0.496657  0.496657  0.30745
core.pack.task: Packer task: initialize from command line() 
core.pack.pack_rotamers: built 13743 rotamers at 983 positions.
core.pack.interaction_graph.interaction_graph_factory: Instantiating DensePDInteractionGraph
protocols.relax.FastRelax: CMD: repack  -1576.71  0.496657  0.496657  0.30745
protocols.relax.FastRelax: CMD: scale:fa_rep  -1522.78  0.496657  0.496657  0.31955
core.optimization.Minimizer: [ WARNING ] LBFGS MAX CYCLES 2000 EXCEEDED, BUT FUNC NOT CONVERGED!
protocols.relax.FastRelax: CMD: min  -2429.86  1.83836  1.83836  0.31955
protocols.relax.FastRelax: CMD: coord_cst_weight  -2429.86  1.83836  1.83836  0.31955
protocols.relax.FastRelax: CMD: scale:fa_rep  -1978.79  1.83836  1.83836  0.55
core.pack.task: Packer task: initialize from command line() 
core.pack.pack_rotamers: built 13767 rotamers at 983 positions.
core.pack.interaction_graph.interaction_graph_factory: Instantiating DensePDInteractionGraph
protocols.relax.FastRelax: CMD: repack  -1995.27  1.83836  1.83836  0.55
protocols.relax.FastRelax: CMD: min  -2115.38  2.01971  2.01971  0.55
protocols.relax.FastRelax: MRP: 10  -2115.38  -2115.7  2.79578  2.79578  
protocols.relax.FastRelax: CMD: accept_to_best  -2115.38  2.01971  2.01971  0.55
protocols.relax.FastRelax: CMD: endrepeat  -2115.38  2.01971  2.01971  0.55
protocols.relax.FastRelax: CMD: coord_cst_weight  80810.1  2.01971  2.01971  0.55
protocols.relax.FastRelax: CMD: scale:fa_rep  80102.1  2.01971  2.01971  0.022
core.pack.task: Packer task: initialize from command line() 
core.pack.pack_rotamers: built 15518 rotamers at 983 positions.
core.pack.interaction_graph.interaction_graph_factory: Instantiating DensePDInteractionGraph
protocols.relax.FastRelax: CMD: repack  80061.8  2.01971  2.01971  0.022
protocols.relax.FastRelax: CMD: scale:fa_rep  80080.8  2.01971  2.01971  0.02805
core.optimization.Minimizer: [ WARNING ] LBFGS MAX CYCLES 2000 EXCEEDED, BUT FUNC NOT CONVERGED!
protocols.relax.FastRelax: CMD: min  -1508.32  0.358301  0.358301  0.02805
protocols.relax.FastRelax: CMD: coord_cst_weight  -1964.32  0.358301  0.358301  0.02805
protocols.relax.FastRelax: CMD: scale:fa_rep  1015.73  0.358301  0.358301  0.14575
core.pack.task: Packer task: initialize from command line() 
core.pack.pack_rotamers: built 13943 rotamers at 983 positions.
core.pack.interaction_graph.interaction_graph_factory: Instantiating DensePDInteractionGraph
protocols.relax.FastRelax: CMD: repack  692.792  0.358301  0.358301  0.14575
protocols.relax.FastRelax: CMD: scale:fa_rep  880.581  0.358301  0.358301  0.154
core.optimization.Minimizer: [ WARNING ] LBFGS MAX CYCLES 2000 EXCEEDED, BUT FUNC NOT CONVERGED!
protocols.relax.FastRelax: CMD: min  -1432.79  0.487765  0.487765  0.154
protocols.relax.FastRelax: CMD: coord_cst_weight  -2277.28  0.487765  0.487765  0.154
protocols.relax.FastRelax: CMD: scale:fa_rep  -1608.72  0.487765  0.487765  0.30745
core.pack.task: Packer task: initialize from command line() 
core.pack.pack_rotamers: built 13670 rotamers at 983 positions.
core.pack.interaction_graph.interaction_graph_factory: Instantiating DensePDInteractionGraph
protocols.relax.FastRelax: CMD: repack  -1619.39  0.487765  0.487765  0.30745
protocols.relax.FastRelax: CMD: scale:fa_rep  -1567.28  0.487765  0.487765  0.31955
core.optimization.Minimizer: [ WARNING ] LBFGS MAX CYCLES 2000 EXCEEDED, BUT FUNC NOT CONVERGED!
protocols.relax.FastRelax: CMD: min  -2421.12  1.74985  1.74985  0.31955
protocols.relax.FastRelax: CMD: coord_cst_weight  -2421.12  1.74985  1.74985  0.31955
protocols.relax.FastRelax: CMD: scale:fa_rep  -1974.41  1.74985  1.74985  0.55
core.pack.task: Packer task: initialize from command line() 
core.pack.pack_rotamers: built 13717 rotamers at 983 positions.
core.pack.interaction_graph.interaction_graph_factory: Instantiating DensePDInteractionGraph
protocols.relax.FastRelax: CMD: repack  -1991.22  1.74985  1.74985  0.55
protocols.relax.FastRelax: CMD: min  -2108.08  1.95604  1.95604  0.55
protocols.relax.FastRelax: MRP: 11  -2108.08  -2115.7  2.79578  2.79578  
protocols.relax.FastRelax: CMD: accept_to_best  -2108.08  1.95604  1.95604  0.55
protocols.relax.FastRelax: CMD: endrepeat  -2108.08  1.95604  1.95604  0.55
protocols.relax.FastRelax: CMD: coord_cst_weight  124469  1.95604  1.95604  0.55
protocols.relax.FastRelax: CMD: scale:fa_rep  123762  1.95604  1.95604  0.022
core.pack.task: Packer task: initialize from command line() 
core.pack.pack_rotamers: built 15526 rotamers at 983 positions.
core.pack.interaction_graph.interaction_graph_factory: Instantiating DensePDInteractionGraph
protocols.relax.FastRelax: CMD: repack  123710  1.95604  1.95604  0.022
protocols.relax.FastRelax: CMD: scale:fa_rep  123729  1.95604  1.95604  0.02805
core.optimization.Minimizer: [ WARNING ] LBFGS MAX CYCLES 2000 EXCEEDED, BUT FUNC NOT CONVERGED!
protocols.relax.FastRelax: CMD: min  -1073.69  0.380339  0.380339  0.02805
protocols.relax.FastRelax: CMD: coord_cst_weight  -1586.92  0.380339  0.380339  0.02805
protocols.relax.FastRelax: CMD: scale:fa_rep  2694.87  0.380339  0.380339  0.14575
core.pack.task: Packer task: initialize from command line() 
core.pack.pack_rotamers: built 13864 rotamers at 983 positions.
core.pack.interaction_graph.interaction_graph_factory: Instantiating DensePDInteractionGraph
protocols.relax.FastRelax: CMD: repack  1833.66  0.380339  0.380339  0.14575
protocols.relax.FastRelax: CMD: scale:fa_rep  2080.48  0.380339  0.380339  0.154
core.optimization.Minimizer: [ WARNING ] LBFGS MAX CYCLES 2000 EXCEEDED, BUT FUNC NOT CONVERGED!
protocols.relax.FastRelax: CMD: min  -1316.28  0.499416  0.499416  0.154
protocols.relax.FastRelax: CMD: coord_cst_weight  -2213.56  0.499416  0.499416  0.154
protocols.relax.FastRelax: CMD: scale:fa_rep  -1500.65  0.499416  0.499416  0.30745
core.pack.task: Packer task: initialize from command line() 
core.pack.pack_rotamers: built 13660 rotamers at 983 positions.
core.pack.interaction_graph.interaction_graph_factory: Instantiating DensePDInteractionGraph
protocols.relax.FastRelax: CMD: repack  -1529.17  0.499416  0.499416  0.30745
protocols.relax.FastRelax: CMD: scale:fa_rep  -1473.98  0.499416  0.499416  0.31955
core.optimization.LineMinimizer: Inaccurate G in step= 9.53674e-09 Deriv= -148.118 Finite Diff= 3.61877e+08
core.optimization.LineMinimizer: Inaccurate G in step= 3.12593e-09 Deriv= -4887.54 Finite Diff= 1.10329e+09
core.optimization.LineMinimizer: Inaccurate G in step= 3.1535e-09 Deriv= -2017.53 Finite Diff= 1.09438e+09
core.optimization.LineMinimizer: Inaccurate G in step= 1.01802e-07 Deriv= -5616.53 Finite Diff= 3.38947e+07
core.optimization.Minimizer: Line search failed even after resetting Hessian; aborting at iter#944
protocols.relax.FastRelax: CMD: min  -2342.83  1.97797  1.97797  0.31955
protocols.relax.FastRelax: CMD: coord_cst_weight  -2342.83  1.97797  1.97797  0.31955
protocols.relax.FastRelax: CMD: scale:fa_rep  -1891.36  1.97797  1.97797  0.55
core.pack.task: Packer task: initialize from command line() 
core.pack.pack_rotamers: built 13725 rotamers at 983 positions.
core.pack.interaction_graph.interaction_graph_factory: Instantiating DensePDInteractionGraph
protocols.relax.FastRelax: CMD: repack  -1913.23  1.97797  1.97797  0.55
core.optimization.LineMinimizer: Inaccurate G in step= 3.8147e-08 Deriv= -283612 Finite Diff= 9.01862e+07
core.optimization.LineMinimizer: Inaccurate G in step= 1.43261e-08 Deriv= -283612 Finite Diff= 2.40615e+08
core.optimization.Minimizer: Line search failed even after resetting Hessian; aborting at iter#1
protocols.relax.FastRelax: CMD: min  -1913.23  1.97797  1.97797  0.55
protocols.relax.FastRelax: MRP: 12  -1913.23  -2115.7  2.79578  2.79578  
protocols.relax.FastRelax: CMD: accept_to_best  -1913.23  1.97797  1.97797  0.55
protocols.relax.FastRelax: CMD: endrepeat  -1913.23  1.97797  1.97797  0.55
protocols.relax.FastRelax: CMD: coord_cst_weight  192762  1.97797  1.97797  0.55
protocols.relax.FastRelax: CMD: scale:fa_rep  191729  1.97797  1.97797  0.022
core.pack.task: Packer task: initialize from command line() 
core.pack.pack_rotamers: built 15512 rotamers at 983 positions.
core.pack.interaction_graph.interaction_graph_factory: Instantiating DensePDInteractionGraph
protocols.relax.FastRelax: CMD: repack  191718  1.97797  1.97797  0.022
protocols.relax.FastRelax: CMD: scale:fa_rep  191747  1.97797  1.97797  0.02805
core.optimization.Minimizer: [ WARNING ] LBFGS MAX CYCLES 2000 EXCEEDED, BUT FUNC NOT CONVERGED!
protocols.relax.FastRelax: CMD: min  -1392.76  0.371429  0.371429  0.02805
protocols.relax.FastRelax: CMD: coord_cst_weight  -1884.11  0.371429  0.371429  0.02805
protocols.relax.FastRelax: CMD: scale:fa_rep  1334.03  0.371429  0.371429  0.14575
core.pack.task: Packer task: initialize from command line() 
core.pack.pack_rotamers: built 13813 rotamers at 983 positions.
core.pack.interaction_graph.interaction_graph_factory: Instantiating DensePDInteractionGraph
protocols.relax.FastRelax: CMD: repack  1096.13  0.371429  0.371429  0.14575
protocols.relax.FastRelax: CMD: scale:fa_rep  1305.63  0.371429  0.371429  0.154
core.optimization.Minimizer: [ WARNING ] LBFGS MAX CYCLES 2000 EXCEEDED, BUT FUNC NOT CONVERGED!
protocols.relax.FastRelax: CMD: min  -1381.48  0.492147  0.492147  0.154
protocols.relax.FastRelax: CMD: coord_cst_weight  -2264.02  0.492147  0.492147  0.154
protocols.relax.FastRelax: CMD: scale:fa_rep  -1542.61  0.492147  0.492147  0.30745
core.pack.task: Packer task: initialize from command line() 
core.pack.pack_rotamers: built 13751 rotamers at 983 positions.
core.pack.interaction_graph.interaction_graph_factory: Instantiating DensePDInteractionGraph
protocols.relax.FastRelax: CMD: repack  -1550.74  0.492147  0.492147  0.30745
protocols.relax.FastRelax: CMD: scale:fa_rep  -1494.59  0.492147  0.492147  0.31955
core.optimization.Minimizer: [ WARNING ] LBFGS MAX CYCLES 2000 EXCEEDED, BUT FUNC NOT CONVERGED!
protocols.relax.FastRelax: CMD: min  -2423.67  1.92027  1.92027  0.31955
protocols.relax.FastRelax: CMD: coord_cst_weight  -2423.67  1.92027  1.92027  0.31955
protocols.relax.FastRelax: CMD: scale:fa_rep  -1973.37  1.92027  1.92027  0.55
core.pack.task: Packer task: initialize from command line() 
core.pack.pack_rotamers: built 13841 rotamers at 983 positions.
core.pack.interaction_graph.interaction_graph_factory: Instantiating DensePDInteractionGraph
protocols.relax.FastRelax: CMD: repack  -1986.24  1.92027  1.92027  0.55
protocols.relax.FastRelax: CMD: min  -2096.74  2.14305  2.14305  0.55
protocols.relax.FastRelax: MRP: 13  -2096.74  -2115.7  2.79578  2.79578  
protocols.relax.FastRelax: CMD: accept_to_best  -2096.74  2.14305  2.14305  0.55
protocols.relax.FastRelax: CMD: endrepeat  -2096.74  2.14305  2.14305  0.55
protocols.relax.FastRelax: CMD: coord_cst_weight  289541  2.14305  2.14305  0.55
protocols.relax.FastRelax: CMD: scale:fa_rep  288827  2.14305  2.14305  0.022
core.pack.task: Packer task: initialize from command line() 
core.pack.pack_rotamers: built 15554 rotamers at 983 positions.
core.pack.interaction_graph.interaction_graph_factory: Instantiating DensePDInteractionGraph
protocols.relax.FastRelax: CMD: repack  288788  2.14305  2.14305  0.022
protocols.relax.FastRelax: CMD: scale:fa_rep  288805  2.14305  2.14305  0.02805
core.optimization.LineMinimizer: Inaccurate G in step= 9.53674e-09 Deriv= -13963.8 Finite Diff= 1.53592e+09
core.optimization.LineMinimizer: Inaccurate G in step= 7.27843e-09 Deriv= -85740.1 Finite Diff= 2.01214e+09
core.optimization.LineMinimizer: Inaccurate G in step= 6.07273e-09 Deriv= -131154 Finite Diff= 2.40518e+09
core.optimization.LineMinimizer: Inaccurate G in step= 3.09224e-09 Deriv= -112728 Finite Diff= 4.72059e+09
core.optimization.LineMinimizer: Inaccurate G in step= 6.213e-09 Deriv= -1.50792e+06 Finite Diff= 2.34803e+09
core.optimization.Minimizer: Line search failed even after resetting Hessian; aborting at iter#1653
protocols.relax.FastRelax: CMD: min  -1083.87  0.395013  0.395013  0.02805
protocols.relax.FastRelax: CMD: coord_cst_weight  -1661.26  0.395013  0.395013  0.02805
protocols.relax.FastRelax: CMD: scale:fa_rep  1896.65  0.395013  0.395013  0.14575
core.pack.task: Packer task: initialize from command line() 
core.pack.pack_rotamers: built 14084 rotamers at 983 positions.
core.pack.interaction_graph.interaction_graph_factory: Instantiating DensePDInteractionGraph
protocols.relax.FastRelax: CMD: repack  1115.18  0.395013  0.395013  0.14575
protocols.relax.FastRelax: CMD: scale:fa_rep  1316.88  0.395013  0.395013  0.154
core.optimization.Minimizer: [ WARNING ] LBFGS MAX CYCLES 2000 EXCEEDED, BUT FUNC NOT CONVERGED!
protocols.relax.FastRelax: CMD: min  -1336.46  0.495736  0.495736  0.154
protocols.relax.FastRelax: CMD: coord_cst_weight  -2237.78  0.495736  0.495736  0.154
protocols.relax.FastRelax: CMD: scale:fa_rep  -1522.2  0.495736  0.495736  0.30745
core.pack.task: Packer task: initialize from command line() 
core.pack.pack_rotamers: built 13884 rotamers at 983 positions.
core.pack.interaction_graph.interaction_graph_factory: Instantiating DensePDInteractionGraph
protocols.relax.FastRelax: CMD: repack  -1542.48  0.495736  0.495736  0.30745
protocols.relax.FastRelax: CMD: scale:fa_rep  -1486.71  0.495736  0.495736  0.31955
core.optimization.Minimizer: [ WARNING ] LBFGS MAX CYCLES 2000 EXCEEDED, BUT FUNC NOT CONVERGED!
protocols.relax.FastRelax: CMD: min  -2368.58  1.75504  1.75504  0.31955
protocols.relax.FastRelax: CMD: coord_cst_weight  -2368.58  1.75504  1.75504  0.31955
protocols.relax.FastRelax: CMD: scale:fa_rep  -1912.99  1.75504  1.75504  0.55
core.pack.task: Packer task: initialize from command line() 
core.pack.pack_rotamers: built 13830 rotamers at 983 positions.
core.pack.interaction_graph.interaction_graph_factory: Instantiating DensePDInteractionGraph
protocols.relax.FastRelax: CMD: repack  -1928.45  1.75504  1.75504  0.55
protocols.relax.FastRelax: CMD: min  -2089.07  2.01057  2.01057  0.55
protocols.relax.FastRelax: MRP: 14  -2089.07  -2115.7  2.79578  2.79578  
protocols.relax.FastRelax: CMD: accept_to_best  -2089.07  2.01057  2.01057  0.55
protocols.relax.FastRelax: CMD: endrepeat  -2089.07  2.01057  2.01057  0.55
protocols::checkpoint: Deleting checkpoints of FastRelax
protocols.jd2.JobDistributor: PDE4D_dimer_prerelax_5_0001 reported success in 57700 seconds
protocols.jd2.JobDistributor: no more batches to process... 
protocols.jd2.JobDistributor: 1 jobs considered, 1 jobs attempted in 57700 seconds
basic.citation_manager.CitationManager: 
The following Rosetta modules were used during this run of Rosetta, and should be cited:

FastRelax Mover's citation(s):
*Tyka MD, *Keedy DA, André I, Dimaio F, Song Y, Richardson DC, Richardson JS, and Baker D.  (2011).  Alternate states of proteins revealed by detailed energy landscape mapping.  J Mol Biol 405(2):607-18.  doi: 10.1016/j.jmb.2010.11.008.  (*Co-primary authors.)

Khatib F, Cooper S, Tyka MD, Xu K, Makedon I, Popovic Z, Baker D, and Players F.  (2011).  Algorithm discovery by protein folding game players.  Proc Natl Acad Sci USA 108(47):18949-53.  doi: 10.1073/pnas.1115898108.

Maguire JB, Haddox HK, Strickland D, Halabiya SF, Coventry B, Griffin JR, Pulavarti SVSRK, Cummins M, Thieker DF, Klavins E, Szyperski T, DiMaio F, Baker D, and Kuhlman B.  (2021).  Perturbing the energy landscape for improved packing during computational protein design.  Proteins 89(4):436-449.  doi: 10.1002/prot.26030.


