********  (C) Copyright Rosetta Commons Member Institutions.  ***************
* Use of Rosetta for commercial purposes may require purchase of a license. *
********  See LICENSE.md or email license@uw.edu for more details. **********
core.init: Checking for fconfig files in pwd and ./rosetta/flags 
core.init: Rosetta version: rosetta.binary.ubuntu.release-408 r408 2025.37+release.df75a9c48e df75a9c48e763e52a7aa3f5dfba077f4da88dbf5 https://www.rosettacommons.org 2025-09-10T02:14:08.564791
core.init: Rosetta extras: []
core.init: command: /home/gbiuser/Downloads/rosetta.binary.ubuntu.release-408/main/source/bin/relax.default.linuxgccrelease -s ../PDE4D_dimer_prerelax.pdb -relax:thorough -relax:constrain_relax_to_start_coords -constraints:cst_file cst.cst -nstruct 1 -out:suffix _7 -out:file:silent relax_7.silent -out:file:silent_struct_type binary
basic.random.init_random_generator: 'RNG device' seed mode, using '/dev/urandom', seed=958626871 seed_offset=0 real_seed=958626871
basic.random.init_random_generator: RandomGenerator:init: Normal mode, seed=958626871 RG_type=mt19937
core.init: Resolved executable path: /home/gbiuser/Downloads/rosetta.binary.ubuntu.release-408/main/source/build/src/release/linux/6.8/64/x86/gcc/11/default/relax.default.linuxgccrelease
core.init: Looking for database based on location of executable: /home/gbiuser/Downloads/rosetta.binary.ubuntu.release-408/main/database/
core.scoring.ScoreFunctionFactory: SCOREFUNCTION: ref2015
core.scoring.etable: Starting energy table calculation
core.scoring.etable: smooth_etable: changing atr/rep split to bottom of energy well
core.scoring.etable: smooth_etable: spline smoothing lj etables (maxdis = 6)
core.scoring.etable: smooth_etable: spline smoothing solvation etables (max_dis = 6)
core.scoring.etable: Finished calculating energy tables.
basic.io.database: Database file opened: scoring/score_functions/hbonds/ref2015_params/HBPoly1D.csv
basic.io.database: Database file opened: scoring/score_functions/hbonds/ref2015_params/HBFadeIntervals.csv
basic.io.database: Database file opened: scoring/score_functions/hbonds/ref2015_params/HBEval.csv
basic.io.database: Database file opened: scoring/score_functions/hbonds/ref2015_params/DonStrength.csv
basic.io.database: Database file opened: scoring/score_functions/hbonds/ref2015_params/AccStrength.csv
core.chemical.GlobalResidueTypeSet: Finished initializing fa_standard residue type set.  Created 985 residue types
core.chemical.GlobalResidueTypeSet: Total time to initialize 1.23664 seconds.
basic.io.database: Database file opened: scoring/score_functions/rama/fd/all.ramaProb
basic.io.database: Database file opened: scoring/score_functions/rama/fd/prepro.ramaProb
basic.io.database: Database file opened: scoring/score_functions/omega/omega_ppdep.all.txt
basic.io.database: Database file opened: scoring/score_functions/omega/omega_ppdep.gly.txt
basic.io.database: Database file opened: scoring/score_functions/omega/omega_ppdep.pro.txt
basic.io.database: Database file opened: scoring/score_functions/omega/omega_ppdep.valile.txt
basic.io.database: Database file opened: scoring/score_functions/P_AA_pp/P_AA
basic.io.database: Database file opened: scoring/score_functions/P_AA_pp/P_AA_n
core.scoring.P_AA: shapovalov_lib::shap_p_aa_pp_smooth_level of 1( aka low_smooth ) got activated.
basic.io.database: Database file opened: scoring/score_functions/P_AA_pp/shapovalov/10deg/kappa131/a20.prop
protocols.relax.RelaxScriptManager: Reading relax scripts list from database.
protocols.relax.RelaxScriptManager: Looking for MonomerRelax2019.txt
protocols.relax.RelaxScriptManager: ================== Reading script file: /home/gbiuser/Downloads/rosetta.binary.ubuntu.release-408/main/database/sampling/relax_scripts/MonomerRelax2019.txt ==================
protocols.relax.RelaxScriptManager: repeat %%nrepeats%%
protocols.relax.RelaxScriptManager: coord_cst_weight 1.0
protocols.relax.RelaxScriptManager: scale:fa_rep 0.040
protocols.relax.RelaxScriptManager: repack
protocols.relax.RelaxScriptManager: scale:fa_rep 0.051
protocols.relax.RelaxScriptManager: min 0.01
protocols.relax.RelaxScriptManager: coord_cst_weight 0.5
protocols.relax.RelaxScriptManager: scale:fa_rep 0.265
protocols.relax.RelaxScriptManager: repack
protocols.relax.RelaxScriptManager: scale:fa_rep 0.280
protocols.relax.RelaxScriptManager: min 0.01
protocols.relax.RelaxScriptManager: coord_cst_weight 0.0
protocols.relax.RelaxScriptManager: scale:fa_rep 0.559
protocols.relax.RelaxScriptManager: repack
protocols.relax.RelaxScriptManager: scale:fa_rep 0.581
protocols.relax.RelaxScriptManager: min 0.01
protocols.relax.RelaxScriptManager: coord_cst_weight 0.0
protocols.relax.RelaxScriptManager: scale:fa_rep 1
protocols.relax.RelaxScriptManager: repack
protocols.relax.RelaxScriptManager: min 0.00001
protocols.relax.RelaxScriptManager: accept_to_best
protocols.relax.RelaxScriptManager: endrepeat
core.scoring.constraints.util: Constraint choice: cst.cst
protocols.jd2.PDBJobInputter: Instantiate PDBJobInputter
protocols.jd2.PDBJobInputter: PDBJobInputter::fill_jobs
protocols.jd2.PDBJobInputter: pushed ../PDE4D_dimer_prerelax.pdb nstruct index 1
protocols.evaluation.ChiWellRmsdEvaluatorCreator: Evaluation Creator active ... 
protocols.jd2.PDBJobInputter: PDBJobInputter::pose_from_job
protocols.jd2.PDBJobInputter: filling pose from PDB ../PDE4D_dimer_prerelax.pdb
core.import_pose.import_pose: File '../PDE4D_dimer_prerelax.pdb' automatically determined to be of type PDB from contents.
core.io.pose_from_sfr.PoseFromSFRBuilder: [ WARNING ] discarding 3 atoms at position 1 in file ../PDE4D_dimer_prerelax.pdb. Best match rsd_type:  VAL:NtermProteinFull
core.io.pose_from_sfr.PoseFromSFRBuilder: [ WARNING ] discarding 3 atoms at position 492 in file ../PDE4D_dimer_prerelax.pdb. Best match rsd_type:  VAL:NtermProteinFull
core.scoring.constraints.ConstraintsIO: read constraints from cst.cst
core.scoring.constraints.ConstraintsIO: Read in 28 constraints
basic.io.database: Database file opened: scoring/score_functions/elec_cp_reps.dat
core.scoring.elec.util: Read 40 countpair representative atoms
core.pack.dunbrack.RotamerLibrary: shapovalov_lib_fixes_enable option is true.
core.pack.dunbrack.RotamerLibrary: shapovalov_lib::shap_dun10_smooth_level of 1( aka lowest_smooth ) got activated.
core.pack.dunbrack.RotamerLibrary: Binary rotamer library selected: /home/gbiuser/Downloads/rosetta.binary.ubuntu.release-408/main/database/rotamer/shapovalov/StpDwn_0-0-0/Dunbrack10.lib.bin
core.pack.dunbrack.RotamerLibrary: Using Dunbrack library binary file '/home/gbiuser/Downloads/rosetta.binary.ubuntu.release-408/main/database/rotamer/shapovalov/StpDwn_0-0-0/Dunbrack10.lib.bin'.
core.pack.dunbrack.RotamerLibrary: Dunbrack 2010 library took 0.308767 seconds to load from binary
protocols.relax.FastRelax: CMD: repeat  112488  0  0  0.55
protocols.relax.FastRelax: CMD: coord_cst_weight  112488  0  0  0.55
protocols.relax.FastRelax: CMD: scale:fa_rep  1645.59  0  0  0.022
core.pack.task: Packer task: initialize from command line() 
core.pack.pack_rotamers: built 14937 rotamers at 983 positions.
core.pack.interaction_graph.interaction_graph_factory: Instantiating DensePDInteractionGraph
protocols.relax.FastRelax: CMD: repack  -200.324  0  0  0.022
protocols.relax.FastRelax: CMD: scale:fa_rep  591.27  0  0  0.02805
core.optimization.Minimizer: [ WARNING ] LBFGS MAX CYCLES 2000 EXCEEDED, BUT FUNC NOT CONVERGED!
protocols.relax.FastRelax: CMD: min  -1734.2  0.29584  0.29584  0.02805
protocols.relax.FastRelax: CMD: coord_cst_weight  -2048.44  0.29584  0.29584  0.02805
protocols.relax.FastRelax: CMD: scale:fa_rep  1268.74  0.29584  0.29584  0.14575
core.pack.task: Packer task: initialize from command line() 
core.pack.pack_rotamers: built 13729 rotamers at 983 positions.
core.pack.interaction_graph.interaction_graph_factory: Instantiating DensePDInteractionGraph
protocols.relax.FastRelax: CMD: repack  1114.88  0.29584  0.29584  0.14575
protocols.relax.FastRelax: CMD: scale:fa_rep  1335.67  0.29584  0.29584  0.154
core.optimization.Minimizer: [ WARNING ] LBFGS MAX CYCLES 2000 EXCEEDED, BUT FUNC NOT CONVERGED!
protocols.relax.FastRelax: CMD: min  -1218.24  0.462825  0.462825  0.154
protocols.relax.FastRelax: CMD: coord_cst_weight  -2011.18  0.462825  0.462825  0.154
protocols.relax.FastRelax: CMD: scale:fa_rep  -1199.9  0.462825  0.462825  0.30745
core.pack.task: Packer task: initialize from command line() 
core.pack.pack_rotamers: built 13626 rotamers at 983 positions.
core.pack.interaction_graph.interaction_graph_factory: Instantiating DensePDInteractionGraph
protocols.relax.FastRelax: CMD: repack  -1193.28  0.462825  0.462825  0.30745
protocols.relax.FastRelax: CMD: scale:fa_rep  -1128.98  0.462825  0.462825  0.31955
core.optimization.Minimizer: [ WARNING ] LBFGS MAX CYCLES 2000 EXCEEDED, BUT FUNC NOT CONVERGED!
protocols.relax.FastRelax: CMD: min  -2306.35  3.93626  3.93626  0.31955
protocols.relax.FastRelax: CMD: coord_cst_weight  -2306.35  3.93626  3.93626  0.31955
protocols.relax.FastRelax: CMD: scale:fa_rep  -1862.07  3.93626  3.93626  0.55
core.pack.task: Packer task: initialize from command line() 
core.pack.pack_rotamers: built 13804 rotamers at 983 positions.
core.pack.interaction_graph.interaction_graph_factory: Instantiating DensePDInteractionGraph
protocols.relax.FastRelax: CMD: repack  -1893.65  3.93626  3.93626  0.55
protocols.relax.FastRelax: CMD: min  -2060.23  4.26634  4.26634  0.55
protocols.relax.FastRelax: MRP: 0  -2060.23  -2060.23  4.26634  4.26634  
protocols.relax.FastRelax: CMD: accept_to_best  -2060.23  4.26634  4.26634  0.55
protocols.relax.FastRelax: CMD: endrepeat  -2060.23  4.26634  4.26634  0.55
protocols.relax.FastRelax: CMD: coord_cst_weight  1.30665e+06  4.26634  4.26634  0.55
protocols.relax.FastRelax: CMD: scale:fa_rep  1.30595e+06  4.26634  4.26634  0.022
core.pack.task: Packer task: initialize from command line() 
core.pack.pack_rotamers: built 15439 rotamers at 983 positions.
core.pack.interaction_graph.interaction_graph_factory: Instantiating DensePDInteractionGraph
protocols.relax.FastRelax: CMD: repack  1.30589e+06  4.26634  4.26634  0.022
protocols.relax.FastRelax: CMD: scale:fa_rep  1.3059e+06  4.26634  4.26634  0.02805
core.optimization.Minimizer: [ WARNING ] LBFGS MAX CYCLES 2000 EXCEEDED, BUT FUNC NOT CONVERGED!
protocols.relax.FastRelax: CMD: min  -842.866  0.362754  0.362754  0.02805
protocols.relax.FastRelax: CMD: coord_cst_weight  -1318.91  0.362754  0.362754  0.02805
protocols.relax.FastRelax: CMD: scale:fa_rep  4139.09  0.362754  0.362754  0.14575
core.pack.task: Packer task: initialize from command line() 
core.pack.pack_rotamers: built 13987 rotamers at 983 positions.
core.pack.interaction_graph.interaction_graph_factory: Instantiating DensePDInteractionGraph
protocols.relax.FastRelax: CMD: repack  3085.08  0.362754  0.362754  0.14575
protocols.relax.FastRelax: CMD: scale:fa_rep  3406.26  0.362754  0.362754  0.154
core.optimization.Minimizer: [ WARNING ] LBFGS MAX CYCLES 2000 EXCEEDED, BUT FUNC NOT CONVERGED!
protocols.relax.FastRelax: CMD: min  -1293.62  0.498868  0.498868  0.154
protocols.relax.FastRelax: CMD: coord_cst_weight  -2210.93  0.498868  0.498868  0.154
protocols.relax.FastRelax: CMD: scale:fa_rep  -1469.54  0.498868  0.498868  0.30745
core.pack.task: Packer task: initialize from command line() 
core.pack.pack_rotamers: built 13610 rotamers at 983 positions.
core.pack.interaction_graph.interaction_graph_factory: Instantiating DensePDInteractionGraph
protocols.relax.FastRelax: CMD: repack  -1484.76  0.498868  0.498868  0.30745
protocols.relax.FastRelax: CMD: scale:fa_rep  -1426.55  0.498868  0.498868  0.31955
core.optimization.Minimizer: [ WARNING ] LBFGS MAX CYCLES 2000 EXCEEDED, BUT FUNC NOT CONVERGED!
protocols.relax.FastRelax: CMD: min  -2413.94  2.16123  2.16123  0.31955
protocols.relax.FastRelax: CMD: coord_cst_weight  -2413.94  2.16123  2.16123  0.31955
protocols.relax.FastRelax: CMD: scale:fa_rep  -1977.13  2.16123  2.16123  0.55
core.pack.task: Packer task: initialize from command line() 
core.pack.pack_rotamers: built 13752 rotamers at 983 positions.
core.pack.interaction_graph.interaction_graph_factory: Instantiating DensePDInteractionGraph
protocols.relax.FastRelax: CMD: repack  -1992.07  2.16123  2.16123  0.55
protocols.relax.FastRelax: CMD: min  -2113.12  2.49908  2.49908  0.55
protocols.relax.FastRelax: MRP: 1  -2113.12  -2113.12  2.49908  2.49908  
protocols.relax.FastRelax: CMD: accept_to_best  -2113.12  2.49908  2.49908  0.55
protocols.relax.FastRelax: CMD: endrepeat  -2113.12  2.49908  2.49908  0.55
protocols.relax.FastRelax: CMD: coord_cst_weight  537018  2.49908  2.49908  0.55
protocols.relax.FastRelax: CMD: scale:fa_rep  536327  2.49908  2.49908  0.022
core.pack.task: Packer task: initialize from command line() 
core.pack.pack_rotamers: built 15394 rotamers at 983 positions.
core.pack.interaction_graph.interaction_graph_factory: Instantiating DensePDInteractionGraph
protocols.relax.FastRelax: CMD: repack  536288  2.49908  2.49908  0.022
protocols.relax.FastRelax: CMD: scale:fa_rep  536311  2.49908  2.49908  0.02805
core.optimization.Minimizer: [ WARNING ] LBFGS MAX CYCLES 2000 EXCEEDED, BUT FUNC NOT CONVERGED!
protocols.relax.FastRelax: CMD: min  -239.746  0.375837  0.375837  0.02805
protocols.relax.FastRelax: CMD: coord_cst_weight  -748.355  0.375837  0.375837  0.02805
protocols.relax.FastRelax: CMD: scale:fa_rep  6988.58  0.375837  0.375837  0.14575
core.pack.task: Packer task: initialize from command line() 
core.pack.pack_rotamers: built 13783 rotamers at 983 positions.
core.pack.interaction_graph.interaction_graph_factory: Instantiating DensePDInteractionGraph
protocols.relax.FastRelax: CMD: repack  4986.02  0.375837  0.375837  0.14575
protocols.relax.FastRelax: CMD: scale:fa_rep  5412.23  0.375837  0.375837  0.154
core.optimization.Minimizer: [ WARNING ] LBFGS MAX CYCLES 2000 EXCEEDED, BUT FUNC NOT CONVERGED!
protocols.relax.FastRelax: CMD: min  -963.953  0.502602  0.502602  0.154
protocols.relax.FastRelax: CMD: coord_cst_weight  -1878.97  0.502602  0.502602  0.154
protocols.relax.FastRelax: CMD: scale:fa_rep  -907.384  0.502602  0.502602  0.30745
core.pack.task: Packer task: initialize from command line() 
core.pack.pack_rotamers: built 13591 rotamers at 983 positions.
core.pack.interaction_graph.interaction_graph_factory: Instantiating DensePDInteractionGraph
protocols.relax.FastRelax: CMD: repack  -1259.13  0.502602  0.502602  0.30745
protocols.relax.FastRelax: CMD: scale:fa_rep  -1195.97  0.502602  0.502602  0.31955
core.optimization.Minimizer: [ WARNING ] LBFGS MAX CYCLES 2000 EXCEEDED, BUT FUNC NOT CONVERGED!
protocols.relax.FastRelax: CMD: min  -2433.38  2.68878  2.68878  0.31955
protocols.relax.FastRelax: CMD: coord_cst_weight  -2433.38  2.68878  2.68878  0.31955
protocols.relax.FastRelax: CMD: scale:fa_rep  -2001.31  2.68878  2.68878  0.55
core.pack.task: Packer task: initialize from command line() 
core.pack.pack_rotamers: built 13674 rotamers at 983 positions.
core.pack.interaction_graph.interaction_graph_factory: Instantiating DensePDInteractionGraph
protocols.relax.FastRelax: CMD: repack  -2018.94  2.68878  2.68878  0.55
protocols.relax.FastRelax: CMD: min  -2150.56  2.94666  2.94666  0.55
protocols.relax.FastRelax: MRP: 2  -2150.56  -2150.56  2.94666  2.94666  
protocols.relax.FastRelax: CMD: accept_to_best  -2150.56  2.94666  2.94666  0.55
protocols.relax.FastRelax: CMD: endrepeat  -2150.56  2.94666  2.94666  0.55
protocols.relax.FastRelax: CMD: coord_cst_weight  610925  2.94666  2.94666  0.55
protocols.relax.FastRelax: CMD: scale:fa_rep  610243  2.94666  2.94666  0.022
core.pack.task: Packer task: initialize from command line() 
core.pack.pack_rotamers: built 15493 rotamers at 983 positions.
core.pack.interaction_graph.interaction_graph_factory: Instantiating DensePDInteractionGraph
protocols.relax.FastRelax: CMD: repack  610213  2.94666  2.94666  0.022
protocols.relax.FastRelax: CMD: scale:fa_rep  610233  2.94666  2.94666  0.02805
core.optimization.Minimizer: [ WARNING ] LBFGS MAX CYCLES 2000 EXCEEDED, BUT FUNC NOT CONVERGED!
protocols.relax.FastRelax: CMD: min  -1101.71  0.39395  0.39395  0.02805
protocols.relax.FastRelax: CMD: coord_cst_weight  -1659.39  0.39395  0.39395  0.02805
protocols.relax.FastRelax: CMD: scale:fa_rep  1998.5  0.39395  0.39395  0.14575
core.pack.task: Packer task: initialize from command line() 
core.pack.pack_rotamers: built 13968 rotamers at 983 positions.
core.pack.interaction_graph.interaction_graph_factory: Instantiating DensePDInteractionGraph
protocols.relax.FastRelax: CMD: repack  1319.94  0.39395  0.39395  0.14575
protocols.relax.FastRelax: CMD: scale:fa_rep  1535.25  0.39395  0.39395  0.154
core.optimization.Minimizer: [ WARNING ] LBFGS MAX CYCLES 2000 EXCEEDED, BUT FUNC NOT CONVERGED!
protocols.relax.FastRelax: CMD: min  -1295.53  0.500714  0.500714  0.154
protocols.relax.FastRelax: CMD: coord_cst_weight  -2220  0.500714  0.500714  0.154
protocols.relax.FastRelax: CMD: scale:fa_rep  -1489.89  0.500714  0.500714  0.30745
core.pack.task: Packer task: initialize from command line() 
core.pack.pack_rotamers: built 13633 rotamers at 983 positions.
core.pack.interaction_graph.interaction_graph_factory: Instantiating DensePDInteractionGraph
protocols.relax.FastRelax: CMD: repack  -1504.82  0.500714  0.500714  0.30745
protocols.relax.FastRelax: CMD: scale:fa_rep  -1448.17  0.500714  0.500714  0.31955
core.optimization.Minimizer: [ WARNING ] LBFGS MAX CYCLES 2000 EXCEEDED, BUT FUNC NOT CONVERGED!
protocols.relax.FastRelax: CMD: min  -2430.7  2.36567  2.36567  0.31955
protocols.relax.FastRelax: CMD: coord_cst_weight  -2430.7  2.36567  2.36567  0.31955
protocols.relax.FastRelax: CMD: scale:fa_rep  -1982.64  2.36567  2.36567  0.55
core.pack.task: Packer task: initialize from command line() 
core.pack.pack_rotamers: built 13783 rotamers at 983 positions.
core.pack.interaction_graph.interaction_graph_factory: Instantiating DensePDInteractionGraph
protocols.relax.FastRelax: CMD: repack  -2011.04  2.36567  2.36567  0.55
protocols.relax.FastRelax: CMD: min  -2145.45  2.38689  2.38689  0.55
protocols.relax.FastRelax: MRP: 3  -2145.45  -2150.56  2.94666  2.94666  
protocols.relax.FastRelax: CMD: accept_to_best  -2145.45  2.38689  2.38689  0.55
protocols.relax.FastRelax: CMD: endrepeat  -2145.45  2.38689  2.38689  0.55
protocols.relax.FastRelax: CMD: coord_cst_weight  155622  2.38689  2.38689  0.55
protocols.relax.FastRelax: CMD: scale:fa_rep  154924  2.38689  2.38689  0.022
core.pack.task: Packer task: initialize from command line() 
core.pack.pack_rotamers: built 15654 rotamers at 983 positions.
core.pack.interaction_graph.interaction_graph_factory: Instantiating DensePDInteractionGraph
protocols.relax.FastRelax: CMD: repack  154881  2.38689  2.38689  0.022
protocols.relax.FastRelax: CMD: scale:fa_rep  154902  2.38689  2.38689  0.02805
core.optimization.Minimizer: [ WARNING ] LBFGS MAX CYCLES 2000 EXCEEDED, BUT FUNC NOT CONVERGED!
protocols.relax.FastRelax: CMD: min  -1243.72  0.389071  0.389071  0.02805
protocols.relax.FastRelax: CMD: coord_cst_weight  -1782.99  0.389071  0.389071  0.02805
protocols.relax.FastRelax: CMD: scale:fa_rep  1485.42  0.389071  0.389071  0.14575
core.pack.task: Packer task: initialize from command line() 
core.pack.pack_rotamers: built 13870 rotamers at 983 positions.
core.pack.interaction_graph.interaction_graph_factory: Instantiating DensePDInteractionGraph
protocols.relax.FastRelax: CMD: repack  1051.35  0.389071  0.389071  0.14575
protocols.relax.FastRelax: CMD: scale:fa_rep  1252.24  0.389071  0.389071  0.154
core.optimization.Minimizer: [ WARNING ] LBFGS MAX CYCLES 2000 EXCEEDED, BUT FUNC NOT CONVERGED!
protocols.relax.FastRelax: CMD: min  -1296.55  0.50436  0.50436  0.154
protocols.relax.FastRelax: CMD: coord_cst_weight  -2223.28  0.50436  0.50436  0.154
protocols.relax.FastRelax: CMD: scale:fa_rep  -1481.85  0.50436  0.50436  0.30745
core.pack.task: Packer task: initialize from command line() 
core.pack.pack_rotamers: built 13635 rotamers at 983 positions.
core.pack.interaction_graph.interaction_graph_factory: Instantiating DensePDInteractionGraph
protocols.relax.FastRelax: CMD: repack  -1494.82  0.50436  0.50436  0.30745
protocols.relax.FastRelax: CMD: scale:fa_rep  -1436.59  0.50436  0.50436  0.31955
core.optimization.Minimizer: [ WARNING ] LBFGS MAX CYCLES 2000 EXCEEDED, BUT FUNC NOT CONVERGED!
protocols.relax.FastRelax: CMD: min  -2483.86  1.76457  1.76457  0.31955
protocols.relax.FastRelax: CMD: coord_cst_weight  -2483.86  1.76457  1.76457  0.31955
protocols.relax.FastRelax: CMD: scale:fa_rep  -2040.06  1.76457  1.76457  0.55
core.pack.task: Packer task: initialize from command line() 
core.pack.pack_rotamers: built 13798 rotamers at 983 positions.
core.pack.interaction_graph.interaction_graph_factory: Instantiating DensePDInteractionGraph
protocols.relax.FastRelax: CMD: repack  -2058.85  1.76457  1.76457  0.55
protocols.relax.FastRelax: CMD: min  -2172.78  2.03817  2.03817  0.55
protocols.relax.FastRelax: MRP: 4  -2172.78  -2172.78  2.03817  2.03817  
protocols.relax.FastRelax: CMD: accept_to_best  -2172.78  2.03817  2.03817  0.55
protocols.relax.FastRelax: CMD: endrepeat  -2172.78  2.03817  2.03817  0.55
protocols.relax.FastRelax: CMD: coord_cst_weight  590960  2.03817  2.03817  0.55
protocols.relax.FastRelax: CMD: scale:fa_rep  590260  2.03817  2.03817  0.022
core.pack.task: Packer task: initialize from command line() 
core.pack.pack_rotamers: built 15624 rotamers at 983 positions.
core.pack.interaction_graph.interaction_graph_factory: Instantiating DensePDInteractionGraph
protocols.relax.FastRelax: CMD: repack  590240  2.03817  2.03817  0.022
protocols.relax.FastRelax: CMD: scale:fa_rep  590263  2.03817  2.03817  0.02805
core.optimization.Minimizer: [ WARNING ] LBFGS MAX CYCLES 2000 EXCEEDED, BUT FUNC NOT CONVERGED!
protocols.relax.FastRelax: CMD: min  -688.744  0.392754  0.392754  0.02805
protocols.relax.FastRelax: CMD: coord_cst_weight  -1249.38  0.392754  0.392754  0.02805
protocols.relax.FastRelax: CMD: scale:fa_rep  4176.02  0.392754  0.392754  0.14575
core.pack.task: Packer task: initialize from command line() 
core.pack.pack_rotamers: built 13950 rotamers at 983 positions.
core.pack.interaction_graph.interaction_graph_factory: Instantiating DensePDInteractionGraph
protocols.relax.FastRelax: CMD: repack  3214.72  0.392754  0.392754  0.14575
protocols.relax.FastRelax: CMD: scale:fa_rep  3537.75  0.392754  0.392754  0.154
core.optimization.Minimizer: [ WARNING ] LBFGS MAX CYCLES 2000 EXCEEDED, BUT FUNC NOT CONVERGED!
protocols.relax.FastRelax: CMD: min  -1244.28  0.516965  0.516965  0.154
protocols.relax.FastRelax: CMD: coord_cst_weight  -2212.13  0.516965  0.516965  0.154
protocols.relax.FastRelax: CMD: scale:fa_rep  -1473.38  0.516965  0.516965  0.30745
core.pack.task: Packer task: initialize from command line() 
core.pack.pack_rotamers: built 13643 rotamers at 983 positions.
core.pack.interaction_graph.interaction_graph_factory: Instantiating DensePDInteractionGraph
protocols.relax.FastRelax: CMD: repack  -1500.29  0.516965  0.516965  0.30745
protocols.relax.FastRelax: CMD: scale:fa_rep  -1442.98  0.516965  0.516965  0.31955
core.optimization.Minimizer: [ WARNING ] LBFGS MAX CYCLES 2000 EXCEEDED, BUT FUNC NOT CONVERGED!
protocols.relax.FastRelax: CMD: min  -2452.43  2.05962  2.05962  0.31955
protocols.relax.FastRelax: CMD: coord_cst_weight  -2452.43  2.05962  2.05962  0.31955
protocols.relax.FastRelax: CMD: scale:fa_rep  -2008.43  2.05962  2.05962  0.55
core.pack.task: Packer task: initialize from command line() 
core.pack.pack_rotamers: built 13757 rotamers at 983 positions.
core.pack.interaction_graph.interaction_graph_factory: Instantiating DensePDInteractionGraph
protocols.relax.FastRelax: CMD: repack  -2033.23  2.05962  2.05962  0.55
protocols.relax.FastRelax: CMD: min  -2161.65  2.43606  2.43606  0.55
protocols.relax.FastRelax: MRP: 5  -2161.65  -2172.78  2.03817  2.03817  
protocols.relax.FastRelax: CMD: accept_to_best  -2161.65  2.43606  2.43606  0.55
protocols.relax.FastRelax: CMD: endrepeat  -2161.65  2.43606  2.43606  0.55
protocols.relax.FastRelax: CMD: coord_cst_weight  463090  2.43606  2.43606  0.55
protocols.relax.FastRelax: CMD: scale:fa_rep  462394  2.43606  2.43606  0.022
core.pack.task: Packer task: initialize from command line() 
core.pack.pack_rotamers: built 15559 rotamers at 983 positions.
core.pack.interaction_graph.interaction_graph_factory: Instantiating DensePDInteractionGraph
protocols.relax.FastRelax: CMD: repack  462363  2.43606  2.43606  0.022
protocols.relax.FastRelax: CMD: scale:fa_rep  462387  2.43606  2.43606  0.02805
core.optimization.Minimizer: [ WARNING ] LBFGS MAX CYCLES 2000 EXCEEDED, BUT FUNC NOT CONVERGED!
protocols.relax.FastRelax: CMD: min  871.283  0.463799  0.463799  0.02805
protocols.relax.FastRelax: CMD: coord_cst_weight  121.691  0.463799  0.463799  0.02805
protocols.relax.FastRelax: CMD: scale:fa_rep  10246.7  0.463799  0.463799  0.14575
core.pack.task: Packer task: initialize from command line() 
core.pack.pack_rotamers: built 13872 rotamers at 983 positions.
core.pack.interaction_graph.interaction_graph_factory: Instantiating DensePDInteractionGraph
protocols.relax.FastRelax: CMD: repack  8097.36  0.463799  0.463799  0.14575
protocols.relax.FastRelax: CMD: scale:fa_rep  8680.95  0.463799  0.463799  0.154
core.optimization.Minimizer: [ WARNING ] LBFGS MAX CYCLES 2000 EXCEEDED, BUT FUNC NOT CONVERGED!
protocols.relax.FastRelax: CMD: min  -287.524  0.662785  0.662785  0.154
protocols.relax.FastRelax: CMD: coord_cst_weight  -1852.34  0.662785  0.662785  0.154
protocols.relax.FastRelax: CMD: scale:fa_rep  -995.703  0.662785  0.662785  0.30745
core.pack.task: Packer task: initialize from command line() 
core.pack.pack_rotamers: built 13543 rotamers at 983 positions.
core.pack.interaction_graph.interaction_graph_factory: Instantiating DensePDInteractionGraph
protocols.relax.FastRelax: CMD: repack  -1079.44  0.662785  0.662785  0.30745
protocols.relax.FastRelax: CMD: scale:fa_rep  -1013.97  0.662785  0.662785  0.31955
core.optimization.Minimizer: [ WARNING ] LBFGS MAX CYCLES 2000 EXCEEDED, BUT FUNC NOT CONVERGED!
protocols.relax.FastRelax: CMD: min  -2290.17  3.78195  3.78195  0.31955
protocols.relax.FastRelax: CMD: coord_cst_weight  -2290.17  3.78195  3.78195  0.31955
protocols.relax.FastRelax: CMD: scale:fa_rep  -1805.35  3.78195  3.78195  0.55
core.pack.task: Packer task: initialize from command line() 
core.pack.pack_rotamers: built 13703 rotamers at 983 positions.
core.pack.interaction_graph.interaction_graph_factory: Instantiating DensePDInteractionGraph
protocols.relax.FastRelax: CMD: repack  -1940.26  3.78195  3.78195  0.55
protocols.relax.FastRelax: CMD: min  -2098.82  4.33347  4.33347  0.55
protocols.relax.FastRelax: MRP: 6  -2098.82  -2172.78  2.03817  2.03817  
protocols.relax.FastRelax: CMD: accept_to_best  -2098.82  4.33347  4.33347  0.55
protocols.relax.FastRelax: CMD: endrepeat  -2098.82  4.33347  4.33347  0.55
protocols.relax.FastRelax: CMD: coord_cst_weight  506229  4.33347  4.33347  0.55
protocols.relax.FastRelax: CMD: scale:fa_rep  505549  4.33347  4.33347  0.022
core.pack.task: Packer task: initialize from command line() 
core.pack.pack_rotamers: built 15481 rotamers at 983 positions.
core.pack.interaction_graph.interaction_graph_factory: Instantiating DensePDInteractionGraph
protocols.relax.FastRelax: CMD: repack  505478  4.33347  4.33347  0.022
protocols.relax.FastRelax: CMD: scale:fa_rep  505498  4.33347  4.33347  0.02805
core.optimization.Minimizer: [ WARNING ] LBFGS MAX CYCLES 2000 EXCEEDED, BUT FUNC NOT CONVERGED!
protocols.relax.FastRelax: CMD: min  372.521  0.382204  0.382204  0.02805
protocols.relax.FastRelax: CMD: coord_cst_weight  -167.178  0.382204  0.382204  0.02805
protocols.relax.FastRelax: CMD: scale:fa_rep  9521.59  0.382204  0.382204  0.14575
core.pack.task: Packer task: initialize from command line() 
core.pack.pack_rotamers: built 14010 rotamers at 983 positions.
core.pack.interaction_graph.interaction_graph_factory: Instantiating DensePDInteractionGraph
protocols.relax.FastRelax: CMD: repack  6812.14  0.382204  0.382204  0.14575
protocols.relax.FastRelax: CMD: scale:fa_rep  7335.16  0.382204  0.382204  0.154
core.optimization.Minimizer: [ WARNING ] LBFGS MAX CYCLES 2000 EXCEEDED, BUT FUNC NOT CONVERGED!
protocols.relax.FastRelax: CMD: min  -1071.27  0.5207  0.5207  0.154
protocols.relax.FastRelax: CMD: coord_cst_weight  -2103.88  0.5207  0.5207  0.154
protocols.relax.FastRelax: CMD: scale:fa_rep  -1337.11  0.5207  0.5207  0.30745
core.pack.task: Packer task: initialize from command line() 
core.pack.pack_rotamers: built 13597 rotamers at 983 positions.
core.pack.interaction_graph.interaction_graph_factory: Instantiating DensePDInteractionGraph
protocols.relax.FastRelax: CMD: repack  -1379.38  0.5207  0.5207  0.30745
protocols.relax.FastRelax: CMD: scale:fa_rep  -1319.61  0.5207  0.5207  0.31955
core.optimization.Minimizer: [ WARNING ] LBFGS MAX CYCLES 2000 EXCEEDED, BUT FUNC NOT CONVERGED!
protocols.relax.FastRelax: CMD: min  -2400.64  4.2955  4.2955  0.31955
protocols.relax.FastRelax: CMD: coord_cst_weight  -2400.64  4.2955  4.2955  0.31955
protocols.relax.FastRelax: CMD: scale:fa_rep  -1958.36  4.2955  4.2955  0.55
core.pack.task: Packer task: initialize from command line() 
core.pack.pack_rotamers: built 13810 rotamers at 983 positions.
core.pack.interaction_graph.interaction_graph_factory: Instantiating DensePDInteractionGraph
protocols.relax.FastRelax: CMD: repack  -1990.45  4.2955  4.2955  0.55
protocols.relax.FastRelax: CMD: min  -2121.18  4.0917  4.0917  0.55
protocols.relax.FastRelax: MRP: 7  -2121.18  -2172.78  2.03817  2.03817  
protocols.relax.FastRelax: CMD: accept_to_best  -2121.18  4.0917  4.0917  0.55
protocols.relax.FastRelax: CMD: endrepeat  -2121.18  4.0917  4.0917  0.55
protocols.relax.FastRelax: CMD: coord_cst_weight  427122  4.0917  4.0917  0.55
protocols.relax.FastRelax: CMD: scale:fa_rep  426422  4.0917  4.0917  0.022
core.pack.task: Packer task: initialize from command line() 
core.pack.pack_rotamers: built 15554 rotamers at 983 positions.
core.pack.interaction_graph.interaction_graph_factory: Instantiating DensePDInteractionGraph
protocols.relax.FastRelax: CMD: repack  426384  4.0917  4.0917  0.022
protocols.relax.FastRelax: CMD: scale:fa_rep  426407  4.0917  4.0917  0.02805
core.optimization.Minimizer: [ WARNING ] LBFGS MAX CYCLES 2000 EXCEEDED, BUT FUNC NOT CONVERGED!
protocols.relax.FastRelax: CMD: min  -587.49  0.431192  0.431192  0.02805
protocols.relax.FastRelax: CMD: coord_cst_weight  -1270.52  0.431192  0.431192  0.02805
protocols.relax.FastRelax: CMD: scale:fa_rep  3358.98  0.431192  0.431192  0.14575
core.pack.task: Packer task: initialize from command line() 
core.pack.pack_rotamers: built 14007 rotamers at 983 positions.
core.pack.interaction_graph.interaction_graph_factory: Instantiating DensePDInteractionGraph
protocols.relax.FastRelax: CMD: repack  1906.46  0.431192  0.431192  0.14575
protocols.relax.FastRelax: CMD: scale:fa_rep  2144.28  0.431192  0.431192  0.154
core.optimization.LineMinimizer: Inaccurate G in step= 9.53674e-09 Deriv= -9907 Finite Diff= 9.91172e+08
core.optimization.LineMinimizer: Inaccurate G in step= 7.3677e-09 Deriv= -745.818 Finite Diff= 1.31047e+09
core.optimization.LineMinimizer: Inaccurate G in step= 1.61499e-08 Deriv= -223174 Finite Diff= 5.97624e+08
core.optimization.Minimizer: Line search failed even after resetting Hessian; aborting at iter#1187
protocols.relax.FastRelax: CMD: min  -1171.02  0.522707  0.522707  0.154
protocols.relax.FastRelax: CMD: coord_cst_weight  -2171.44  0.522707  0.522707  0.154
protocols.relax.FastRelax: CMD: scale:fa_rep  -1419.38  0.522707  0.522707  0.30745
core.pack.task: Packer task: initialize from command line() 
core.pack.pack_rotamers: built 13665 rotamers at 983 positions.
core.pack.interaction_graph.interaction_graph_factory: Instantiating DensePDInteractionGraph
protocols.relax.FastRelax: CMD: repack  -1458.38  0.522707  0.522707  0.30745
protocols.relax.FastRelax: CMD: scale:fa_rep  -1400.03  0.522707  0.522707  0.31955
core.optimization.Minimizer: [ WARNING ] LBFGS MAX CYCLES 2000 EXCEEDED, BUT FUNC NOT CONVERGED!
protocols.relax.FastRelax: CMD: min  -2418.46  2.19903  2.19903  0.31955
protocols.relax.FastRelax: CMD: coord_cst_weight  -2418.46  2.19903  2.19903  0.31955
protocols.relax.FastRelax: CMD: scale:fa_rep  -1972.39  2.19903  2.19903  0.55
core.pack.task: Packer task: initialize from command line() 
core.pack.pack_rotamers: built 13750 rotamers at 983 positions.
core.pack.interaction_graph.interaction_graph_factory: Instantiating DensePDInteractionGraph
protocols.relax.FastRelax: CMD: repack  -1995.7  2.19903  2.19903  0.55
protocols.relax.FastRelax: CMD: min  -2123.5  2.32603  2.32603  0.55
protocols.relax.FastRelax: MRP: 8  -2123.5  -2172.78  2.03817  2.03817  
protocols.relax.FastRelax: CMD: accept_to_best  -2123.5  2.32603  2.32603  0.55
protocols.relax.FastRelax: CMD: endrepeat  -2123.5  2.32603  2.32603  0.55
protocols.relax.FastRelax: CMD: coord_cst_weight  1.54963e+06  2.32603  2.32603  0.55
protocols.relax.FastRelax: CMD: scale:fa_rep  1.54893e+06  2.32603  2.32603  0.022
core.pack.task: Packer task: initialize from command line() 
core.pack.pack_rotamers: built 15583 rotamers at 983 positions.
core.pack.interaction_graph.interaction_graph_factory: Instantiating DensePDInteractionGraph
protocols.relax.FastRelax: CMD: repack  1.54889e+06  2.32603  2.32603  0.022
protocols.relax.FastRelax: CMD: scale:fa_rep  1.54891e+06  2.32603  2.32603  0.02805
core.optimization.Minimizer: [ WARNING ] LBFGS MAX CYCLES 2000 EXCEEDED, BUT FUNC NOT CONVERGED!
protocols.relax.FastRelax: CMD: min  691.501  0.55896  0.55896  0.02805
protocols.relax.FastRelax: CMD: coord_cst_weight  -398.593  0.55896  0.55896  0.02805
protocols.relax.FastRelax: CMD: scale:fa_rep  5929.54  0.55896  0.55896  0.14575
core.pack.task: Packer task: initialize from command line() 
core.pack.pack_rotamers: built 13957 rotamers at 983 positions.
core.pack.interaction_graph.interaction_graph_factory: Instantiating DensePDInteractionGraph
protocols.relax.FastRelax: CMD: repack  4243.74  0.55896  0.55896  0.14575
protocols.relax.FastRelax: CMD: scale:fa_rep  4588.93  0.55896  0.55896  0.154
core.optimization.Minimizer: [ WARNING ] LBFGS MAX CYCLES 2000 EXCEEDED, BUT FUNC NOT CONVERGED!
protocols.relax.FastRelax: CMD: min  -1076.77  0.546936  0.546936  0.154
protocols.relax.FastRelax: CMD: coord_cst_weight  -2151.78  0.546936  0.546936  0.154
protocols.relax.FastRelax: CMD: scale:fa_rep  -1428.93  0.546936  0.546936  0.30745
core.pack.task: Packer task: initialize from command line() 
core.pack.pack_rotamers: built 13637 rotamers at 983 positions.
core.pack.interaction_graph.interaction_graph_factory: Instantiating DensePDInteractionGraph
protocols.relax.FastRelax: CMD: repack  -1459.12  0.546936  0.546936  0.30745
protocols.relax.FastRelax: CMD: scale:fa_rep  -1402.67  0.546936  0.546936  0.31955
core.optimization.Minimizer: [ WARNING ] LBFGS MAX CYCLES 2000 EXCEEDED, BUT FUNC NOT CONVERGED!
protocols.relax.FastRelax: CMD: min  -2390.2  2.0667  2.0667  0.31955
protocols.relax.FastRelax: CMD: coord_cst_weight  -2390.2  2.0667  2.0667  0.31955
protocols.relax.FastRelax: CMD: scale:fa_rep  -1945.74  2.0667  2.0667  0.55
core.pack.task: Packer task: initialize from command line() 
core.pack.pack_rotamers: built 13688 rotamers at 983 positions.
core.pack.interaction_graph.interaction_graph_factory: Instantiating DensePDInteractionGraph
protocols.relax.FastRelax: CMD: repack  -1969.98  2.0667  2.0667  0.55
protocols.relax.FastRelax: CMD: min  -2094.44  2.43155  2.43155  0.55
protocols.relax.FastRelax: MRP: 9  -2094.44  -2172.78  2.03817  2.03817  
protocols.relax.FastRelax: CMD: accept_to_best  -2094.44  2.43155  2.43155  0.55
protocols.relax.FastRelax: CMD: endrepeat  -2094.44  2.43155  2.43155  0.55
protocols.relax.FastRelax: CMD: coord_cst_weight  1.16674e+06  2.43155  2.43155  0.55
protocols.relax.FastRelax: CMD: scale:fa_rep  1.16603e+06  2.43155  2.43155  0.022
core.pack.task: Packer task: initialize from command line() 
core.pack.pack_rotamers: built 15589 rotamers at 983 positions.
core.pack.interaction_graph.interaction_graph_factory: Instantiating DensePDInteractionGraph
protocols.relax.FastRelax: CMD: repack  1.16597e+06  2.43155  2.43155  0.022
protocols.relax.FastRelax: CMD: scale:fa_rep  1.166e+06  2.43155  2.43155  0.02805
core.optimization.Minimizer: [ WARNING ] LBFGS MAX CYCLES 2000 EXCEEDED, BUT FUNC NOT CONVERGED!
protocols.relax.FastRelax: CMD: min  279.115  0.529445  0.529445  0.02805
protocols.relax.FastRelax: CMD: coord_cst_weight  -712.786  0.529445  0.529445  0.02805
protocols.relax.FastRelax: CMD: scale:fa_rep  4737.45  0.529445  0.529445  0.14575
core.pack.task: Packer task: initialize from command line() 
core.pack.pack_rotamers: built 13999 rotamers at 983 positions.
core.pack.interaction_graph.interaction_graph_factory: Instantiating DensePDInteractionGraph
protocols.relax.FastRelax: CMD: repack  2455.43  0.529445  0.529445  0.14575
protocols.relax.FastRelax: CMD: scale:fa_rep  2703.21  0.529445  0.529445  0.154
core.optimization.Minimizer: [ WARNING ] LBFGS MAX CYCLES 2000 EXCEEDED, BUT FUNC NOT CONVERGED!
protocols.relax.FastRelax: CMD: min  -1153.27  0.534329  0.534329  0.154
protocols.relax.FastRelax: CMD: coord_cst_weight  -2193.64  0.534329  0.534329  0.154
protocols.relax.FastRelax: CMD: scale:fa_rep  -1490.43  0.534329  0.534329  0.30745
core.pack.task: Packer task: initialize from command line() 
core.pack.pack_rotamers: built 13543 rotamers at 983 positions.
core.pack.interaction_graph.interaction_graph_factory: Instantiating DensePDInteractionGraph
protocols.relax.FastRelax: CMD: repack  -1501.38  0.534329  0.534329  0.30745
protocols.relax.FastRelax: CMD: scale:fa_rep  -1446.52  0.534329  0.534329  0.31955
core.optimization.Minimizer: [ WARNING ] LBFGS MAX CYCLES 2000 EXCEEDED, BUT FUNC NOT CONVERGED!
protocols.relax.FastRelax: CMD: min  -2409.86  2.07484  2.07484  0.31955
protocols.relax.FastRelax: CMD: coord_cst_weight  -2409.86  2.07484  2.07484  0.31955
protocols.relax.FastRelax: CMD: scale:fa_rep  -1967.46  2.07484  2.07484  0.55
core.pack.task: Packer task: initialize from command line() 
core.pack.pack_rotamers: built 13567 rotamers at 983 positions.
core.pack.interaction_graph.interaction_graph_factory: Instantiating DensePDInteractionGraph
protocols.relax.FastRelax: CMD: repack  -1988.59  2.07484  2.07484  0.55
protocols.relax.FastRelax: CMD: min  -2108.57  2.42986  2.42986  0.55
protocols.relax.FastRelax: MRP: 10  -2108.57  -2172.78  2.03817  2.03817  
protocols.relax.FastRelax: CMD: accept_to_best  -2108.57  2.42986  2.42986  0.55
protocols.relax.FastRelax: CMD: endrepeat  -2108.57  2.42986  2.42986  0.55
protocols.relax.FastRelax: CMD: coord_cst_weight  478030  2.42986  2.42986  0.55
protocols.relax.FastRelax: CMD: scale:fa_rep  477329  2.42986  2.42986  0.022
core.pack.task: Packer task: initialize from command line() 
core.pack.pack_rotamers: built 15519 rotamers at 983 positions.
core.pack.interaction_graph.interaction_graph_factory: Instantiating DensePDInteractionGraph
protocols.relax.FastRelax: CMD: repack  477277  2.42986  2.42986  0.022
protocols.relax.FastRelax: CMD: scale:fa_rep  477299  2.42986  2.42986  0.02805
core.optimization.Minimizer: [ WARNING ] LBFGS MAX CYCLES 2000 EXCEEDED, BUT FUNC NOT CONVERGED!
protocols.relax.FastRelax: CMD: min  -1146.5  0.39355  0.39355  0.02805
protocols.relax.FastRelax: CMD: coord_cst_weight  -1719.76  0.39355  0.39355  0.02805
protocols.relax.FastRelax: CMD: scale:fa_rep  1724.1  0.39355  0.39355  0.14575
core.pack.task: Packer task: initialize from command line() 
core.pack.pack_rotamers: built 14016 rotamers at 983 positions.
core.pack.interaction_graph.interaction_graph_factory: Instantiating DensePDInteractionGraph
protocols.relax.FastRelax: CMD: repack  1100.33  0.39355  0.39355  0.14575
protocols.relax.FastRelax: CMD: scale:fa_rep  1301.46  0.39355  0.39355  0.154
core.optimization.Minimizer: [ WARNING ] LBFGS MAX CYCLES 2000 EXCEEDED, BUT FUNC NOT CONVERGED!
protocols.relax.FastRelax: CMD: min  -1400.25  0.487181  0.487181  0.154
protocols.relax.FastRelax: CMD: coord_cst_weight  -2285.98  0.487181  0.487181  0.154
protocols.relax.FastRelax: CMD: scale:fa_rep  -1611.48  0.487181  0.487181  0.30745
core.pack.task: Packer task: initialize from command line() 
core.pack.pack_rotamers: built 13505 rotamers at 983 positions.
core.pack.interaction_graph.interaction_graph_factory: Instantiating DensePDInteractionGraph
protocols.relax.FastRelax: CMD: repack  -1622.41  0.487181  0.487181  0.30745
protocols.relax.FastRelax: CMD: scale:fa_rep  -1569.78  0.487181  0.487181  0.31955
core.optimization.Minimizer: [ WARNING ] LBFGS MAX CYCLES 2000 EXCEEDED, BUT FUNC NOT CONVERGED!
protocols.relax.FastRelax: CMD: min  -2426.6  1.99683  1.99683  0.31955
protocols.relax.FastRelax: CMD: coord_cst_weight  -2426.6  1.99683  1.99683  0.31955
protocols.relax.FastRelax: CMD: scale:fa_rep  -1976.75  1.99683  1.99683  0.55
core.pack.task: Packer task: initialize from command line() 
core.pack.pack_rotamers: built 13716 rotamers at 983 positions.
core.pack.interaction_graph.interaction_graph_factory: Instantiating DensePDInteractionGraph
protocols.relax.FastRelax: CMD: repack  -1984.63  1.99683  1.99683  0.55
protocols.relax.FastRelax: CMD: min  -2111.1  2.32824  2.32824  0.55
protocols.relax.FastRelax: MRP: 11  -2111.1  -2172.78  2.03817  2.03817  
protocols.relax.FastRelax: CMD: accept_to_best  -2111.1  2.32824  2.32824  0.55
protocols.relax.FastRelax: CMD: endrepeat  -2111.1  2.32824  2.32824  0.55
protocols.relax.FastRelax: CMD: coord_cst_weight  1.43633e+06  2.32824  2.32824  0.55
protocols.relax.FastRelax: CMD: scale:fa_rep  1.43562e+06  2.32824  2.32824  0.022
core.pack.task: Packer task: initialize from command line() 
core.pack.pack_rotamers: built 15630 rotamers at 983 positions.
core.pack.interaction_graph.interaction_graph_factory: Instantiating DensePDInteractionGraph
protocols.relax.FastRelax: CMD: repack  1.43559e+06  2.32824  2.32824  0.022
protocols.relax.FastRelax: CMD: scale:fa_rep  1.43562e+06  2.32824  2.32824  0.02805
core.optimization.Minimizer: [ WARNING ] LBFGS MAX CYCLES 2000 EXCEEDED, BUT FUNC NOT CONVERGED!
protocols.relax.FastRelax: CMD: min  -687.819  0.437128  0.437128  0.02805
protocols.relax.FastRelax: CMD: coord_cst_weight  -1388.56  0.437128  0.437128  0.02805
protocols.relax.FastRelax: CMD: scale:fa_rep  2646.62  0.437128  0.437128  0.14575
core.pack.task: Packer task: initialize from command line() 
core.pack.pack_rotamers: built 14088 rotamers at 983 positions.
core.pack.interaction_graph.interaction_graph_factory: Instantiating DensePDInteractionGraph
protocols.relax.FastRelax: CMD: repack  1432.58  0.437128  0.437128  0.14575
protocols.relax.FastRelax: CMD: scale:fa_rep  1642.86  0.437128  0.437128  0.154
core.optimization.Minimizer: [ WARNING ] LBFGS MAX CYCLES 2000 EXCEEDED, BUT FUNC NOT CONVERGED!
protocols.relax.FastRelax: CMD: min  -1319.33  0.497189  0.497189  0.154
protocols.relax.FastRelax: CMD: coord_cst_weight  -2229.77  0.497189  0.497189  0.154
protocols.relax.FastRelax: CMD: scale:fa_rep  -1539.54  0.497189  0.497189  0.30745
core.pack.task: Packer task: initialize from command line() 
core.pack.pack_rotamers: built 13639 rotamers at 983 positions.
core.pack.interaction_graph.interaction_graph_factory: Instantiating DensePDInteractionGraph
protocols.relax.FastRelax: CMD: repack  -1560.21  0.497189  0.497189  0.30745
protocols.relax.FastRelax: CMD: scale:fa_rep  -1506.36  0.497189  0.497189  0.31955
core.optimization.Minimizer: [ WARNING ] LBFGS MAX CYCLES 2000 EXCEEDED, BUT FUNC NOT CONVERGED!
protocols.relax.FastRelax: CMD: min  -2400.34  1.64612  1.64612  0.31955
protocols.relax.FastRelax: CMD: coord_cst_weight  -2400.34  1.64612  1.64612  0.31955
protocols.relax.FastRelax: CMD: scale:fa_rep  -1954.24  1.64612  1.64612  0.55
core.pack.task: Packer task: initialize from command line() 
core.pack.pack_rotamers: built 13648 rotamers at 983 positions.
core.pack.interaction_graph.interaction_graph_factory: Instantiating DensePDInteractionGraph
protocols.relax.FastRelax: CMD: repack  -1976.89  1.64612  1.64612  0.55
protocols.relax.FastRelax: CMD: min  -2130.7  2.04908  2.04908  0.55
protocols.relax.FastRelax: MRP: 12  -2130.7  -2172.78  2.03817  2.03817  
protocols.relax.FastRelax: CMD: accept_to_best  -2130.7  2.04908  2.04908  0.55
protocols.relax.FastRelax: CMD: endrepeat  -2130.7  2.04908  2.04908  0.55
protocols.relax.FastRelax: CMD: coord_cst_weight  1.09178e+06  2.04908  2.04908  0.55
protocols.relax.FastRelax: CMD: scale:fa_rep  1.09108e+06  2.04908  2.04908  0.022
core.pack.task: Packer task: initialize from command line() 
core.pack.pack_rotamers: built 15607 rotamers at 983 positions.
core.pack.interaction_graph.interaction_graph_factory: Instantiating DensePDInteractionGraph
protocols.relax.FastRelax: CMD: repack  1.09105e+06  2.04908  2.04908  0.022
protocols.relax.FastRelax: CMD: scale:fa_rep  1.09107e+06  2.04908  2.04908  0.02805
core.optimization.Minimizer: [ WARNING ] LBFGS MAX CYCLES 2000 EXCEEDED, BUT FUNC NOT CONVERGED!
protocols.relax.FastRelax: CMD: min  -1148.43  0.396438  0.396438  0.02805
protocols.relax.FastRelax: CMD: coord_cst_weight  -1747.28  0.396438  0.396438  0.02805
protocols.relax.FastRelax: CMD: scale:fa_rep  1395.86  0.396438  0.396438  0.14575
core.pack.task: Packer task: initialize from command line() 
core.pack.pack_rotamers: built 13958 rotamers at 983 positions.
core.pack.interaction_graph.interaction_graph_factory: Instantiating DensePDInteractionGraph
protocols.relax.FastRelax: CMD: repack  966.814  0.396438  0.396438  0.14575
protocols.relax.FastRelax: CMD: scale:fa_rep  1157.93  0.396438  0.396438  0.154
core.optimization.Minimizer: [ WARNING ] LBFGS MAX CYCLES 2000 EXCEEDED, BUT FUNC NOT CONVERGED!
protocols.relax.FastRelax: CMD: min  -1429.87  0.478231  0.478231  0.154
protocols.relax.FastRelax: CMD: coord_cst_weight  -2296.95  0.478231  0.478231  0.154
protocols.relax.FastRelax: CMD: scale:fa_rep  -1616.43  0.478231  0.478231  0.30745
core.pack.task: Packer task: initialize from command line() 
core.pack.pack_rotamers: built 13587 rotamers at 983 positions.
core.pack.interaction_graph.interaction_graph_factory: Instantiating DensePDInteractionGraph
protocols.relax.FastRelax: CMD: repack  -1634.1  0.478231  0.478231  0.30745
protocols.relax.FastRelax: CMD: scale:fa_rep  -1580.86  0.478231  0.478231  0.31955
core.optimization.Minimizer: [ WARNING ] LBFGS MAX CYCLES 2000 EXCEEDED, BUT FUNC NOT CONVERGED!
protocols.relax.FastRelax: CMD: min  -2407.3  1.72761  1.72761  0.31955
protocols.relax.FastRelax: CMD: coord_cst_weight  -2407.3  1.72761  1.72761  0.31955
protocols.relax.FastRelax: CMD: scale:fa_rep  -1950.5  1.72761  1.72761  0.55
core.pack.task: Packer task: initialize from command line() 
core.pack.pack_rotamers: built 13521 rotamers at 983 positions.
core.pack.interaction_graph.interaction_graph_factory: Instantiating DensePDInteractionGraph
protocols.relax.FastRelax: CMD: repack  -1960.87  1.72761  1.72761  0.55
protocols.relax.FastRelax: CMD: min  -2067.95  1.86784  1.86784  0.55
protocols.relax.FastRelax: MRP: 13  -2067.95  -2172.78  2.03817  2.03817  
protocols.relax.FastRelax: CMD: accept_to_best  -2067.95  1.86784  1.86784  0.55
protocols.relax.FastRelax: CMD: endrepeat  -2067.95  1.86784  1.86784  0.55
protocols.relax.FastRelax: CMD: coord_cst_weight  141459  1.86784  1.86784  0.55
protocols.relax.FastRelax: CMD: scale:fa_rep  140740  1.86784  1.86784  0.022
core.pack.task: Packer task: initialize from command line() 
core.pack.pack_rotamers: built 15571 rotamers at 983 positions.
core.pack.interaction_graph.interaction_graph_factory: Instantiating DensePDInteractionGraph
protocols.relax.FastRelax: CMD: repack  140685  1.86784  1.86784  0.022
protocols.relax.FastRelax: CMD: scale:fa_rep  140716  1.86784  1.86784  0.02805
core.optimization.Minimizer: [ WARNING ] LBFGS MAX CYCLES 2000 EXCEEDED, BUT FUNC NOT CONVERGED!
protocols.relax.FastRelax: CMD: min  -1290.57  0.372741  0.372741  0.02805
protocols.relax.FastRelax: CMD: coord_cst_weight  -1820.64  0.372741  0.372741  0.02805
protocols.relax.FastRelax: CMD: scale:fa_rep  1419.93  0.372741  0.372741  0.14575
core.pack.task: Packer task: initialize from command line() 
core.pack.pack_rotamers: built 14032 rotamers at 983 positions.
core.pack.interaction_graph.interaction_graph_factory: Instantiating DensePDInteractionGraph
protocols.relax.FastRelax: CMD: repack  1039.11  0.372741  0.372741  0.14575
protocols.relax.FastRelax: CMD: scale:fa_rep  1239.98  0.372741  0.372741  0.154
core.optimization.Minimizer: [ WARNING ] LBFGS MAX CYCLES 2000 EXCEEDED, BUT FUNC NOT CONVERGED!
protocols.relax.FastRelax: CMD: min  -1449.98  0.47727  0.47727  0.154
protocols.relax.FastRelax: CMD: coord_cst_weight  -2297.29  0.47727  0.47727  0.154
protocols.relax.FastRelax: CMD: scale:fa_rep  -1611.5  0.47727  0.47727  0.30745
core.pack.task: Packer task: initialize from command line() 
core.pack.pack_rotamers: built 13591 rotamers at 983 positions.
core.pack.interaction_graph.interaction_graph_factory: Instantiating DensePDInteractionGraph
protocols.relax.FastRelax: CMD: repack  -1620.77  0.47727  0.47727  0.30745
protocols.relax.FastRelax: CMD: scale:fa_rep  -1566.92  0.47727  0.47727  0.31955
core.optimization.Minimizer: [ WARNING ] LBFGS MAX CYCLES 2000 EXCEEDED, BUT FUNC NOT CONVERGED!
protocols.relax.FastRelax: CMD: min  -2438.46  1.74725  1.74725  0.31955
protocols.relax.FastRelax: CMD: coord_cst_weight  -2438.46  1.74725  1.74725  0.31955
protocols.relax.FastRelax: CMD: scale:fa_rep  -1984.85  1.74725  1.74725  0.55
core.pack.task: Packer task: initialize from command line() 
core.pack.pack_rotamers: built 13582 rotamers at 983 positions.
core.pack.interaction_graph.interaction_graph_factory: Instantiating DensePDInteractionGraph
protocols.relax.FastRelax: CMD: repack  -2007.2  1.74725  1.74725  0.55
protocols.relax.FastRelax: CMD: min  -2136.25  1.98009  1.98009  0.55
protocols.relax.FastRelax: MRP: 14  -2136.25  -2172.78  2.03817  2.03817  
protocols.relax.FastRelax: CMD: accept_to_best  -2136.25  1.98009  1.98009  0.55
protocols.relax.FastRelax: CMD: endrepeat  -2136.25  1.98009  1.98009  0.55
protocols::checkpoint: Deleting checkpoints of FastRelax
protocols.jd2.JobDistributor: PDE4D_dimer_prerelax_7_0001 reported success in 59230 seconds
protocols.jd2.JobDistributor: no more batches to process... 
protocols.jd2.JobDistributor: 1 jobs considered, 1 jobs attempted in 59230 seconds
basic.citation_manager.CitationManager: 
The following Rosetta modules were used during this run of Rosetta, and should be cited:

FastRelax Mover's citation(s):
*Tyka MD, *Keedy DA, André I, Dimaio F, Song Y, Richardson DC, Richardson JS, and Baker D.  (2011).  Alternate states of proteins revealed by detailed energy landscape mapping.  J Mol Biol 405(2):607-18.  doi: 10.1016/j.jmb.2010.11.008.  (*Co-primary authors.)

Khatib F, Cooper S, Tyka MD, Xu K, Makedon I, Popovic Z, Baker D, and Players F.  (2011).  Algorithm discovery by protein folding game players.  Proc Natl Acad Sci USA 108(47):18949-53.  doi: 10.1073/pnas.1115898108.

Maguire JB, Haddox HK, Strickland D, Halabiya SF, Coventry B, Griffin JR, Pulavarti SVSRK, Cummins M, Thieker DF, Klavins E, Szyperski T, DiMaio F, Baker D, and Kuhlman B.  (2021).  Perturbing the energy landscape for improved packing during computational protein design.  Proteins 89(4):436-449.  doi: 10.1002/prot.26030.


