********  (C) Copyright Rosetta Commons Member Institutions.  ***************
* Use of Rosetta for commercial purposes may require purchase of a license. *
********  See LICENSE.md or email license@uw.edu for more details. **********
core.init: Checking for fconfig files in pwd and ./rosetta/flags 
core.init: Rosetta version: rosetta.binary.ubuntu.release-408 r408 2025.37+release.df75a9c48e df75a9c48e763e52a7aa3f5dfba077f4da88dbf5 https://www.rosettacommons.org 2025-09-10T02:14:08.564791
core.init: Rosetta extras: []
core.init: command: /home/gbiuser/Downloads/rosetta.binary.ubuntu.release-408/main/source/bin/relax.default.linuxgccrelease -s ../PDE4D_dimer_prerelax.pdb -relax:thorough -relax:constrain_relax_to_start_coords -constraints:cst_file cst.cst -nstruct 1 -out:suffix _3 -out:file:silent relax_3.silent -out:file:silent_struct_type binary
basic.random.init_random_generator: 'RNG device' seed mode, using '/dev/urandom', seed=-1277441525 seed_offset=0 real_seed=-1277441525
basic.random.init_random_generator: RandomGenerator:init: Normal mode, seed=-1277441525 RG_type=mt19937
core.init: Resolved executable path: /home/gbiuser/Downloads/rosetta.binary.ubuntu.release-408/main/source/build/src/release/linux/6.8/64/x86/gcc/11/default/relax.default.linuxgccrelease
core.init: Looking for database based on location of executable: /home/gbiuser/Downloads/rosetta.binary.ubuntu.release-408/main/database/
core.scoring.ScoreFunctionFactory: SCOREFUNCTION: ref2015
core.scoring.etable: Starting energy table calculation
core.scoring.etable: smooth_etable: changing atr/rep split to bottom of energy well
core.scoring.etable: smooth_etable: spline smoothing lj etables (maxdis = 6)
core.scoring.etable: smooth_etable: spline smoothing solvation etables (max_dis = 6)
core.scoring.etable: Finished calculating energy tables.
basic.io.database: Database file opened: scoring/score_functions/hbonds/ref2015_params/HBPoly1D.csv
basic.io.database: Database file opened: scoring/score_functions/hbonds/ref2015_params/HBFadeIntervals.csv
basic.io.database: Database file opened: scoring/score_functions/hbonds/ref2015_params/HBEval.csv
basic.io.database: Database file opened: scoring/score_functions/hbonds/ref2015_params/DonStrength.csv
basic.io.database: Database file opened: scoring/score_functions/hbonds/ref2015_params/AccStrength.csv
core.chemical.GlobalResidueTypeSet: Finished initializing fa_standard residue type set.  Created 985 residue types
core.chemical.GlobalResidueTypeSet: Total time to initialize 1.22533 seconds.
basic.io.database: Database file opened: scoring/score_functions/rama/fd/all.ramaProb
basic.io.database: Database file opened: scoring/score_functions/rama/fd/prepro.ramaProb
basic.io.database: Database file opened: scoring/score_functions/omega/omega_ppdep.all.txt
basic.io.database: Database file opened: scoring/score_functions/omega/omega_ppdep.gly.txt
basic.io.database: Database file opened: scoring/score_functions/omega/omega_ppdep.pro.txt
basic.io.database: Database file opened: scoring/score_functions/omega/omega_ppdep.valile.txt
basic.io.database: Database file opened: scoring/score_functions/P_AA_pp/P_AA
basic.io.database: Database file opened: scoring/score_functions/P_AA_pp/P_AA_n
core.scoring.P_AA: shapovalov_lib::shap_p_aa_pp_smooth_level of 1( aka low_smooth ) got activated.
basic.io.database: Database file opened: scoring/score_functions/P_AA_pp/shapovalov/10deg/kappa131/a20.prop
protocols.relax.RelaxScriptManager: Reading relax scripts list from database.
protocols.relax.RelaxScriptManager: Looking for MonomerRelax2019.txt
protocols.relax.RelaxScriptManager: ================== Reading script file: /home/gbiuser/Downloads/rosetta.binary.ubuntu.release-408/main/database/sampling/relax_scripts/MonomerRelax2019.txt ==================
protocols.relax.RelaxScriptManager: repeat %%nrepeats%%
protocols.relax.RelaxScriptManager: coord_cst_weight 1.0
protocols.relax.RelaxScriptManager: scale:fa_rep 0.040
protocols.relax.RelaxScriptManager: repack
protocols.relax.RelaxScriptManager: scale:fa_rep 0.051
protocols.relax.RelaxScriptManager: min 0.01
protocols.relax.RelaxScriptManager: coord_cst_weight 0.5
protocols.relax.RelaxScriptManager: scale:fa_rep 0.265
protocols.relax.RelaxScriptManager: repack
protocols.relax.RelaxScriptManager: scale:fa_rep 0.280
protocols.relax.RelaxScriptManager: min 0.01
protocols.relax.RelaxScriptManager: coord_cst_weight 0.0
protocols.relax.RelaxScriptManager: scale:fa_rep 0.559
protocols.relax.RelaxScriptManager: repack
protocols.relax.RelaxScriptManager: scale:fa_rep 0.581
protocols.relax.RelaxScriptManager: min 0.01
protocols.relax.RelaxScriptManager: coord_cst_weight 0.0
protocols.relax.RelaxScriptManager: scale:fa_rep 1
protocols.relax.RelaxScriptManager: repack
protocols.relax.RelaxScriptManager: min 0.00001
protocols.relax.RelaxScriptManager: accept_to_best
protocols.relax.RelaxScriptManager: endrepeat
core.scoring.constraints.util: Constraint choice: cst.cst
protocols.jd2.PDBJobInputter: Instantiate PDBJobInputter
protocols.jd2.PDBJobInputter: PDBJobInputter::fill_jobs
protocols.jd2.PDBJobInputter: pushed ../PDE4D_dimer_prerelax.pdb nstruct index 1
protocols.evaluation.ChiWellRmsdEvaluatorCreator: Evaluation Creator active ... 
protocols.jd2.PDBJobInputter: PDBJobInputter::pose_from_job
protocols.jd2.PDBJobInputter: filling pose from PDB ../PDE4D_dimer_prerelax.pdb
core.import_pose.import_pose: File '../PDE4D_dimer_prerelax.pdb' automatically determined to be of type PDB from contents.
core.io.pose_from_sfr.PoseFromSFRBuilder: [ WARNING ] discarding 3 atoms at position 1 in file ../PDE4D_dimer_prerelax.pdb. Best match rsd_type:  VAL:NtermProteinFull
core.io.pose_from_sfr.PoseFromSFRBuilder: [ WARNING ] discarding 3 atoms at position 492 in file ../PDE4D_dimer_prerelax.pdb. Best match rsd_type:  VAL:NtermProteinFull
core.scoring.constraints.ConstraintsIO: read constraints from cst.cst
core.scoring.constraints.ConstraintsIO: Read in 28 constraints
basic.io.database: Database file opened: scoring/score_functions/elec_cp_reps.dat
core.scoring.elec.util: Read 40 countpair representative atoms
core.pack.dunbrack.RotamerLibrary: shapovalov_lib_fixes_enable option is true.
core.pack.dunbrack.RotamerLibrary: shapovalov_lib::shap_dun10_smooth_level of 1( aka lowest_smooth ) got activated.
core.pack.dunbrack.RotamerLibrary: Binary rotamer library selected: /home/gbiuser/Downloads/rosetta.binary.ubuntu.release-408/main/database/rotamer/shapovalov/StpDwn_0-0-0/Dunbrack10.lib.bin
core.pack.dunbrack.RotamerLibrary: Using Dunbrack library binary file '/home/gbiuser/Downloads/rosetta.binary.ubuntu.release-408/main/database/rotamer/shapovalov/StpDwn_0-0-0/Dunbrack10.lib.bin'.
core.pack.dunbrack.RotamerLibrary: Dunbrack 2010 library took 0.254618 seconds to load from binary
protocols.relax.FastRelax: CMD: repeat  112488  0  0  0.55
protocols.relax.FastRelax: CMD: coord_cst_weight  112488  0  0  0.55
protocols.relax.FastRelax: CMD: scale:fa_rep  1645.59  0  0  0.022
core.pack.task: Packer task: initialize from command line() 
core.pack.pack_rotamers: built 14937 rotamers at 983 positions.
core.pack.interaction_graph.interaction_graph_factory: Instantiating DensePDInteractionGraph
protocols.relax.FastRelax: CMD: repack  -184.586  0  0  0.022
protocols.relax.FastRelax: CMD: scale:fa_rep  613.521  0  0  0.02805
core.optimization.Minimizer: [ WARNING ] LBFGS MAX CYCLES 2000 EXCEEDED, BUT FUNC NOT CONVERGED!
protocols.relax.FastRelax: CMD: min  -1720.4  0.298262  0.298262  0.02805
protocols.relax.FastRelax: CMD: coord_cst_weight  -2040.63  0.298262  0.298262  0.02805
protocols.relax.FastRelax: CMD: scale:fa_rep  1351.19  0.298262  0.298262  0.14575
core.pack.task: Packer task: initialize from command line() 
core.pack.pack_rotamers: built 13782 rotamers at 983 positions.
core.pack.interaction_graph.interaction_graph_factory: Instantiating DensePDInteractionGraph
protocols.relax.FastRelax: CMD: repack  1197.35  0.298262  0.298262  0.14575
protocols.relax.FastRelax: CMD: scale:fa_rep  1422.6  0.298262  0.298262  0.154
core.optimization.Minimizer: [ WARNING ] LBFGS MAX CYCLES 2000 EXCEEDED, BUT FUNC NOT CONVERGED!
protocols.relax.FastRelax: CMD: min  -1229.08  0.459753  0.459753  0.154
protocols.relax.FastRelax: CMD: coord_cst_weight  -2016.19  0.459753  0.459753  0.154
protocols.relax.FastRelax: CMD: scale:fa_rep  -1212.27  0.459753  0.459753  0.30745
core.pack.task: Packer task: initialize from command line() 
core.pack.pack_rotamers: built 13580 rotamers at 983 positions.
core.pack.interaction_graph.interaction_graph_factory: Instantiating DensePDInteractionGraph
protocols.relax.FastRelax: CMD: repack  -1221.39  0.459753  0.459753  0.30745
protocols.relax.FastRelax: CMD: scale:fa_rep  -1158.41  0.459753  0.459753  0.31955
core.optimization.Minimizer: [ WARNING ] LBFGS MAX CYCLES 2000 EXCEEDED, BUT FUNC NOT CONVERGED!
protocols.relax.FastRelax: CMD: min  -2293.49  2.54363  2.54363  0.31955
protocols.relax.FastRelax: CMD: coord_cst_weight  -2293.49  2.54363  2.54363  0.31955
protocols.relax.FastRelax: CMD: scale:fa_rep  -1849.21  2.54363  2.54363  0.55
core.pack.task: Packer task: initialize from command line() 
core.pack.pack_rotamers: built 13649 rotamers at 983 positions.
core.pack.interaction_graph.interaction_graph_factory: Instantiating DensePDInteractionGraph
protocols.relax.FastRelax: CMD: repack  -1881.74  2.54363  2.54363  0.55
protocols.relax.FastRelax: CMD: min  -2065.54  2.76767  2.76767  0.55
protocols.relax.FastRelax: MRP: 0  -2065.54  -2065.54  2.76767  2.76767  
protocols.relax.FastRelax: CMD: accept_to_best  -2065.54  2.76767  2.76767  0.55
protocols.relax.FastRelax: CMD: endrepeat  -2065.54  2.76767  2.76767  0.55
protocols.relax.FastRelax: CMD: coord_cst_weight  2.46237e+06  2.76767  2.76767  0.55
protocols.relax.FastRelax: CMD: scale:fa_rep  2.46167e+06  2.76767  2.76767  0.022
core.pack.task: Packer task: initialize from command line() 
core.pack.pack_rotamers: built 15434 rotamers at 983 positions.
core.pack.interaction_graph.interaction_graph_factory: Instantiating DensePDInteractionGraph
protocols.relax.FastRelax: CMD: repack  2.46162e+06  2.76767  2.76767  0.022
protocols.relax.FastRelax: CMD: scale:fa_rep  2.46164e+06  2.76767  2.76767  0.02805
core.optimization.Minimizer: [ WARNING ] LBFGS MAX CYCLES 2000 EXCEEDED, BUT FUNC NOT CONVERGED!
protocols.relax.FastRelax: CMD: min  2592.22  0.610553  0.610553  0.02805
protocols.relax.FastRelax: CMD: coord_cst_weight  1332.71  0.610553  0.610553  0.02805
protocols.relax.FastRelax: CMD: scale:fa_rep  13232.3  0.610553  0.610553  0.14575
core.pack.task: Packer task: initialize from command line() 
core.pack.pack_rotamers: built 13738 rotamers at 983 positions.
core.pack.interaction_graph.interaction_graph_factory: Instantiating DensePDInteractionGraph
protocols.relax.FastRelax: CMD: repack  9203.74  0.610553  0.610553  0.14575
protocols.relax.FastRelax: CMD: scale:fa_rep  9803.84  0.610553  0.610553  0.154
core.optimization.Minimizer: [ WARNING ] LBFGS MAX CYCLES 2000 EXCEEDED, BUT FUNC NOT CONVERGED!
protocols.relax.FastRelax: CMD: min  421.722  0.688666  0.688666  0.154
protocols.relax.FastRelax: CMD: coord_cst_weight  -1252.71  0.688666  0.688666  0.154
protocols.relax.FastRelax: CMD: scale:fa_rep  -64.5335  0.688666  0.688666  0.30745
core.pack.task: Packer task: initialize from command line() 
core.pack.pack_rotamers: built 13509 rotamers at 983 positions.
core.pack.interaction_graph.interaction_graph_factory: Instantiating DensePDInteractionGraph
protocols.relax.FastRelax: CMD: repack  -100.018  0.688666  0.688666  0.30745
protocols.relax.FastRelax: CMD: scale:fa_rep  -7.1636  0.688666  0.688666  0.31955
core.optimization.Minimizer: [ WARNING ] LBFGS MAX CYCLES 2000 EXCEEDED, BUT FUNC NOT CONVERGED!
protocols.relax.FastRelax: CMD: min  249.904  6.41471  6.41471  0.31955
protocols.relax.FastRelax: CMD: coord_cst_weight  249.904  6.41471  6.41471  0.31955
protocols.relax.FastRelax: CMD: scale:fa_rep  2334.58  6.41471  6.41471  0.55
core.pack.task: Packer task: initialize from command line() 
core.pack.pack_rotamers: built 13739 rotamers at 983 positions.
core.pack.interaction_graph.interaction_graph_factory: Instantiating DensePDInteractionGraph
protocols.relax.FastRelax: CMD: repack  -778.413  6.41471  6.41471  0.55
core.optimization.Minimizer: [ WARNING ] LBFGS MAX CYCLES 2000 EXCEEDED, BUT FUNC NOT CONVERGED!
protocols.relax.FastRelax: CMD: min  -1857.72  6.82235  6.82235  0.55
protocols.relax.FastRelax: MRP: 1  -1857.72  -2065.54  2.76767  2.76767  
protocols.relax.FastRelax: CMD: accept_to_best  -1857.72  6.82235  6.82235  0.55
protocols.relax.FastRelax: CMD: endrepeat  -1857.72  6.82235  6.82235  0.55
protocols.relax.FastRelax: CMD: coord_cst_weight  5.19387e+06  6.82235  6.82235  0.55
protocols.relax.FastRelax: CMD: scale:fa_rep  5.19318e+06  6.82235  6.82235  0.022
core.pack.task: Packer task: initialize from command line() 
core.pack.pack_rotamers: built 15567 rotamers at 983 positions.
core.pack.interaction_graph.interaction_graph_factory: Instantiating DensePDInteractionGraph
protocols.relax.FastRelax: CMD: repack  5.19308e+06  6.82235  6.82235  0.022
protocols.relax.FastRelax: CMD: scale:fa_rep  5.1931e+06  6.82235  6.82235  0.02805
core.optimization.Minimizer: [ WARNING ] LBFGS MAX CYCLES 2000 EXCEEDED, BUT FUNC NOT CONVERGED!
protocols.relax.FastRelax: CMD: min  17319.4  1.36352  1.36352  0.02805
protocols.relax.FastRelax: CMD: coord_cst_weight  11126.7  1.36352  1.36352  0.02805
protocols.relax.FastRelax: CMD: scale:fa_rep  37954.6  1.36352  1.36352  0.14575
core.pack.task: Packer task: initialize from command line() 
core.pack.pack_rotamers: built 13831 rotamers at 983 positions.
core.pack.interaction_graph.interaction_graph_factory: Instantiating DensePDInteractionGraph
protocols.relax.FastRelax: CMD: repack  24139.5  1.36352  1.36352  0.14575
protocols.relax.FastRelax: CMD: scale:fa_rep  25230.6  1.36352  1.36352  0.154
core.optimization.Minimizer: [ WARNING ] LBFGS MAX CYCLES 2000 EXCEEDED, BUT FUNC NOT CONVERGED!
protocols.relax.FastRelax: CMD: min  4366.13  1.15839  1.15839  0.154
protocols.relax.FastRelax: CMD: coord_cst_weight  -81.3447  1.15839  1.15839  0.154
protocols.relax.FastRelax: CMD: scale:fa_rep  1268.33  1.15839  1.15839  0.30745
core.pack.task: Packer task: initialize from command line() 
core.pack.pack_rotamers: built 13906 rotamers at 983 positions.
core.pack.interaction_graph.interaction_graph_factory: Instantiating DensePDInteractionGraph
protocols.relax.FastRelax: CMD: repack  790.188  1.15839  1.15839  0.30745
protocols.relax.FastRelax: CMD: scale:fa_rep  883.284  1.15839  1.15839  0.31955
core.optimization.Minimizer: [ WARNING ] LBFGS MAX CYCLES 2000 EXCEEDED, BUT FUNC NOT CONVERGED!
protocols.relax.FastRelax: CMD: min  -990.571  4.40199  4.40199  0.31955
protocols.relax.FastRelax: CMD: coord_cst_weight  -990.571  4.40199  4.40199  0.31955
protocols.relax.FastRelax: CMD: scale:fa_rep  29.8807  4.40199  4.40199  0.55
core.pack.task: Packer task: initialize from command line() 
core.pack.pack_rotamers: built 14074 rotamers at 983 positions.
core.pack.interaction_graph.interaction_graph_factory: Instantiating DensePDInteractionGraph
protocols.relax.FastRelax: CMD: repack  -1392.2  4.40199  4.40199  0.55
core.optimization.Minimizer: [ WARNING ] LBFGS MAX CYCLES 2000 EXCEEDED, BUT FUNC NOT CONVERGED!
protocols.relax.FastRelax: CMD: min  -1647.27  4.58556  4.58556  0.55
protocols.relax.FastRelax: MRP: 2  -1647.27  -2065.54  2.76767  2.76767  
protocols.relax.FastRelax: CMD: accept_to_best  -1647.27  4.58556  4.58556  0.55
protocols.relax.FastRelax: CMD: endrepeat  -1647.27  4.58556  4.58556  0.55
protocols.relax.FastRelax: CMD: coord_cst_weight  1.59271e+06  4.58556  4.58556  0.55
protocols.relax.FastRelax: CMD: scale:fa_rep  1.59202e+06  4.58556  4.58556  0.022
core.pack.task: Packer task: initialize from command line() 
core.pack.pack_rotamers: built 15676 rotamers at 983 positions.
core.pack.interaction_graph.interaction_graph_factory: Instantiating DensePDInteractionGraph
protocols.relax.FastRelax: CMD: repack  1.59193e+06  4.58556  4.58556  0.022
protocols.relax.FastRelax: CMD: scale:fa_rep  1.59196e+06  4.58556  4.58556  0.02805
core.optimization.Minimizer: [ WARNING ] LBFGS MAX CYCLES 2000 EXCEEDED, BUT FUNC NOT CONVERGED!
protocols.relax.FastRelax: CMD: min  8500.07  0.968293  0.968293  0.02805
protocols.relax.FastRelax: CMD: coord_cst_weight  5232.56  0.968293  0.968293  0.02805
protocols.relax.FastRelax: CMD: scale:fa_rep  22528.4  0.968293  0.968293  0.14575
core.pack.task: Packer task: initialize from command line() 
core.pack.pack_rotamers: built 13823 rotamers at 983 positions.
core.pack.interaction_graph.interaction_graph_factory: Instantiating DensePDInteractionGraph
protocols.relax.FastRelax: CMD: repack  15454.1  0.968293  0.968293  0.14575
protocols.relax.FastRelax: CMD: scale:fa_rep  16263  0.968293  0.968293  0.154
core.optimization.Minimizer: [ WARNING ] LBFGS MAX CYCLES 2000 EXCEEDED, BUT FUNC NOT CONVERGED!
protocols.relax.FastRelax: CMD: min  2243.15  0.948832  0.948832  0.154
protocols.relax.FastRelax: CMD: coord_cst_weight  -928.652  0.948832  0.948832  0.154
protocols.relax.FastRelax: CMD: scale:fa_rep  144.591  0.948832  0.948832  0.30745
core.pack.task: Packer task: initialize from command line() 
core.pack.pack_rotamers: built 13667 rotamers at 983 positions.
core.pack.interaction_graph.interaction_graph_factory: Instantiating DensePDInteractionGraph
protocols.relax.FastRelax: CMD: repack  31.3204  0.948832  0.948832  0.30745
protocols.relax.FastRelax: CMD: scale:fa_rep  113.299  0.948832  0.948832  0.31955
core.optimization.Minimizer: [ WARNING ] LBFGS MAX CYCLES 2000 EXCEEDED, BUT FUNC NOT CONVERGED!
protocols.relax.FastRelax: CMD: min  -1869.47  4.4944  4.4944  0.31955
protocols.relax.FastRelax: CMD: coord_cst_weight  -1869.47  4.4944  4.4944  0.31955
protocols.relax.FastRelax: CMD: scale:fa_rep  -1434.12  4.4944  4.4944  0.55
core.pack.task: Packer task: initialize from command line() 
core.pack.pack_rotamers: built 13750 rotamers at 983 positions.
core.pack.interaction_graph.interaction_graph_factory: Instantiating DensePDInteractionGraph
protocols.relax.FastRelax: CMD: repack  -1477.82  4.4944  4.4944  0.55
protocols.relax.FastRelax: CMD: min  -1691.96  5.07233  5.07233  0.55
protocols.relax.FastRelax: MRP: 3  -1691.96  -2065.54  2.76767  2.76767  
protocols.relax.FastRelax: CMD: accept_to_best  -1691.96  5.07233  5.07233  0.55
protocols.relax.FastRelax: CMD: endrepeat  -1691.96  5.07233  5.07233  0.55
protocols.relax.FastRelax: CMD: coord_cst_weight  1.69365e+06  5.07233  5.07233  0.55
protocols.relax.FastRelax: CMD: scale:fa_rep  1.69297e+06  5.07233  5.07233  0.022
core.pack.task: Packer task: initialize from command line() 
core.pack.pack_rotamers: built 15565 rotamers at 983 positions.
core.pack.interaction_graph.interaction_graph_factory: Instantiating DensePDInteractionGraph
protocols.relax.FastRelax: CMD: repack  1.69287e+06  5.07233  5.07233  0.022
protocols.relax.FastRelax: CMD: scale:fa_rep  1.6929e+06  5.07233  5.07233  0.02805
core.optimization.Minimizer: [ WARNING ] LBFGS MAX CYCLES 2000 EXCEEDED, BUT FUNC NOT CONVERGED!
protocols.relax.FastRelax: CMD: min  6031.63  0.922827  0.922827  0.02805
protocols.relax.FastRelax: CMD: coord_cst_weight  3027.9  0.922827  0.922827  0.02805
protocols.relax.FastRelax: CMD: scale:fa_rep  13313.6  0.922827  0.922827  0.14575
core.pack.task: Packer task: initialize from command line() 
core.pack.pack_rotamers: built 14137 rotamers at 983 positions.
core.pack.interaction_graph.interaction_graph_factory: Instantiating DensePDInteractionGraph
protocols.relax.FastRelax: CMD: repack  8001.24  0.922827  0.922827  0.14575
protocols.relax.FastRelax: CMD: scale:fa_rep  8416.02  0.922827  0.922827  0.154
core.optimization.Minimizer: [ WARNING ] LBFGS MAX CYCLES 2000 EXCEEDED, BUT FUNC NOT CONVERGED!
protocols.relax.FastRelax: CMD: min  1276.01  0.849315  0.849315  0.154
protocols.relax.FastRelax: CMD: coord_cst_weight  -1237.4  0.849315  0.849315  0.154
protocols.relax.FastRelax: CMD: scale:fa_rep  -338.46  0.849315  0.849315  0.30745
core.pack.task: Packer task: initialize from command line() 
core.pack.pack_rotamers: built 13886 rotamers at 983 positions.
core.pack.interaction_graph.interaction_graph_factory: Instantiating DensePDInteractionGraph
protocols.relax.FastRelax: CMD: repack  -418.268  0.849315  0.849315  0.30745
protocols.relax.FastRelax: CMD: scale:fa_rep  -349.408  0.849315  0.849315  0.31955
core.optimization.Minimizer: [ WARNING ] LBFGS MAX CYCLES 2000 EXCEEDED, BUT FUNC NOT CONVERGED!
protocols.relax.FastRelax: CMD: min  -1844.52  3.62901  3.62901  0.31955
protocols.relax.FastRelax: CMD: coord_cst_weight  -1844.52  3.62901  3.62901  0.31955
protocols.relax.FastRelax: CMD: scale:fa_rep  -1313.62  3.62901  3.62901  0.55
core.pack.task: Packer task: initialize from command line() 
core.pack.pack_rotamers: built 13981 rotamers at 983 positions.
core.pack.interaction_graph.interaction_graph_factory: Instantiating DensePDInteractionGraph
protocols.relax.FastRelax: CMD: repack  -1575.75  3.62901  3.62901  0.55
protocols.relax.FastRelax: CMD: min  -1741.47  3.72202  3.72202  0.55
protocols.relax.FastRelax: MRP: 4  -1741.47  -2065.54  2.76767  2.76767  
protocols.relax.FastRelax: CMD: accept_to_best  -1741.47  3.72202  3.72202  0.55
protocols.relax.FastRelax: CMD: endrepeat  -1741.47  3.72202  3.72202  0.55
protocols.relax.FastRelax: CMD: coord_cst_weight  461019  3.72202  3.72202  0.55
protocols.relax.FastRelax: CMD: scale:fa_rep  460324  3.72202  3.72202  0.022
core.pack.task: Packer task: initialize from command line() 
core.pack.pack_rotamers: built 15672 rotamers at 983 positions.
core.pack.interaction_graph.interaction_graph_factory: Instantiating DensePDInteractionGraph
protocols.relax.FastRelax: CMD: repack  460273  3.72202  3.72202  0.022
protocols.relax.FastRelax: CMD: scale:fa_rep  460305  3.72202  3.72202  0.02805
core.optimization.Minimizer: [ WARNING ] LBFGS MAX CYCLES 2000 EXCEEDED, BUT FUNC NOT CONVERGED!
protocols.relax.FastRelax: CMD: min  4483.81  0.82137  0.82137  0.02805
protocols.relax.FastRelax: CMD: coord_cst_weight  2084.46  0.82137  0.82137  0.02805
protocols.relax.FastRelax: CMD: scale:fa_rep  11049.2  0.82137  0.82137  0.14575
core.pack.task: Packer task: initialize from command line() 
core.pack.pack_rotamers: built 14081 rotamers at 983 positions.
core.pack.interaction_graph.interaction_graph_factory: Instantiating DensePDInteractionGraph
protocols.relax.FastRelax: CMD: repack  7888.12  0.82137  0.82137  0.14575
protocols.relax.FastRelax: CMD: scale:fa_rep  8333.13  0.82137  0.82137  0.154
core.optimization.Minimizer: [ WARNING ] LBFGS MAX CYCLES 2000 EXCEEDED, BUT FUNC NOT CONVERGED!
protocols.relax.FastRelax: CMD: min  1433.74  0.858835  0.858835  0.154
protocols.relax.FastRelax: CMD: coord_cst_weight  -1158.55  0.858835  0.858835  0.154
protocols.relax.FastRelax: CMD: scale:fa_rep  -91.6112  0.858835  0.858835  0.30745
core.pack.task: Packer task: initialize from command line() 
core.pack.pack_rotamers: built 13616 rotamers at 983 positions.
core.pack.interaction_graph.interaction_graph_factory: Instantiating DensePDInteractionGraph
protocols.relax.FastRelax: CMD: repack  -154.294  0.858835  0.858835  0.30745
protocols.relax.FastRelax: CMD: scale:fa_rep  -72.5633  0.858835  0.858835  0.31955
core.optimization.Minimizer: [ WARNING ] LBFGS MAX CYCLES 2000 EXCEEDED, BUT FUNC NOT CONVERGED!
protocols.relax.FastRelax: CMD: min  -1982.6  3.56945  3.56945  0.31955
protocols.relax.FastRelax: CMD: coord_cst_weight  -1982.6  3.56945  3.56945  0.31955
protocols.relax.FastRelax: CMD: scale:fa_rep  -1537.49  3.56945  3.56945  0.55
core.pack.task: Packer task: initialize from command line() 
core.pack.pack_rotamers: built 13862 rotamers at 983 positions.
core.pack.interaction_graph.interaction_graph_factory: Instantiating DensePDInteractionGraph
protocols.relax.FastRelax: CMD: repack  -1602  3.56945  3.56945  0.55
core.optimization.Minimizer: [ WARNING ] LBFGS MAX CYCLES 2000 EXCEEDED, BUT FUNC NOT CONVERGED!
protocols.relax.FastRelax: CMD: min  -1803.57  4.04474  4.04474  0.55
protocols.relax.FastRelax: MRP: 5  -1803.57  -2065.54  2.76767  2.76767  
protocols.relax.FastRelax: CMD: accept_to_best  -1803.57  4.04474  4.04474  0.55
protocols.relax.FastRelax: CMD: endrepeat  -1803.57  4.04474  4.04474  0.55
protocols.relax.FastRelax: CMD: coord_cst_weight  1.2767e+06  4.04474  4.04474  0.55
protocols.relax.FastRelax: CMD: scale:fa_rep  1.27601e+06  4.04474  4.04474  0.022
core.pack.task: Packer task: initialize from command line() 
core.pack.pack_rotamers: built 15542 rotamers at 983 positions.
core.pack.interaction_graph.interaction_graph_factory: Instantiating DensePDInteractionGraph
protocols.relax.FastRelax: CMD: repack  1.27595e+06  4.04474  4.04474  0.022
protocols.relax.FastRelax: CMD: scale:fa_rep  1.27598e+06  4.04474  4.04474  0.02805
core.optimization.Minimizer: [ WARNING ] LBFGS MAX CYCLES 2000 EXCEEDED, BUT FUNC NOT CONVERGED!
protocols.relax.FastRelax: CMD: min  4546.3  0.833357  0.833357  0.02805
protocols.relax.FastRelax: CMD: coord_cst_weight  2088.07  0.833357  0.833357  0.02805
protocols.relax.FastRelax: CMD: scale:fa_rep  11347.1  0.833357  0.833357  0.14575
core.pack.task: Packer task: initialize from command line() 
core.pack.pack_rotamers: built 13908 rotamers at 983 positions.
core.pack.interaction_graph.interaction_graph_factory: Instantiating DensePDInteractionGraph
protocols.relax.FastRelax: CMD: repack  7829.46  0.833357  0.833357  0.14575
protocols.relax.FastRelax: CMD: scale:fa_rep  8273.63  0.833357  0.833357  0.154
core.optimization.Minimizer: [ WARNING ] LBFGS MAX CYCLES 2000 EXCEEDED, BUT FUNC NOT CONVERGED!
protocols.relax.FastRelax: CMD: min  1388.04  0.870443  0.870443  0.154
protocols.relax.FastRelax: CMD: coord_cst_weight  -1269.61  0.870443  0.870443  0.154
protocols.relax.FastRelax: CMD: scale:fa_rep  -262.816  0.870443  0.870443  0.30745
core.pack.task: Packer task: initialize from command line() 
core.pack.pack_rotamers: built 13722 rotamers at 983 positions.
core.pack.interaction_graph.interaction_graph_factory: Instantiating DensePDInteractionGraph
protocols.relax.FastRelax: CMD: repack  -314.237  0.870443  0.870443  0.30745
protocols.relax.FastRelax: CMD: scale:fa_rep  -236.694  0.870443  0.870443  0.31955
core.optimization.Minimizer: [ WARNING ] LBFGS MAX CYCLES 2000 EXCEEDED, BUT FUNC NOT CONVERGED!
protocols.relax.FastRelax: CMD: min  -1999.99  3.60412  3.60412  0.31955
protocols.relax.FastRelax: CMD: coord_cst_weight  -1999.99  3.60412  3.60412  0.31955
protocols.relax.FastRelax: CMD: scale:fa_rep  -1556.26  3.60412  3.60412  0.55
core.pack.task: Packer task: initialize from command line() 
core.pack.pack_rotamers: built 13866 rotamers at 983 positions.
core.pack.interaction_graph.interaction_graph_factory: Instantiating DensePDInteractionGraph
protocols.relax.FastRelax: CMD: repack  -1608  3.60412  3.60412  0.55
core.optimization.Minimizer: [ WARNING ] LBFGS MAX CYCLES 2000 EXCEEDED, BUT FUNC NOT CONVERGED!
protocols.relax.FastRelax: CMD: min  -1780.58  4.06433  4.06433  0.55
protocols.relax.FastRelax: MRP: 6  -1780.58  -2065.54  2.76767  2.76767  
protocols.relax.FastRelax: CMD: accept_to_best  -1780.58  4.06433  4.06433  0.55
protocols.relax.FastRelax: CMD: endrepeat  -1780.58  4.06433  4.06433  0.55
protocols.relax.FastRelax: CMD: coord_cst_weight  2.39156e+06  4.06433  4.06433  0.55
protocols.relax.FastRelax: CMD: scale:fa_rep  2.39086e+06  4.06433  4.06433  0.022
core.pack.task: Packer task: initialize from command line() 
core.pack.pack_rotamers: built 15542 rotamers at 983 positions.
core.pack.interaction_graph.interaction_graph_factory: Instantiating DensePDInteractionGraph
protocols.relax.FastRelax: CMD: repack  2.39078e+06  4.06433  4.06433  0.022
protocols.relax.FastRelax: CMD: scale:fa_rep  2.39081e+06  4.06433  4.06433  0.02805
core.optimization.Minimizer: [ WARNING ] LBFGS MAX CYCLES 2000 EXCEEDED, BUT FUNC NOT CONVERGED!
protocols.relax.FastRelax: CMD: min  5415.01  0.82502  0.82502  0.02805
protocols.relax.FastRelax: CMD: coord_cst_weight  2851.21  0.82502  0.82502  0.02805
protocols.relax.FastRelax: CMD: scale:fa_rep  14584.4  0.82502  0.82502  0.14575
core.pack.task: Packer task: initialize from command line() 
core.pack.pack_rotamers: built 13823 rotamers at 983 positions.
core.pack.interaction_graph.interaction_graph_factory: Instantiating DensePDInteractionGraph
protocols.relax.FastRelax: CMD: repack  10518.2  0.82502  0.82502  0.14575
protocols.relax.FastRelax: CMD: scale:fa_rep  11103.9  0.82502  0.82502  0.154
core.optimization.Minimizer: [ WARNING ] LBFGS MAX CYCLES 2000 EXCEEDED, BUT FUNC NOT CONVERGED!
protocols.relax.FastRelax: CMD: min  1491.04  0.849954  0.849954  0.154
protocols.relax.FastRelax: CMD: coord_cst_weight  -1216.6  0.849954  0.849954  0.154
protocols.relax.FastRelax: CMD: scale:fa_rep  -241.228  0.849954  0.849954  0.30745
core.pack.task: Packer task: initialize from command line() 
core.pack.pack_rotamers: built 13501 rotamers at 983 positions.
core.pack.interaction_graph.interaction_graph_factory: Instantiating DensePDInteractionGraph
protocols.relax.FastRelax: CMD: repack  -303.029  0.849954  0.849954  0.30745
protocols.relax.FastRelax: CMD: scale:fa_rep  -227.867  0.849954  0.849954  0.31955
core.optimization.Minimizer: [ WARNING ] LBFGS MAX CYCLES 2000 EXCEEDED, BUT FUNC NOT CONVERGED!
protocols.relax.FastRelax: CMD: min  -1921.23  3.81249  3.81249  0.31955
protocols.relax.FastRelax: CMD: coord_cst_weight  -1921.23  3.81249  3.81249  0.31955
protocols.relax.FastRelax: CMD: scale:fa_rep  -1463.65  3.81249  3.81249  0.55
core.pack.task: Packer task: initialize from command line() 
core.pack.pack_rotamers: built 13709 rotamers at 983 positions.
core.pack.interaction_graph.interaction_graph_factory: Instantiating DensePDInteractionGraph
protocols.relax.FastRelax: CMD: repack  -1505.58  3.81249  3.81249  0.55
core.optimization.Minimizer: [ WARNING ] LBFGS MAX CYCLES 2000 EXCEEDED, BUT FUNC NOT CONVERGED!
protocols.relax.FastRelax: CMD: min  -1695.34  4.01224  4.01224  0.55
protocols.relax.FastRelax: MRP: 7  -1695.34  -2065.54  2.76767  2.76767  
protocols.relax.FastRelax: CMD: accept_to_best  -1695.34  4.01224  4.01224  0.55
protocols.relax.FastRelax: CMD: endrepeat  -1695.34  4.01224  4.01224  0.55
protocols.relax.FastRelax: CMD: coord_cst_weight  3.68408e+06  4.01224  4.01224  0.55
protocols.relax.FastRelax: CMD: scale:fa_rep  3.68337e+06  4.01224  4.01224  0.022
core.pack.task: Packer task: initialize from command line() 
core.pack.pack_rotamers: built 15474 rotamers at 983 positions.
core.pack.interaction_graph.interaction_graph_factory: Instantiating DensePDInteractionGraph
protocols.relax.FastRelax: CMD: repack  3.68326e+06  4.01224  4.01224  0.022
protocols.relax.FastRelax: CMD: scale:fa_rep  3.68329e+06  4.01224  4.01224  0.02805
core.optimization.Minimizer: [ WARNING ] LBFGS MAX CYCLES 2000 EXCEEDED, BUT FUNC NOT CONVERGED!
protocols.relax.FastRelax: CMD: min  5424.58  0.900267  0.900267  0.02805
protocols.relax.FastRelax: CMD: coord_cst_weight  2354.69  0.900267  0.900267  0.02805
protocols.relax.FastRelax: CMD: scale:fa_rep  9889.93  0.900267  0.900267  0.14575
core.pack.task: Packer task: initialize from command line() 
core.pack.pack_rotamers: built 13891 rotamers at 983 positions.
core.pack.interaction_graph.interaction_graph_factory: Instantiating DensePDInteractionGraph
protocols.relax.FastRelax: CMD: repack  6425.82  0.900267  0.900267  0.14575
protocols.relax.FastRelax: CMD: scale:fa_rep  6749.01  0.900267  0.900267  0.154
core.optimization.Minimizer: [ WARNING ] LBFGS MAX CYCLES 2000 EXCEEDED, BUT FUNC NOT CONVERGED!
protocols.relax.FastRelax: CMD: min  1350.12  0.845965  0.845965  0.154
protocols.relax.FastRelax: CMD: coord_cst_weight  -1319.68  0.845965  0.845965  0.154
protocols.relax.FastRelax: CMD: scale:fa_rep  -392.018  0.845965  0.845965  0.30745
core.pack.task: Packer task: initialize from command line() 
core.pack.pack_rotamers: built 13679 rotamers at 983 positions.
core.pack.interaction_graph.interaction_graph_factory: Instantiating DensePDInteractionGraph
protocols.relax.FastRelax: CMD: repack  -483.541  0.845965  0.845965  0.30745
protocols.relax.FastRelax: CMD: scale:fa_rep  -413.489  0.845965  0.845965  0.31955
core.optimization.Minimizer: [ WARNING ] LBFGS MAX CYCLES 2000 EXCEEDED, BUT FUNC NOT CONVERGED!
protocols.relax.FastRelax: CMD: min  -1968.39  3.0205  3.0205  0.31955
protocols.relax.FastRelax: CMD: coord_cst_weight  -1968.39  3.0205  3.0205  0.31955
protocols.relax.FastRelax: CMD: scale:fa_rep  -1519.49  3.0205  3.0205  0.55
core.pack.task: Packer task: initialize from command line() 
core.pack.pack_rotamers: built 13737 rotamers at 983 positions.
core.pack.interaction_graph.interaction_graph_factory: Instantiating DensePDInteractionGraph
protocols.relax.FastRelax: CMD: repack  -1551.11  3.0205  3.0205  0.55
protocols.relax.FastRelax: CMD: min  -1721.64  3.20406  3.20406  0.55
protocols.relax.FastRelax: MRP: 8  -1721.64  -2065.54  2.76767  2.76767  
protocols.relax.FastRelax: CMD: accept_to_best  -1721.64  3.20406  3.20406  0.55
protocols.relax.FastRelax: CMD: endrepeat  -1721.64  3.20406  3.20406  0.55
protocols.relax.FastRelax: CMD: coord_cst_weight  3.23542e+06  3.20406  3.20406  0.55
protocols.relax.FastRelax: CMD: scale:fa_rep  3.23472e+06  3.20406  3.20406  0.022
core.pack.task: Packer task: initialize from command line() 
core.pack.pack_rotamers: built 15605 rotamers at 983 positions.
core.pack.interaction_graph.interaction_graph_factory: Instantiating DensePDInteractionGraph
protocols.relax.FastRelax: CMD: repack  3.23462e+06  3.20406  3.20406  0.022
protocols.relax.FastRelax: CMD: scale:fa_rep  3.23465e+06  3.20406  3.20406  0.02805
core.optimization.Minimizer: [ WARNING ] LBFGS MAX CYCLES 2000 EXCEEDED, BUT FUNC NOT CONVERGED!
protocols.relax.FastRelax: CMD: min  5234.45  0.881277  0.881277  0.02805
protocols.relax.FastRelax: CMD: coord_cst_weight  2410.61  0.881277  0.881277  0.02805
protocols.relax.FastRelax: CMD: scale:fa_rep  11032.8  0.881277  0.881277  0.14575
core.pack.task: Packer task: initialize from command line() 
core.pack.pack_rotamers: built 14010 rotamers at 983 positions.
core.pack.interaction_graph.interaction_graph_factory: Instantiating DensePDInteractionGraph
protocols.relax.FastRelax: CMD: repack  7305.07  0.881277  0.881277  0.14575
protocols.relax.FastRelax: CMD: scale:fa_rep  7693.15  0.881277  0.881277  0.154
core.optimization.Minimizer: [ WARNING ] LBFGS MAX CYCLES 2000 EXCEEDED, BUT FUNC NOT CONVERGED!
protocols.relax.FastRelax: CMD: min  1589.26  0.907033  0.907033  0.154
protocols.relax.FastRelax: CMD: coord_cst_weight  -1351.65  0.907033  0.907033  0.154
protocols.relax.FastRelax: CMD: scale:fa_rep  -420.163  0.907033  0.907033  0.30745
core.pack.task: Packer task: initialize from command line() 
core.pack.pack_rotamers: built 13676 rotamers at 983 positions.
core.pack.interaction_graph.interaction_graph_factory: Instantiating DensePDInteractionGraph
protocols.relax.FastRelax: CMD: repack  -449.473  0.907033  0.907033  0.30745
protocols.relax.FastRelax: CMD: scale:fa_rep  -377.182  0.907033  0.907033  0.31955
core.optimization.Minimizer: [ WARNING ] LBFGS MAX CYCLES 2000 EXCEEDED, BUT FUNC NOT CONVERGED!
protocols.relax.FastRelax: CMD: min  -2008.36  4.80574  4.80574  0.31955
protocols.relax.FastRelax: CMD: coord_cst_weight  -2008.36  4.80574  4.80574  0.31955
protocols.relax.FastRelax: CMD: scale:fa_rep  -1571.47  4.80574  4.80574  0.55
core.pack.task: Packer task: initialize from command line() 
core.pack.pack_rotamers: built 13764 rotamers at 983 positions.
core.pack.interaction_graph.interaction_graph_factory: Instantiating DensePDInteractionGraph
protocols.relax.FastRelax: CMD: repack  -1628.18  4.80574  4.80574  0.55
protocols.relax.FastRelax: CMD: min  -1789.79  5.05299  5.05299  0.55
protocols.relax.FastRelax: MRP: 9  -1789.79  -2065.54  2.76767  2.76767  
protocols.relax.FastRelax: CMD: accept_to_best  -1789.79  5.05299  5.05299  0.55
protocols.relax.FastRelax: CMD: endrepeat  -1789.79  5.05299  5.05299  0.55
protocols.relax.FastRelax: CMD: coord_cst_weight  1.82097e+06  5.05299  5.05299  0.55
protocols.relax.FastRelax: CMD: scale:fa_rep  1.82028e+06  5.05299  5.05299  0.022
core.pack.task: Packer task: initialize from command line() 
core.pack.pack_rotamers: built 15606 rotamers at 983 positions.
core.pack.interaction_graph.interaction_graph_factory: Instantiating DensePDInteractionGraph
protocols.relax.FastRelax: CMD: repack  1.82021e+06  5.05299  5.05299  0.022
protocols.relax.FastRelax: CMD: scale:fa_rep  1.82024e+06  5.05299  5.05299  0.02805
core.optimization.Minimizer: [ WARNING ] LBFGS MAX CYCLES 2000 EXCEEDED, BUT FUNC NOT CONVERGED!
protocols.relax.FastRelax: CMD: min  8403.09  1.02776  1.02776  0.02805
protocols.relax.FastRelax: CMD: coord_cst_weight  4742.22  1.02776  1.02776  0.02805
protocols.relax.FastRelax: CMD: scale:fa_rep  19220.8  1.02776  1.02776  0.14575
core.pack.task: Packer task: initialize from command line() 
core.pack.pack_rotamers: built 13540 rotamers at 983 positions.
core.pack.interaction_graph.interaction_graph_factory: Instantiating DensePDInteractionGraph
protocols.relax.FastRelax: CMD: repack  13580.3  1.02776  1.02776  0.14575
protocols.relax.FastRelax: CMD: scale:fa_rep  14267.7  1.02776  1.02776  0.154
core.optimization.Minimizer: [ WARNING ] LBFGS MAX CYCLES 2000 EXCEEDED, BUT FUNC NOT CONVERGED!
protocols.relax.FastRelax: CMD: min  2191.2  0.96938  0.96938  0.154
protocols.relax.FastRelax: CMD: coord_cst_weight  -1039.63  0.96938  0.96938  0.154
protocols.relax.FastRelax: CMD: scale:fa_rep  -53.48  0.96938  0.96938  0.30745
core.pack.task: Packer task: initialize from command line() 
core.pack.pack_rotamers: built 13643 rotamers at 983 positions.
core.pack.interaction_graph.interaction_graph_factory: Instantiating DensePDInteractionGraph
protocols.relax.FastRelax: CMD: repack  -212.131  0.96938  0.96938  0.30745
protocols.relax.FastRelax: CMD: scale:fa_rep  -137.315  0.96938  0.96938  0.31955
core.optimization.Minimizer: [ WARNING ] LBFGS MAX CYCLES 2000 EXCEEDED, BUT FUNC NOT CONVERGED!
protocols.relax.FastRelax: CMD: min  -1873.21  3.0725  3.0725  0.31955
protocols.relax.FastRelax: CMD: coord_cst_weight  -1873.21  3.0725  3.0725  0.31955
protocols.relax.FastRelax: CMD: scale:fa_rep  -1359.52  3.0725  3.0725  0.55
core.pack.task: Packer task: initialize from command line() 
core.pack.pack_rotamers: built 13725 rotamers at 983 positions.
core.pack.interaction_graph.interaction_graph_factory: Instantiating DensePDInteractionGraph
protocols.relax.FastRelax: CMD: repack  -1603.62  3.0725  3.0725  0.55
protocols.relax.FastRelax: CMD: min  -1759.14  3.57931  3.57931  0.55
protocols.relax.FastRelax: MRP: 10  -1759.14  -2065.54  2.76767  2.76767  
protocols.relax.FastRelax: CMD: accept_to_best  -1759.14  3.57931  3.57931  0.55
protocols.relax.FastRelax: CMD: endrepeat  -1759.14  3.57931  3.57931  0.55
protocols.relax.FastRelax: CMD: coord_cst_weight  861661  3.57931  3.57931  0.55
protocols.relax.FastRelax: CMD: scale:fa_rep  860973  3.57931  3.57931  0.022
core.pack.task: Packer task: initialize from command line() 
core.pack.pack_rotamers: built 15549 rotamers at 983 positions.
core.pack.interaction_graph.interaction_graph_factory: Instantiating DensePDInteractionGraph
protocols.relax.FastRelax: CMD: repack  860914  3.57931  3.57931  0.022
protocols.relax.FastRelax: CMD: scale:fa_rep  860944  3.57931  3.57931  0.02805
core.optimization.Minimizer: [ WARNING ] LBFGS MAX CYCLES 2000 EXCEEDED, BUT FUNC NOT CONVERGED!
protocols.relax.FastRelax: CMD: min  4739.57  0.838345  0.838345  0.02805
protocols.relax.FastRelax: CMD: coord_cst_weight  2266.58  0.838345  0.838345  0.02805
protocols.relax.FastRelax: CMD: scale:fa_rep  11750.6  0.838345  0.838345  0.14575
core.pack.task: Packer task: initialize from command line() 
core.pack.pack_rotamers: built 13870 rotamers at 983 positions.
core.pack.interaction_graph.interaction_graph_factory: Instantiating DensePDInteractionGraph
protocols.relax.FastRelax: CMD: repack  8992.63  0.838345  0.838345  0.14575
protocols.relax.FastRelax: CMD: scale:fa_rep  9497.23  0.838345  0.838345  0.154
core.optimization.Minimizer: [ WARNING ] LBFGS MAX CYCLES 2000 EXCEEDED, BUT FUNC NOT CONVERGED!
protocols.relax.FastRelax: CMD: min  1194.82  0.840827  0.840827  0.154
protocols.relax.FastRelax: CMD: coord_cst_weight  -1321.24  0.840827  0.840827  0.154
protocols.relax.FastRelax: CMD: scale:fa_rep  -435.117  0.840827  0.840827  0.30745
core.pack.task: Packer task: initialize from command line() 
core.pack.pack_rotamers: built 13646 rotamers at 983 positions.
core.pack.interaction_graph.interaction_graph_factory: Instantiating DensePDInteractionGraph
protocols.relax.FastRelax: CMD: repack  -546.929  0.840827  0.840827  0.30745
protocols.relax.FastRelax: CMD: scale:fa_rep  -478.522  0.840827  0.840827  0.31955
core.optimization.Minimizer: [ WARNING ] LBFGS MAX CYCLES 2000 EXCEEDED, BUT FUNC NOT CONVERGED!
protocols.relax.FastRelax: CMD: min  -2049.47  3.89138  3.89138  0.31955
protocols.relax.FastRelax: CMD: coord_cst_weight  -2049.47  3.89138  3.89138  0.31955
protocols.relax.FastRelax: CMD: scale:fa_rep  -1609.61  3.89138  3.89138  0.55
core.pack.task: Packer task: initialize from command line() 
core.pack.pack_rotamers: built 13645 rotamers at 983 positions.
core.pack.interaction_graph.interaction_graph_factory: Instantiating DensePDInteractionGraph
protocols.relax.FastRelax: CMD: repack  -1640.24  3.89138  3.89138  0.55
protocols.relax.FastRelax: CMD: min  -1778.03  4.05475  4.05475  0.55
protocols.relax.FastRelax: MRP: 11  -1778.03  -2065.54  2.76767  2.76767  
protocols.relax.FastRelax: CMD: accept_to_best  -1778.03  4.05475  4.05475  0.55
protocols.relax.FastRelax: CMD: endrepeat  -1778.03  4.05475  4.05475  0.55
protocols.relax.FastRelax: CMD: coord_cst_weight  787242  4.05475  4.05475  0.55
protocols.relax.FastRelax: CMD: scale:fa_rep  786544  4.05475  4.05475  0.022
core.pack.task: Packer task: initialize from command line() 
core.pack.pack_rotamers: built 15520 rotamers at 983 positions.
core.pack.interaction_graph.interaction_graph_factory: Instantiating DensePDInteractionGraph
protocols.relax.FastRelax: CMD: repack  786461  4.05475  4.05475  0.022
protocols.relax.FastRelax: CMD: scale:fa_rep  786485  4.05475  4.05475  0.02805
core.optimization.Minimizer: [ WARNING ] LBFGS MAX CYCLES 2000 EXCEEDED, BUT FUNC NOT CONVERGED!
protocols.relax.FastRelax: CMD: min  2969.68  0.692087  0.692087  0.02805
protocols.relax.FastRelax: CMD: coord_cst_weight  1208.87  0.692087  0.692087  0.02805
protocols.relax.FastRelax: CMD: scale:fa_rep  9671.05  0.692087  0.692087  0.14575
core.pack.task: Packer task: initialize from command line() 
core.pack.pack_rotamers: built 13951 rotamers at 983 positions.
core.pack.interaction_graph.interaction_graph_factory: Instantiating DensePDInteractionGraph
protocols.relax.FastRelax: CMD: repack  6020.27  0.692087  0.692087  0.14575
protocols.relax.FastRelax: CMD: scale:fa_rep  6402.92  0.692087  0.692087  0.154
core.optimization.Minimizer: [ WARNING ] LBFGS MAX CYCLES 2000 EXCEEDED, BUT FUNC NOT CONVERGED!
protocols.relax.FastRelax: CMD: min  514.071  0.740379  0.740379  0.154
protocols.relax.FastRelax: CMD: coord_cst_weight  -1517.68  0.740379  0.740379  0.154
protocols.relax.FastRelax: CMD: scale:fa_rep  -654.757  0.740379  0.740379  0.30745
core.pack.task: Packer task: initialize from command line() 
core.pack.pack_rotamers: built 13710 rotamers at 983 positions.
core.pack.interaction_graph.interaction_graph_factory: Instantiating DensePDInteractionGraph
protocols.relax.FastRelax: CMD: repack  -699.994  0.740379  0.740379  0.30745
protocols.relax.FastRelax: CMD: scale:fa_rep  -633.265  0.740379  0.740379  0.31955
core.optimization.Minimizer: [ WARNING ] LBFGS MAX CYCLES 2000 EXCEEDED, BUT FUNC NOT CONVERGED!
protocols.relax.FastRelax: CMD: min  -2081.48  4.16094  4.16094  0.31955
protocols.relax.FastRelax: CMD: coord_cst_weight  -2081.48  4.16094  4.16094  0.31955
protocols.relax.FastRelax: CMD: scale:fa_rep  -1631.9  4.16094  4.16094  0.55
core.pack.task: Packer task: initialize from command line() 
core.pack.pack_rotamers: built 13920 rotamers at 983 positions.
core.pack.interaction_graph.interaction_graph_factory: Instantiating DensePDInteractionGraph
protocols.relax.FastRelax: CMD: repack  -1666.74  4.16094  4.16094  0.55
core.optimization.Minimizer: [ WARNING ] LBFGS MAX CYCLES 2000 EXCEEDED, BUT FUNC NOT CONVERGED!
protocols.relax.FastRelax: CMD: min  -1832.31  4.21864  4.21864  0.55
protocols.relax.FastRelax: MRP: 12  -1832.31  -2065.54  2.76767  2.76767  
protocols.relax.FastRelax: CMD: accept_to_best  -1832.31  4.21864  4.21864  0.55
protocols.relax.FastRelax: CMD: endrepeat  -1832.31  4.21864  4.21864  0.55
protocols.relax.FastRelax: CMD: coord_cst_weight  584772  4.21864  4.21864  0.55
protocols.relax.FastRelax: CMD: scale:fa_rep  584076  4.21864  4.21864  0.022
core.pack.task: Packer task: initialize from command line() 
core.pack.pack_rotamers: built 15653 rotamers at 983 positions.
core.pack.interaction_graph.interaction_graph_factory: Instantiating DensePDInteractionGraph
protocols.relax.FastRelax: CMD: repack  584004  4.21864  4.21864  0.022
protocols.relax.FastRelax: CMD: scale:fa_rep  584027  4.21864  4.21864  0.02805
core.optimization.Minimizer: [ WARNING ] LBFGS MAX CYCLES 2000 EXCEEDED, BUT FUNC NOT CONVERGED!
protocols.relax.FastRelax: CMD: min  2711.51  0.697438  0.697438  0.02805
protocols.relax.FastRelax: CMD: coord_cst_weight  940.619  0.697438  0.697438  0.02805
protocols.relax.FastRelax: CMD: scale:fa_rep  8458.21  0.697438  0.697438  0.14575
core.pack.task: Packer task: initialize from command line() 
core.pack.pack_rotamers: built 13755 rotamers at 983 positions.
core.pack.interaction_graph.interaction_graph_factory: Instantiating DensePDInteractionGraph
protocols.relax.FastRelax: CMD: repack  7056.71  0.697438  0.697438  0.14575
protocols.relax.FastRelax: CMD: scale:fa_rep  7496.89  0.697438  0.697438  0.154
core.optimization.LineMinimizer: Inaccurate G in step= 4.76837e-09 Deriv= -17890.9 Finite Diff= 7.90404e+09
core.optimization.LineMinimizer: Inaccurate G in step= 3.62123e-09 Deriv= -59184.1 Finite Diff= 1.04063e+10
core.optimization.LineMinimizer: Inaccurate G in step= 6.41926e-09 Deriv= -595475 Finite Diff= 5.86912e+09
core.optimization.LineMinimizer: Inaccurate G in step= 1.28551e-08 Deriv= -352235 Finite Diff= 2.93073e+09
core.optimization.Minimizer: Line search failed even after resetting Hessian; aborting at iter#912
protocols.relax.FastRelax: CMD: min  1014.8  0.803629  0.803629  0.154
protocols.relax.FastRelax: CMD: coord_cst_weight  -1375.47  0.803629  0.803629  0.154
protocols.relax.FastRelax: CMD: scale:fa_rep  -331.663  0.803629  0.803629  0.30745
core.pack.task: Packer task: initialize from command line() 
core.pack.pack_rotamers: built 13528 rotamers at 983 positions.
core.pack.interaction_graph.interaction_graph_factory: Instantiating DensePDInteractionGraph
protocols.relax.FastRelax: CMD: repack  -398.63  0.803629  0.803629  0.30745
protocols.relax.FastRelax: CMD: scale:fa_rep  -318.324  0.803629  0.803629  0.31955
core.optimization.Minimizer: [ WARNING ] LBFGS MAX CYCLES 2000 EXCEEDED, BUT FUNC NOT CONVERGED!
protocols.relax.FastRelax: CMD: min  -2088.02  4.66633  4.66633  0.31955
protocols.relax.FastRelax: CMD: coord_cst_weight  -2088.02  4.66633  4.66633  0.31955
protocols.relax.FastRelax: CMD: scale:fa_rep  -1645.29  4.66633  4.66633  0.55
core.pack.task: Packer task: initialize from command line() 
core.pack.pack_rotamers: built 13808 rotamers at 983 positions.
core.pack.interaction_graph.interaction_graph_factory: Instantiating DensePDInteractionGraph
protocols.relax.FastRelax: CMD: repack  -1673.94  4.66633  4.66633  0.55
protocols.relax.FastRelax: CMD: min  -1820.77  4.59213  4.59213  0.55
protocols.relax.FastRelax: MRP: 13  -1820.77  -2065.54  2.76767  2.76767  
protocols.relax.FastRelax: CMD: accept_to_best  -1820.77  4.59213  4.59213  0.55
protocols.relax.FastRelax: CMD: endrepeat  -1820.77  4.59213  4.59213  0.55
protocols.relax.FastRelax: CMD: coord_cst_weight  1.14775e+06  4.59213  4.59213  0.55
protocols.relax.FastRelax: CMD: scale:fa_rep  1.14704e+06  4.59213  4.59213  0.022
core.pack.task: Packer task: initialize from command line() 
core.pack.pack_rotamers: built 15532 rotamers at 983 positions.
core.pack.interaction_graph.interaction_graph_factory: Instantiating DensePDInteractionGraph
protocols.relax.FastRelax: CMD: repack  1.14697e+06  4.59213  4.59213  0.022
protocols.relax.FastRelax: CMD: scale:fa_rep  1.14699e+06  4.59213  4.59213  0.02805
core.optimization.Minimizer: [ WARNING ] LBFGS MAX CYCLES 2000 EXCEEDED, BUT FUNC NOT CONVERGED!
protocols.relax.FastRelax: CMD: min  5699.23  0.788092  0.788092  0.02805
protocols.relax.FastRelax: CMD: coord_cst_weight  3465.1  0.788092  0.788092  0.02805
protocols.relax.FastRelax: CMD: scale:fa_rep  19047.2  0.788092  0.788092  0.14575
core.pack.task: Packer task: initialize from command line() 
core.pack.pack_rotamers: built 13934 rotamers at 983 positions.
core.pack.interaction_graph.interaction_graph_factory: Instantiating DensePDInteractionGraph
protocols.relax.FastRelax: CMD: repack  14869.4  0.788092  0.788092  0.14575
protocols.relax.FastRelax: CMD: scale:fa_rep  15719.2  0.788092  0.788092  0.154
core.optimization.Minimizer: [ WARNING ] LBFGS MAX CYCLES 2000 EXCEEDED, BUT FUNC NOT CONVERGED!
protocols.relax.FastRelax: CMD: min  1345.46  0.846781  0.846781  0.154
protocols.relax.FastRelax: CMD: coord_cst_weight  -1240.89  0.846781  0.846781  0.154
protocols.relax.FastRelax: CMD: scale:fa_rep  -271.893  0.846781  0.846781  0.30745
core.pack.task: Packer task: initialize from command line() 
core.pack.pack_rotamers: built 13826 rotamers at 983 positions.
core.pack.interaction_graph.interaction_graph_factory: Instantiating DensePDInteractionGraph
protocols.relax.FastRelax: CMD: repack  -407.155  0.846781  0.846781  0.30745
protocols.relax.FastRelax: CMD: scale:fa_rep  -335.224  0.846781  0.846781  0.31955
core.optimization.Minimizer: [ WARNING ] LBFGS MAX CYCLES 2000 EXCEEDED, BUT FUNC NOT CONVERGED!
protocols.relax.FastRelax: CMD: min  -2005.17  4.51605  4.51605  0.31955
protocols.relax.FastRelax: CMD: coord_cst_weight  -2005.17  4.51605  4.51605  0.31955
protocols.relax.FastRelax: CMD: scale:fa_rep  -1562.02  4.51605  4.51605  0.55
core.pack.task: Packer task: initialize from command line() 
core.pack.pack_rotamers: built 13759 rotamers at 983 positions.
core.pack.interaction_graph.interaction_graph_factory: Instantiating DensePDInteractionGraph
protocols.relax.FastRelax: CMD: repack  -1616.32  4.51605  4.51605  0.55
protocols.relax.FastRelax: CMD: min  -1794.69  4.59462  4.59462  0.55
protocols.relax.FastRelax: MRP: 14  -1794.69  -2065.54  2.76767  2.76767  
protocols.relax.FastRelax: CMD: accept_to_best  -1794.69  4.59462  4.59462  0.55
protocols.relax.FastRelax: CMD: endrepeat  -1794.69  4.59462  4.59462  0.55
protocols::checkpoint: Deleting checkpoints of FastRelax
protocols.jd2.JobDistributor: PDE4D_dimer_prerelax_3_0001 reported success in 62804 seconds
protocols.jd2.JobDistributor: no more batches to process... 
protocols.jd2.JobDistributor: 1 jobs considered, 1 jobs attempted in 62804 seconds
basic.citation_manager.CitationManager: 
The following Rosetta modules were used during this run of Rosetta, and should be cited:

FastRelax Mover's citation(s):
*Tyka MD, *Keedy DA, André I, Dimaio F, Song Y, Richardson DC, Richardson JS, and Baker D.  (2011).  Alternate states of proteins revealed by detailed energy landscape mapping.  J Mol Biol 405(2):607-18.  doi: 10.1016/j.jmb.2010.11.008.  (*Co-primary authors.)

Khatib F, Cooper S, Tyka MD, Xu K, Makedon I, Popovic Z, Baker D, and Players F.  (2011).  Algorithm discovery by protein folding game players.  Proc Natl Acad Sci USA 108(47):18949-53.  doi: 10.1073/pnas.1115898108.

Maguire JB, Haddox HK, Strickland D, Halabiya SF, Coventry B, Griffin JR, Pulavarti SVSRK, Cummins M, Thieker DF, Klavins E, Szyperski T, DiMaio F, Baker D, and Kuhlman B.  (2021).  Perturbing the energy landscape for improved packing during computational protein design.  Proteins 89(4):436-449.  doi: 10.1002/prot.26030.


