#################################################################
# If you used AutoDock Vina in your work, please cite:          #
#                                                               #
# O. Trott, A. J. Olson,                                        #
# AutoDock Vina: improving the speed and accuracy of docking    #
# with a new scoring function, efficient optimization and       #
# multithreading, Journal of Computational Chemistry 31 (2010)  #
# 455-461                                                       #
#                                                               #
# DOI 10.1002/jcc.21334                                         #
#                                                               #
# Please see http://vina.scripps.edu for more information.      #
#################################################################

Reading input ... done.
Setting up the scoring function ... done.
Analyzing the binding site ... done.
Using random seed: 6295
Performing search ... done.
Refining results ... done.

mode |   affinity | dist from best mode
     | (kcal/mol) | rmsd l.b.| rmsd u.b.
-----+------------+----------+----------
   1        -22.2      0.000      0.000
   2        -22.2      0.015      1.208
   3        -22.2      3.520      5.423
   4        -21.8      3.742      7.229
   5        -21.8      3.796      5.668
   6        -21.6      0.723      1.715
   7        -21.2      3.857      7.280
   8        -21.0      3.268      4.913
   9        -20.7      3.765      7.147
Writing output ... done.
