#################################################################
# If you used AutoDock Vina in your work, please cite:          #
#                                                               #
# O. Trott, A. J. Olson,                                        #
# AutoDock Vina: improving the speed and accuracy of docking    #
# with a new scoring function, efficient optimization and       #
# multithreading, Journal of Computational Chemistry 31 (2010)  #
# 455-461                                                       #
#                                                               #
# DOI 10.1002/jcc.21334                                         #
#                                                               #
# Please see http://vina.scripps.edu for more information.      #
#################################################################

Reading input ... done.
Setting up the scoring function ... done.
Analyzing the binding site ... done.
Using random seed: 3555
Performing search ... done.
Refining results ... done.

mode |   affinity | dist from best mode
     | (kcal/mol) | rmsd l.b.| rmsd u.b.
-----+------------+----------+----------
   1        -21.3      0.000      0.000
   2        -21.2      1.056      1.265
   3        -21.2      1.157      1.527
   4        -21.2      1.503      1.942
   5        -20.2      2.940      4.312
   6        -19.9      2.625      5.865
   7        -19.7      2.712      6.217
   8        -19.7      2.688      6.453
   9        -19.5      2.696      4.657
Writing output ... done.
