#################################################################
# If you used AutoDock Vina in your work, please cite:          #
#                                                               #
# O. Trott, A. J. Olson,                                        #
# AutoDock Vina: improving the speed and accuracy of docking    #
# with a new scoring function, efficient optimization and       #
# multithreading, Journal of Computational Chemistry 31 (2010)  #
# 455-461                                                       #
#                                                               #
# DOI 10.1002/jcc.21334                                         #
#                                                               #
# Please see http://vina.scripps.edu for more information.      #
#################################################################

Reading input ... done.
Setting up the scoring function ... done.
Analyzing the binding site ... done.
Using random seed: 12711
Performing search ... done.
Refining results ... done.

mode |   affinity | dist from best mode
     | (kcal/mol) | rmsd l.b.| rmsd u.b.
-----+------------+----------+----------
   1        -21.3      0.000      0.000
   2        -21.2      1.037      1.252
   3        -20.5      1.499      1.849
   4        -20.4      2.914      4.256
   5        -19.9      2.622      5.874
   6        -19.8      2.663      6.368
   7        -19.8      2.719      6.190
   8        -19.4      2.616      3.954
   9        -19.0      2.907      5.833
Writing output ... done.
