#################################################################
# If you used AutoDock Vina in your work, please cite:          #
#                                                               #
# O. Trott, A. J. Olson,                                        #
# AutoDock Vina: improving the speed and accuracy of docking    #
# with a new scoring function, efficient optimization and       #
# multithreading, Journal of Computational Chemistry 31 (2010)  #
# 455-461                                                       #
#                                                               #
# DOI 10.1002/jcc.21334                                         #
#                                                               #
# Please see http://vina.scripps.edu for more information.      #
#################################################################

Reading input ... done.
Setting up the scoring function ... done.
Analyzing the binding site ... done.
Using random seed: 7505
Performing search ... done.
Refining results ... done.

mode |   affinity | dist from best mode
     | (kcal/mol) | rmsd l.b.| rmsd u.b.
-----+------------+----------+----------
   1        -19.1      0.000      0.000
   2        -18.9      0.629      1.932
   3        -18.8      2.533      6.931
   4        -18.5      2.495      7.063
   5        -18.1      2.822      6.120
   6        -17.9      3.519      6.676
   7        -17.8      2.820      4.312
   8        -17.8      2.943      6.835
   9        -17.7      3.346      5.951
Writing output ... done.
