#################################################################
# If you used AutoDock Vina in your work, please cite:          #
#                                                               #
# O. Trott, A. J. Olson,                                        #
# AutoDock Vina: improving the speed and accuracy of docking    #
# with a new scoring function, efficient optimization and       #
# multithreading, Journal of Computational Chemistry 31 (2010)  #
# 455-461                                                       #
#                                                               #
# DOI 10.1002/jcc.21334                                         #
#                                                               #
# Please see http://vina.scripps.edu for more information.      #
#################################################################

Reading input ... done.
Setting up the scoring function ... done.
Analyzing the binding site ... done.
Using random seed: 6282
Performing search ... done.
Refining results ... done.

mode |   affinity | dist from best mode
     | (kcal/mol) | rmsd l.b.| rmsd u.b.
-----+------------+----------+----------
   1        -18.2      0.000      0.000
   2        -18.1      1.101      2.141
   3        -17.5      1.782      2.001
   4        -17.1      1.691      2.504
   5        -17.0      1.626      1.947
   6        -16.9      1.423      2.312
   7        -16.8      1.644      2.121
   8        -16.4      2.831      5.620
   9        -16.3      1.839      2.741
Writing output ... done.
