#################################################################
# If you used AutoDock Vina in your work, please cite:          #
#                                                               #
# O. Trott, A. J. Olson,                                        #
# AutoDock Vina: improving the speed and accuracy of docking    #
# with a new scoring function, efficient optimization and       #
# multithreading, Journal of Computational Chemistry 31 (2010)  #
# 455-461                                                       #
#                                                               #
# DOI 10.1002/jcc.21334                                         #
#                                                               #
# Please see http://vina.scripps.edu for more information.      #
#################################################################

Reading input ... done.
Setting up the scoring function ... done.
Analyzing the binding site ... done.
Using random seed: 27387
Performing search ... done.
Refining results ... done.

mode |   affinity | dist from best mode
     | (kcal/mol) | rmsd l.b.| rmsd u.b.
-----+------------+----------+----------
   1        -18.2      0.000      0.000
   2        -18.1      1.106      2.142
   3        -17.6      1.764      1.964
   4        -17.2      1.703      2.522
   5        -17.1      3.574      5.939
   6        -16.9      1.623      2.443
   7        -16.9      1.659      1.963
   8        -16.8      1.646      2.126
   9        -16.5      1.541      2.267
Writing output ... done.
