#################################################################
# If you used AutoDock Vina in your work, please cite:          #
#                                                               #
# O. Trott, A. J. Olson,                                        #
# AutoDock Vina: improving the speed and accuracy of docking    #
# with a new scoring function, efficient optimization and       #
# multithreading, Journal of Computational Chemistry 31 (2010)  #
# 455-461                                                       #
#                                                               #
# DOI 10.1002/jcc.21334                                         #
#                                                               #
# Please see http://vina.scripps.edu for more information.      #
#################################################################

Reading input ... done.
Setting up the scoring function ... done.
Analyzing the binding site ... done.
Using random seed: 28259
Performing search ... done.
Refining results ... done.

mode |   affinity | dist from best mode
     | (kcal/mol) | rmsd l.b.| rmsd u.b.
-----+------------+----------+----------
   1        -18.2      0.000      0.000
   2        -18.1      1.115      2.148
   3        -17.5      1.789      1.997
   4        -17.0      3.627      5.985
   5        -16.9      1.630      2.449
   6        -16.9      1.414      2.270
   7        -16.8      1.641      2.122
   8        -16.7      1.645      2.428
   9        -16.7      2.744      5.587
Writing output ... done.
