#################################################################
# If you used AutoDock Vina in your work, please cite:          #
#                                                               #
# O. Trott, A. J. Olson,                                        #
# AutoDock Vina: improving the speed and accuracy of docking    #
# with a new scoring function, efficient optimization and       #
# multithreading, Journal of Computational Chemistry 31 (2010)  #
# 455-461                                                       #
#                                                               #
# DOI 10.1002/jcc.21334                                         #
#                                                               #
# Please see http://vina.scripps.edu for more information.      #
#################################################################

Reading input ... done.
Setting up the scoring function ... done.
Analyzing the binding site ... done.
Using random seed: 26630
Performing search ... done.
Refining results ... done.

mode |   affinity | dist from best mode
     | (kcal/mol) | rmsd l.b.| rmsd u.b.
-----+------------+----------+----------
   1         -3.1      0.000      0.000
   2         -3.1      1.510      1.906
   3         -3.1      1.515      1.718
   4         -3.1      0.262      1.635
   5         -2.9      1.535      1.602
   6         -2.7      2.728      3.042
   7         -2.6      2.699      2.740
   8         -2.6     12.311     12.620
   9         -2.6      4.172      4.320
Writing output ... done.
