#################################################################
# If you used AutoDock Vina in your work, please cite:          #
#                                                               #
# O. Trott, A. J. Olson,                                        #
# AutoDock Vina: improving the speed and accuracy of docking    #
# with a new scoring function, efficient optimization and       #
# multithreading, Journal of Computational Chemistry 31 (2010)  #
# 455-461                                                       #
#                                                               #
# DOI 10.1002/jcc.21334                                         #
#                                                               #
# Please see http://vina.scripps.edu for more information.      #
#################################################################

Reading input ... done.
Setting up the scoring function ... done.
Analyzing the binding site ... done.
Using random seed: 8120
Performing search ... done.
Refining results ... done.

mode |   affinity | dist from best mode
     | (kcal/mol) | rmsd l.b.| rmsd u.b.
-----+------------+----------+----------
   1         -3.2      0.000      0.000
   2         -3.2      0.034      1.618
   3         -3.1      1.456      1.684
   4         -3.1      1.418      1.903
   5         -2.9      1.838      2.067
   6         -2.9      1.459      1.674
   7         -2.7      2.510      3.080
   8         -2.6      2.621      2.865
   9         -2.6      2.680      2.902
Writing output ... done.
