#################################################################
# If you used AutoDock Vina in your work, please cite:          #
#                                                               #
# O. Trott, A. J. Olson,                                        #
# AutoDock Vina: improving the speed and accuracy of docking    #
# with a new scoring function, efficient optimization and       #
# multithreading, Journal of Computational Chemistry 31 (2010)  #
# 455-461                                                       #
#                                                               #
# DOI 10.1002/jcc.21334                                         #
#                                                               #
# Please see http://vina.scripps.edu for more information.      #
#################################################################

Reading input ... done.
Setting up the scoring function ... done.
Analyzing the binding site ... done.
Using random seed: 3674
Performing search ... done.
Refining results ... done.

mode |   affinity | dist from best mode
     | (kcal/mol) | rmsd l.b.| rmsd u.b.
-----+------------+----------+----------
   1        -11.2      0.000      0.000
   2        -10.6      1.326      1.698
   3        -10.5      1.348      1.699
   4        -10.4      2.733      3.771
   5        -10.2      1.596      2.189
   6        -10.0      2.066      2.864
   7         -9.5      2.952      3.931
   8         -9.5      1.420      1.783
   9         -9.1      3.473      4.388
Writing output ... done.
