#################################################################
# If you used AutoDock Vina in your work, please cite:          #
#                                                               #
# O. Trott, A. J. Olson,                                        #
# AutoDock Vina: improving the speed and accuracy of docking    #
# with a new scoring function, efficient optimization and       #
# multithreading, Journal of Computational Chemistry 31 (2010)  #
# 455-461                                                       #
#                                                               #
# DOI 10.1002/jcc.21334                                         #
#                                                               #
# Please see http://vina.scripps.edu for more information.      #
#################################################################

Reading input ... done.
Setting up the scoring function ... done.
Analyzing the binding site ... done.
Using random seed: 3813
Performing search ... done.
Refining results ... done.

mode |   affinity | dist from best mode
     | (kcal/mol) | rmsd l.b.| rmsd u.b.
-----+------------+----------+----------
   1        -21.1      0.000      0.000
   2        -21.0      1.164      1.397
   3        -20.7      2.468      3.978
   4        -20.5      2.952      4.654
   5        -19.7      1.801      2.640
   6        -19.6      2.801      6.547
   7        -19.6      2.800      6.267
   8        -19.6      2.638      6.287
   9        -19.6      2.881      6.650
Writing output ... done.
