#################################################################
# If you used AutoDock Vina in your work, please cite:          #
#                                                               #
# O. Trott, A. J. Olson,                                        #
# AutoDock Vina: improving the speed and accuracy of docking    #
# with a new scoring function, efficient optimization and       #
# multithreading, Journal of Computational Chemistry 31 (2010)  #
# 455-461                                                       #
#                                                               #
# DOI 10.1002/jcc.21334                                         #
#                                                               #
# Please see http://vina.scripps.edu for more information.      #
#################################################################

Reading input ... done.
Setting up the scoring function ... done.
Analyzing the binding site ... done.
Using random seed: 741
Performing search ... done.
Refining results ... done.

mode |   affinity | dist from best mode
     | (kcal/mol) | rmsd l.b.| rmsd u.b.
-----+------------+----------+----------
   1        -18.3      0.000      0.000
   2        -18.3      0.116      1.296
   3        -18.2      1.089      1.738
   4        -18.1      1.126      2.152
   5        -17.4      1.810      2.816
   6        -17.4      4.886      7.113
   7        -17.2      1.086      1.550
   8        -17.2      4.870      7.204
   9        -17.1      4.814      7.472
Writing output ... done.
