#################################################################
# If you used AutoDock Vina in your work, please cite:          #
#                                                               #
# O. Trott, A. J. Olson,                                        #
# AutoDock Vina: improving the speed and accuracy of docking    #
# with a new scoring function, efficient optimization and       #
# multithreading, Journal of Computational Chemistry 31 (2010)  #
# 455-461                                                       #
#                                                               #
# DOI 10.1002/jcc.21334                                         #
#                                                               #
# Please see http://vina.scripps.edu for more information.      #
#################################################################

Reading input ... done.
Setting up the scoring function ... done.
Analyzing the binding site ... done.
Using random seed: 23804
Performing search ... done.
Refining results ... done.

mode |   affinity | dist from best mode
     | (kcal/mol) | rmsd l.b.| rmsd u.b.
-----+------------+----------+----------
   1         -4.7      0.000      0.000
   2         -4.7      0.031      1.618
   3         -4.2      1.935      2.150
   4         -4.2      1.940      2.667
   5         -4.0      1.478      1.842
   6         -4.0      2.107      2.148
   7         -3.7      7.478      7.937
   8         -3.7      7.415      7.811
   9         -3.7      4.807      5.164
Writing output ... done.
