#################################################################
# If you used AutoDock Vina in your work, please cite:          #
#                                                               #
# O. Trott, A. J. Olson,                                        #
# AutoDock Vina: improving the speed and accuracy of docking    #
# with a new scoring function, efficient optimization and       #
# multithreading, Journal of Computational Chemistry 31 (2010)  #
# 455-461                                                       #
#                                                               #
# DOI 10.1002/jcc.21334                                         #
#                                                               #
# Please see http://vina.scripps.edu for more information.      #
#################################################################

Reading input ... done.
Setting up the scoring function ... done.
Analyzing the binding site ... done.
Using random seed: 12187
Performing search ... done.
Refining results ... done.

mode |   affinity | dist from best mode
     | (kcal/mol) | rmsd l.b.| rmsd u.b.
-----+------------+----------+----------
   1        -18.5      0.000      0.000
   2        -18.4      1.547      1.967
   3        -17.9      2.141      3.135
   4        -17.9      1.506      2.108
   5        -17.8      3.381      6.764
   6        -17.8      3.516      7.055
   7        -17.7      2.697      3.863
   8        -17.6      1.733      2.399
   9        -17.4      3.848      6.944
Writing output ... done.
