#################################################################
# If you used AutoDock Vina in your work, please cite:          #
#                                                               #
# O. Trott, A. J. Olson,                                        #
# AutoDock Vina: improving the speed and accuracy of docking    #
# with a new scoring function, efficient optimization and       #
# multithreading, Journal of Computational Chemistry 31 (2010)  #
# 455-461                                                       #
#                                                               #
# DOI 10.1002/jcc.21334                                         #
#                                                               #
# Please see http://vina.scripps.edu for more information.      #
#################################################################

Reading input ... done.
Setting up the scoring function ... done.
Analyzing the binding site ... done.
Using random seed: 5904
Performing search ... done.
Refining results ... done.

mode |   affinity | dist from best mode
     | (kcal/mol) | rmsd l.b.| rmsd u.b.
-----+------------+----------+----------
   1        -19.1      0.000      0.000
   2        -18.9      0.621      1.922
   3        -18.9      2.571      6.941
   4        -18.5      2.406      7.104
   5        -17.9      3.033      5.852
   6        -17.9      3.570      6.652
   7        -17.9      3.007      6.790
   8        -17.8      0.917      1.999
   9        -17.8      2.830      6.229
Writing output ... done.
