#################################################################
# If you used AutoDock Vina in your work, please cite:          #
#                                                               #
# O. Trott, A. J. Olson,                                        #
# AutoDock Vina: improving the speed and accuracy of docking    #
# with a new scoring function, efficient optimization and       #
# multithreading, Journal of Computational Chemistry 31 (2010)  #
# 455-461                                                       #
#                                                               #
# DOI 10.1002/jcc.21334                                         #
#                                                               #
# Please see http://vina.scripps.edu for more information.      #
#################################################################

Reading input ... done.
Setting up the scoring function ... done.
Analyzing the binding site ... done.
Using random seed: 863
Performing search ... done.
Refining results ... done.

mode |   affinity | dist from best mode
     | (kcal/mol) | rmsd l.b.| rmsd u.b.
-----+------------+----------+----------
   1        -19.4      0.000      0.000
   2        -18.6      2.026      5.583
   3        -18.6      0.841      1.850
   4        -18.5      1.039      2.138
   5        -18.0      1.761      5.616
   6        -18.0      2.584      3.708
   7        -17.9      2.435      3.613
   8        -17.8      1.657      2.716
   9        -17.7      2.477      5.083
Writing output ... done.
