#################################################################
# If you used AutoDock Vina in your work, please cite:          #
#                                                               #
# O. Trott, A. J. Olson,                                        #
# AutoDock Vina: improving the speed and accuracy of docking    #
# with a new scoring function, efficient optimization and       #
# multithreading, Journal of Computational Chemistry 31 (2010)  #
# 455-461                                                       #
#                                                               #
# DOI 10.1002/jcc.21334                                         #
#                                                               #
# Please see http://vina.scripps.edu for more information.      #
#################################################################

Reading input ... done.
Setting up the scoring function ... done.
Analyzing the binding site ... done.
Using random seed: 25444
Performing search ... done.
Refining results ... done.

mode |   affinity | dist from best mode
     | (kcal/mol) | rmsd l.b.| rmsd u.b.
-----+------------+----------+----------
   1        -19.4      0.000      0.000
   2        -18.6      2.009      5.596
   3        -18.6      0.828      1.853
   4        -18.5      1.013      2.131
   5        -18.0      1.747      5.623
   6        -18.0      2.580      3.695
   7        -17.8      2.365      3.519
   8        -17.7      2.477      5.068
   9        -17.6      2.777      4.732
Writing output ... done.
