#################################################################
# If you used AutoDock Vina in your work, please cite:          #
#                                                               #
# O. Trott, A. J. Olson,                                        #
# AutoDock Vina: improving the speed and accuracy of docking    #
# with a new scoring function, efficient optimization and       #
# multithreading, Journal of Computational Chemistry 31 (2010)  #
# 455-461                                                       #
#                                                               #
# DOI 10.1002/jcc.21334                                         #
#                                                               #
# Please see http://vina.scripps.edu for more information.      #
#################################################################

Reading input ... done.
Setting up the scoring function ... done.
Analyzing the binding site ... done.
Using random seed: 24052
Performing search ... done.
Refining results ... done.

mode |   affinity | dist from best mode
     | (kcal/mol) | rmsd l.b.| rmsd u.b.
-----+------------+----------+----------
   1        -22.2      0.000      0.000
   2        -22.2      3.501      5.428
   3        -21.8      3.769      7.244
   4        -21.8      3.782      7.251
   5        -21.8      3.799      5.682
   6        -21.6      0.714      1.710
   7        -21.6      0.712      2.090
   8        -21.3      3.865      7.280
   9        -21.2      3.264      4.938
Writing output ... done.
