#################################################################
# If you used AutoDock Vina in your work, please cite:          #
#                                                               #
# O. Trott, A. J. Olson,                                        #
# AutoDock Vina: improving the speed and accuracy of docking    #
# with a new scoring function, efficient optimization and       #
# multithreading, Journal of Computational Chemistry 31 (2010)  #
# 455-461                                                       #
#                                                               #
# DOI 10.1002/jcc.21334                                         #
#                                                               #
# Please see http://vina.scripps.edu for more information.      #
#################################################################

Reading input ... done.
Setting up the scoring function ... done.
Analyzing the binding site ... done.
Using random seed: 32620
Performing search ... done.
Refining results ... done.

mode |   affinity | dist from best mode
     | (kcal/mol) | rmsd l.b.| rmsd u.b.
-----+------------+----------+----------
   1         -2.9      0.000      0.000
   2         -2.9      0.045      1.618
   3         -2.8      1.236      2.074
   4         -2.7     15.904     16.434
   5         -2.7     15.948     16.543
   6         -2.7      3.316      3.670
   7         -2.6     15.803     16.408
   8         -2.6     15.812     16.403
   9         -2.5      2.835      3.248
Writing output ... done.
