#################################################################
# If you used AutoDock Vina in your work, please cite:          #
#                                                               #
# O. Trott, A. J. Olson,                                        #
# AutoDock Vina: improving the speed and accuracy of docking    #
# with a new scoring function, efficient optimization and       #
# multithreading, Journal of Computational Chemistry 31 (2010)  #
# 455-461                                                       #
#                                                               #
# DOI 10.1002/jcc.21334                                         #
#                                                               #
# Please see http://vina.scripps.edu for more information.      #
#################################################################

Reading input ... done.
Setting up the scoring function ... done.
Analyzing the binding site ... done.
Using random seed: 13612
Performing search ... done.
Refining results ... done.

mode |   affinity | dist from best mode
     | (kcal/mol) | rmsd l.b.| rmsd u.b.
-----+------------+----------+----------
   1        -18.5      0.000      0.000
   2        -18.5      0.055      1.396
   3        -18.2      2.209      5.351
   4        -18.2      2.215      5.518
   5        -17.3      1.010      1.515
   6        -17.2      1.643      5.387
   7        -16.9      2.909      5.527
   8        -16.8      1.289      5.784
   9        -16.7      2.963      4.062
Writing output ... done.
