#################################################################
# If you used AutoDock Vina in your work, please cite:          #
#                                                               #
# O. Trott, A. J. Olson,                                        #
# AutoDock Vina: improving the speed and accuracy of docking    #
# with a new scoring function, efficient optimization and       #
# multithreading, Journal of Computational Chemistry 31 (2010)  #
# 455-461                                                       #
#                                                               #
# DOI 10.1002/jcc.21334                                         #
#                                                               #
# Please see http://vina.scripps.edu for more information.      #
#################################################################

Reading input ... done.
Setting up the scoring function ... done.
Analyzing the binding site ... done.
Using random seed: 13671
Performing search ... done.
Refining results ... done.

mode |   affinity | dist from best mode
     | (kcal/mol) | rmsd l.b.| rmsd u.b.
-----+------------+----------+----------
   1        -21.3      0.000      0.000
   2        -20.9      1.149      1.385
   3        -20.9      0.999      1.396
   4        -20.5      2.482      3.978
   5        -20.4      2.965      4.679
   6        -20.4      1.521      1.871
   7        -19.9      1.697      2.550
   8        -19.7      2.858      6.620
   9        -19.7      2.810      6.273
Writing output ... done.
