#################################################################
# If you used AutoDock Vina in your work, please cite:          #
#                                                               #
# O. Trott, A. J. Olson,                                        #
# AutoDock Vina: improving the speed and accuracy of docking    #
# with a new scoring function, efficient optimization and       #
# multithreading, Journal of Computational Chemistry 31 (2010)  #
# 455-461                                                       #
#                                                               #
# DOI 10.1002/jcc.21334                                         #
#                                                               #
# Please see http://vina.scripps.edu for more information.      #
#################################################################

Reading input ... done.
Setting up the scoring function ... done.
Analyzing the binding site ... done.
Using random seed: 14935
Performing search ... done.
Refining results ... done.

mode |   affinity | dist from best mode
     | (kcal/mol) | rmsd l.b.| rmsd u.b.
-----+------------+----------+----------
   1        -18.8      0.000      0.000
   2        -18.8      1.969      2.581
   3        -18.6      3.008      6.850
   4        -18.4      1.606      2.176
   5        -18.2      1.356      2.199
   6        -18.2      1.538      2.019
   7        -18.0      2.480      2.947
   8        -17.9      2.303      2.972
   9        -17.8      3.190      4.018
Writing output ... done.
