#################################################################
# If you used AutoDock Vina in your work, please cite:          #
#                                                               #
# O. Trott, A. J. Olson,                                        #
# AutoDock Vina: improving the speed and accuracy of docking    #
# with a new scoring function, efficient optimization and       #
# multithreading, Journal of Computational Chemistry 31 (2010)  #
# 455-461                                                       #
#                                                               #
# DOI 10.1002/jcc.21334                                         #
#                                                               #
# Please see http://vina.scripps.edu for more information.      #
#################################################################

Reading input ... done.
Setting up the scoring function ... done.
Analyzing the binding site ... done.
Using random seed: 2051
Performing search ... done.
Refining results ... done.

mode |   affinity | dist from best mode
     | (kcal/mol) | rmsd l.b.| rmsd u.b.
-----+------------+----------+----------
   1        -19.3      0.000      0.000
   2        -19.2      1.825      2.505
   3        -19.1      2.328      6.025
   4        -18.9      2.182      3.850
   5        -18.9      1.826      2.592
   6        -18.8      1.719      3.065
   7        -18.5      1.496      2.009
   8        -18.5      1.518      2.094
   9        -18.4      2.007      6.116
Writing output ... done.
