#################################################################
# If you used AutoDock Vina in your work, please cite:          #
#                                                               #
# O. Trott, A. J. Olson,                                        #
# AutoDock Vina: improving the speed and accuracy of docking    #
# with a new scoring function, efficient optimization and       #
# multithreading, Journal of Computational Chemistry 31 (2010)  #
# 455-461                                                       #
#                                                               #
# DOI 10.1002/jcc.21334                                         #
#                                                               #
# Please see http://vina.scripps.edu for more information.      #
#################################################################

Reading input ... done.
Setting up the scoring function ... done.
Analyzing the binding site ... done.
Using random seed: 914
Performing search ... done.
Refining results ... done.

mode |   affinity | dist from best mode
     | (kcal/mol) | rmsd l.b.| rmsd u.b.
-----+------------+----------+----------
   1        -18.7      0.000      0.000
   2        -18.6      2.057      2.644
   3        -18.6      2.976      6.838
   4        -18.5      1.231      2.066
   5        -18.4      1.671      2.327
   6        -18.3      1.226      1.925
   7        -18.1      1.941      2.527
   8        -17.7      2.143      2.786
   9        -17.3      4.208      7.319
Writing output ... done.
