Command: /home/gbiuser/Downloads/maestro/mmshare-v7.5/bin/Linux-x86_64/../../python/scripts/prepwizard_driver.py proteinprep_9.maegz proteinprep_9-out.maegz -noepik -antibody_cdr_scheme Kabat -tcr_cdr_scheme IMGT -noprotassign -norefine -keepfarwat
Number of input structures: 1
Preparing structure: 2L7B
Pre-treating metals...
Done treating metals
Assigning bond orders...
  Using CCD: True
  Processing all residues
No CCD entry found or failed to read entry for HIE 
  No bond orders were changed
Fixing common structure mistakes...
  No mistakes were found
Adding missing inter-residues bonds...
Removing and re-adding hydrogens...
Treating metals...
Creating di-sulfur bonds...
Adding glycosylation bonds...
Converting Selenomethionines...
Idealizing hydrogen temperature factors...
Pre-processing has completed
Subjob completed successfully: proteinprep_9-001
Number of successful preparations: 1
Number of output structures: 1
DONE. Output file: proteinprep_9-out.maegz
