#################################################################
# If you used AutoDock Vina in your work, please cite:          #
#                                                               #
# O. Trott, A. J. Olson,                                        #
# AutoDock Vina: improving the speed and accuracy of docking    #
# with a new scoring function, efficient optimization and       #
# multithreading, Journal of Computational Chemistry 31 (2010)  #
# 455-461                                                       #
#                                                               #
# DOI 10.1002/jcc.21334                                         #
#                                                               #
# Please see http://vina.scripps.edu for more information.      #
#################################################################

Reading input ... done.
Setting up the scoring function ... done.
Analyzing the binding site ... done.
Using random seed: 3898
Performing search ... done.
Refining results ... done.

mode |   affinity | dist from best mode
     | (kcal/mol) | rmsd l.b.| rmsd u.b.
-----+------------+----------+----------
   1        -19.6      0.000      0.000
   2        -19.2      0.798      1.657
   3        -19.2      2.768      3.570
   4        -19.1      1.283      1.918
   5        -19.1      0.980      1.684
   6        -19.0      1.625      2.365
   7        -18.9      0.902      1.920
   8        -18.9      1.204      1.700
   9        -18.6      1.829      2.869
Writing output ... done.
