nohup: ignoring input
========================================
 AutoDock Vina
 Protein : PDE4D_catalytic
 Config   : config_pde4d_catalytic.txt
 Ligands  : 1 found | 0 done
 Progress : /home/gbiuser/Documents/vitoria/usp-masters/8-docking/results_docking/PDE4D_catalytic/log.out
 Output   : /home/gbiuser/Documents/vitoria/usp-masters/8-docking/results_docking/PDE4D_catalytic
========================================

>>> Running: cAMP (rep 1)
#################################################################
# If you used AutoDock Vina in your work, please cite:          #
#                                                               #
# O. Trott, A. J. Olson,                                        #
# AutoDock Vina: improving the speed and accuracy of docking    #
# with a new scoring function, efficient optimization and       #
# multithreading, Journal of Computational Chemistry 31 (2010)  #
# 455-461                                                       #
#                                                               #
# DOI 10.1002/jcc.21334                                         #
#                                                               #
# Please see http://vina.scripps.edu for more information.      #
#################################################################

Reading input ... done.
Setting up the scoring function ... done.
Analyzing the binding site ... done.
Using random seed: 28259
Performing search ... 
0%   10   20   30   40   50   60   70   80   90   100%
|----|----|----|----|----|----|----|----|----|----|
***************************************************
done.
Refining results ... done.

mode |   affinity | dist from best mode
     | (kcal/mol) | rmsd l.b.| rmsd u.b.
-----+------------+----------+----------
   1         -7.0      0.000      0.000
   2         -6.8      4.694      7.036
   3         -6.6      4.303      6.960
   4         -6.3      1.917      2.305
   5         -6.2      8.717     10.621
   6         -6.2      1.102      1.921
   7         -6.0      4.851      7.091
   8         -6.0      5.144      7.219
   9         -5.9      6.218      8.369
Writing output ... done.

>>> Running: cAMP (rep 2)
#################################################################
# If you used AutoDock Vina in your work, please cite:          #
#                                                               #
# O. Trott, A. J. Olson,                                        #
# AutoDock Vina: improving the speed and accuracy of docking    #
# with a new scoring function, efficient optimization and       #
# multithreading, Journal of Computational Chemistry 31 (2010)  #
# 455-461                                                       #
#                                                               #
# DOI 10.1002/jcc.21334                                         #
#                                                               #
# Please see http://vina.scripps.edu for more information.      #
#################################################################

Reading input ... done.
Setting up the scoring function ... done.
Analyzing the binding site ... done.
Using random seed: 30151
Performing search ... 
0%   10   20   30   40   50   60   70   80   90   100%
|----|----|----|----|----|----|----|----|----|----|
***************************************************
done.
Refining results ... done.

mode |   affinity | dist from best mode
     | (kcal/mol) | rmsd l.b.| rmsd u.b.
-----+------------+----------+----------
   1         -7.0      0.000      0.000
   2         -6.8      4.783      7.104
   3         -6.5      4.300      6.958
   4         -6.3      4.254      6.557
   5         -6.3      1.930      2.326
   6         -6.2      8.728     10.632
   7         -6.0      4.858      7.075
   8         -6.0      4.766      7.265
   9         -5.9      6.165      8.298
Writing output ... done.

>>> Running: cAMP (rep 3)
#################################################################
# If you used AutoDock Vina in your work, please cite:          #
#                                                               #
# O. Trott, A. J. Olson,                                        #
# AutoDock Vina: improving the speed and accuracy of docking    #
# with a new scoring function, efficient optimization and       #
# multithreading, Journal of Computational Chemistry 31 (2010)  #
# 455-461                                                       #
#                                                               #
# DOI 10.1002/jcc.21334                                         #
#                                                               #
# Please see http://vina.scripps.edu for more information.      #
#################################################################

Reading input ... done.
Setting up the scoring function ... done.
Analyzing the binding site ... done.
Using random seed: 29672
Performing search ... 
0%   10   20   30   40   50   60   70   80   90   100%
|----|----|----|----|----|----|----|----|----|----|
***************************************************
done.
Refining results ... done.

mode |   affinity | dist from best mode
     | (kcal/mol) | rmsd l.b.| rmsd u.b.
-----+------------+----------+----------
   1         -7.0      0.000      0.000
   2         -6.9      4.802      7.117
   3         -6.6      4.306      6.961
   4         -6.5      4.212      6.651
   5         -6.3      1.926      2.318
   6         -6.2      8.727     10.634
   7         -6.2      1.101      1.919
   8         -6.0      4.468      6.901
   9         -6.0      4.866      7.109
Writing output ... done.

========================================
 Done
   Success: 0
   Fail   : 0
   SKipped: 0
 Results in: /home/gbiuser/Documents/vitoria/usp-masters/8-docking/results_docking/PDE4D_catalytic
========================================
