nohup: ignoring input
========================================
 AutoDock Vina
 Protein : PDE4B_monomer
 Config   : config_pde4b_monomer.txt
 Ligands  : 1 found | 0 done
 Progress : /home/gbiuser/Documents/vitoria/usp-masters/8-docking/results_docking/PDE4B_monomer/log.out
 Output   : /home/gbiuser/Documents/vitoria/usp-masters/8-docking/results_docking/PDE4B_monomer
========================================

>>> Running: cAMP_ph (rep 1)
#################################################################
# If you used AutoDock Vina in your work, please cite:          #
#                                                               #
# O. Trott, A. J. Olson,                                        #
# AutoDock Vina: improving the speed and accuracy of docking    #
# with a new scoring function, efficient optimization and       #
# multithreading, Journal of Computational Chemistry 31 (2010)  #
# 455-461                                                       #
#                                                               #
# DOI 10.1002/jcc.21334                                         #
#                                                               #
# Please see http://vina.scripps.edu for more information.      #
#################################################################

Reading input ... done.
Setting up the scoring function ... done.
Analyzing the binding site ... done.
Using random seed: 32092
Performing search ... 
0%   10   20   30   40   50   60   70   80   90   100%
|----|----|----|----|----|----|----|----|----|----|
***************************************************
done.
Refining results ... done.

mode |   affinity | dist from best mode
     | (kcal/mol) | rmsd l.b.| rmsd u.b.
-----+------------+----------+----------
   1         -7.1      0.000      0.000
   2         -7.0      4.696      7.148
   3         -7.0      5.325      7.598
   4         -6.8      2.714      3.658
   5         -6.6      4.598      7.065
   6         -6.5      4.647      6.781
   7         -6.4      4.390      7.211
   8         -6.3      4.999      6.423
   9         -6.3      2.550      3.732
Writing output ... done.

>>> Running: cAMP_ph (rep 2)
#################################################################
# If you used AutoDock Vina in your work, please cite:          #
#                                                               #
# O. Trott, A. J. Olson,                                        #
# AutoDock Vina: improving the speed and accuracy of docking    #
# with a new scoring function, efficient optimization and       #
# multithreading, Journal of Computational Chemistry 31 (2010)  #
# 455-461                                                       #
#                                                               #
# DOI 10.1002/jcc.21334                                         #
#                                                               #
# Please see http://vina.scripps.edu for more information.      #
#################################################################

Reading input ... done.
Setting up the scoring function ... done.
Analyzing the binding site ... done.
Using random seed: 18030
Performing search ... 
0%   10   20   30   40   50   60   70   80   90   100%
|----|----|----|----|----|----|----|----|----|----|
***************************************************
done.
Refining results ... done.

mode |   affinity | dist from best mode
     | (kcal/mol) | rmsd l.b.| rmsd u.b.
-----+------------+----------+----------
   1         -7.1      0.000      0.000
   2         -7.0      4.703      7.156
   3         -6.9      5.312      7.589
   4         -6.8      2.712      3.659
   5         -6.6      4.598      7.068
   6         -6.5      4.651      6.784
   7         -6.4      2.529      3.643
   8         -6.4      4.976      6.399
   9         -6.3      5.581      7.112
Writing output ... done.

>>> Running: cAMP_ph (rep 3)
#################################################################
# If you used AutoDock Vina in your work, please cite:          #
#                                                               #
# O. Trott, A. J. Olson,                                        #
# AutoDock Vina: improving the speed and accuracy of docking    #
# with a new scoring function, efficient optimization and       #
# multithreading, Journal of Computational Chemistry 31 (2010)  #
# 455-461                                                       #
#                                                               #
# DOI 10.1002/jcc.21334                                         #
#                                                               #
# Please see http://vina.scripps.edu for more information.      #
#################################################################

Reading input ... done.
Setting up the scoring function ... done.
Analyzing the binding site ... done.
Using random seed: 16584
Performing search ... 
0%   10   20   30   40   50   60   70   80   90   100%
|----|----|----|----|----|----|----|----|----|----|
***************************************************
done.
Refining results ... done.

mode |   affinity | dist from best mode
     | (kcal/mol) | rmsd l.b.| rmsd u.b.
-----+------------+----------+----------
   1         -7.1      0.000      0.000
   2         -7.0      4.706      7.155
   3         -7.0      5.324      7.599
   4         -6.8      2.722      3.671
   5         -6.8      4.649      6.842
   6         -6.6      4.597      7.066
   7         -6.4      4.652      6.786
   8         -6.4      2.557      3.719
   9         -6.4      1.260      2.219
Writing output ... done.

========================================
 Done
   Success: 0
   Fail   : 0
   SKipped: 0
 Results in: /home/gbiuser/Documents/vitoria/usp-masters/8-docking/results_docking/PDE4B_monomer
========================================
