#################################################################
# If you used AutoDock Vina in your work, please cite:          #
#                                                               #
# O. Trott, A. J. Olson,                                        #
# AutoDock Vina: improving the speed and accuracy of docking    #
# with a new scoring function, efficient optimization and       #
# multithreading, Journal of Computational Chemistry 31 (2010)  #
# 455-461                                                       #
#                                                               #
# DOI 10.1002/jcc.21334                                         #
#                                                               #
# Please see http://vina.scripps.edu for more information.      #
#################################################################

Reading input ... done.
Setting up the scoring function ... done.
Analyzing the binding site ... done.
Using random seed: 27497
Performing search ... done.
Refining results ... done.

mode |   affinity | dist from best mode
     | (kcal/mol) | rmsd l.b.| rmsd u.b.
-----+------------+----------+----------
   1        -19.0      0.000      0.000
   2        -18.7      2.277      6.913
   3        -18.6      1.225      2.115
   4        -18.4      1.235      2.134
   5        -18.3      2.230      2.767
   6        -18.1      2.268      2.853
   7        -17.9      1.668      2.128
   8        -17.8      2.180      6.970
   9        -17.7      2.132      2.904
Writing output ... done.
